Archive member included to satisfy reference by file (symbol)

/opt/devkitPro/libctru/lib/libctru.a(console.o)
                              main.o (consoleInit)
/opt/devkitPro/libctru/lib/libctru.a(gfx.o)
                              /opt/devkitPro/libctru/lib/libctru.a(console.o) (gfxSetScreenFormat)
/opt/devkitPro/libctru/lib/libctru.a(gx.o)
                              /opt/devkitPro/libctru/lib/libctru.a(gfx.o) (gxCmdBuf)
/opt/devkitPro/libctru/lib/libctru.a(apt.o)
                              main.o (aptMainLoop)
/opt/devkitPro/libctru/lib/libctru.a(gspgpu.o)
                              /opt/devkitPro/libctru/lib/libctru.a(gfx.o) (gspInit)
/opt/devkitPro/libctru/lib/libctru.a(hid.o)
                              main.o (hidScanInput)
/opt/devkitPro/libctru/lib/libctru.a(irrst.o)
                              /opt/devkitPro/libctru/lib/libctru.a(hid.o) (irrstScanInput)
/opt/devkitPro/libctru/lib/libctru.a(initArgv.o)
                              /opt/devkitPro/devkitARM/bin/../lib/gcc/arm-none-eabi/5.3.0/../../../../arm-none-eabi/lib/armv6k/fpu/3dsx_crt0.o (__system_argc)
/opt/devkitPro/libctru/lib/libctru.a(initSystem.o)
                              /opt/devkitPro/libctru/lib/libctru.a(apt.o) (__system_retAddr)
/opt/devkitPro/libctru/lib/libctru.a(syscalls.o)
                              /opt/devkitPro/libctru/lib/libctru.a(initSystem.o) (__system_initSyscalls)
/opt/devkitPro/libctru/lib/libctru.a(svc.o)
                              /opt/devkitPro/libctru/lib/libctru.a(gfx.o) (svcCreateEvent)
/opt/devkitPro/libctru/lib/libctru.a(stack_adjust.o)
                              /opt/devkitPro/devkitARM/bin/../lib/gcc/arm-none-eabi/5.3.0/../../../../arm-none-eabi/lib/armv6k/fpu/3dsx_crt0.o (initSystem)
/opt/devkitPro/libctru/lib/libctru.a(default_font.bin.o)
                              /opt/devkitPro/libctru/lib/libctru.a(console.o) (default_font_bin)
/opt/devkitPro/libctru/lib/libctru.a(linear.o)
                              /opt/devkitPro/libctru/lib/libctru.a(gfx.o) (linearAlloc)
/opt/devkitPro/libctru/lib/libctru.a(mappable.o)
                              /opt/devkitPro/libctru/lib/libctru.a(gfx.o) (mappableAlloc)
/opt/devkitPro/libctru/lib/libctru.a(mem_pool.o)
                              /opt/devkitPro/libctru/lib/libctru.a(linear.o) (MemPool::Allocate(MemChunk&, unsigned long, int))
/opt/devkitPro/libctru/lib/libctru.a(vram.o)
                              /opt/devkitPro/libctru/lib/libctru.a(gfx.o) (vramAlloc)
/opt/devkitPro/libctru/lib/libctru.a(env.o)
                              /opt/devkitPro/libctru/lib/libctru.a(irrst.o) (envGetHandle)
/opt/devkitPro/libctru/lib/libctru.a(os.o)
                              /opt/devkitPro/libctru/lib/libctru.a(syscalls.o) (__libctru_gtod)
/opt/devkitPro/libctru/lib/libctru.a(srv.o)
                              /opt/devkitPro/libctru/lib/libctru.a(apt.o) (srvGetServiceHandle)
/opt/devkitPro/libctru/lib/libctru.a(synchronization.o)
                              /opt/devkitPro/libctru/lib/libctru.a(initSystem.o) (__sync_init)
/opt/devkitPro/libctru/lib/libctru.a(thread.o)
                              /opt/devkitPro/libctru/lib/libctru.a(apt.o) (threadCreate)
/opt/devkitPro/libctru/lib/libctru.a(ptmsysm.o)
                              /opt/devkitPro/libctru/lib/libctru.a(os.o) (ptmSysmInit)
/opt/devkitPro/libctru/lib/libctru.a(rbtree_find.o)
                              /opt/devkitPro/libctru/lib/libctru.a(linear.o) (rbtree_find)
/opt/devkitPro/libctru/lib/libctru.a(rbtree_init.o)
                              /opt/devkitPro/libctru/lib/libctru.a(linear.o) (rbtree_init)
/opt/devkitPro/libctru/lib/libctru.a(rbtree_insert.o)
                              /opt/devkitPro/libctru/lib/libctru.a(linear.o) (rbtree_insert)
/opt/devkitPro/libctru/lib/libctru.a(rbtree_remove.o)
                              /opt/devkitPro/libctru/lib/libctru.a(linear.o) (rbtree_remove)
/opt/devkitPro/libctru/lib/libctru.a(rbtree_rotate.o)
                              /opt/devkitPro/libctru/lib/libctru.a(rbtree_insert.o) (rbtree_rotate)
/opt/devkitPro/libctru/lib/libctru.a(allocateHeaps.o)
                              /opt/devkitPro/libctru/lib/libctru.a(initSystem.o) (__system_allocateHeaps)
/opt/devkitPro/libctru/lib/libctru.a(appExit.o)
                              /opt/devkitPro/libctru/lib/libctru.a(stack_adjust.o) (__appExit)
/opt/devkitPro/libctru/lib/libctru.a(appInit.o)
                              /opt/devkitPro/libctru/lib/libctru.a(stack_adjust.o) (__appInit)
/opt/devkitPro/libctru/lib/libctru.a(ctru_exit.o)
                              /opt/devkitPro/libctru/lib/libctru.a(stack_adjust.o) (__libctru_exit)
/opt/devkitPro/libctru/lib/libctru.a(sdmc_dev.o)
                              /opt/devkitPro/libctru/lib/libctru.a(appInit.o) (sdmcInit)
/opt/devkitPro/libctru/lib/libctru.a(fs.o)
                              /opt/devkitPro/libctru/lib/libctru.a(appInit.o) (fsInit)
/opt/devkitPro/libctru/lib/libctru.a(rbtree_iterator.o)
[...]
Memory Configuration

Name             Origin             Length             Attributes
*default*        0x0000000000000000 0xffffffffffffffff

Linker script and memory map

                0x0000000000100000                . = 0x100000
                0x0000000000100000                __start__ = .

.text           0x0000000000100000    0x27620
 *(.crt0)
 .crt0          0x0000000000100000       0x94 /opt/devkitPro/devkitARM/bin/../lib/gcc/arm-none-eabi/5.3.0/../../../../arm-none-eabi/lib/armv6k/fpu/3dsx_crt0.o
                0x0000000000100000                _start
                0x0000000000100008                __service_ptr
                0x000000000010000c                __apt_appid
                0x0000000000100010                __heap_size
                0x0000000000100014                __linear_heap_size
                0x0000000000100018                __system_arglist
                0x000000000010001c                __system_runflags
 *(.init)
 .init          0x0000000000100094        0xc /opt/devkitPro/devkitARM/bin/../lib/gcc/arm-none-eabi/5.3.0/armv6k/fpu/crti.o
                0x0000000000100094                _init
 .init          0x00000000001000a0        0xc /opt/devkitPro/devkitARM/bin/../lib/gcc/arm-none-eabi/5.3.0/armv6k/fpu/crtn.o
                0x00000000001000ac                . = ALIGN (0x4)
 *(.text)
 .text          0x00000000001000ac      0x108 /opt/devkitPro/devkitARM/bin/../lib/gcc/arm-none-eabi/5.3.0/armv6k/fpu/crtbegin.o
 .text          0x00000000001001b4       0x64 /opt/devkitPro/libctru/lib/libctru.a(stack_adjust.o)
                0x00000000001001b4                initSystem
                0x00000000001001f8                __ctru_exit
 .text          0x0000000000100218      0x240 /opt/devkitPro/devkitARM/bin/../lib/gcc/arm-none-eabi/5.3.0/armv6k/fpu/libgcc.a(_divsi3.o)
                0x0000000000100218                __aeabi_idiv
                0x0000000000100218                __divsi3
                0x0000000000100438                __aeabi_idivmod
 .text          0x0000000000100458        0x4 /opt/devkitPro/devkitARM/bin/../lib/gcc/arm-none-eabi/5.3.0/armv6k/fpu/libgcc.a(_dvmd_tls.o)
                0x0000000000100458                __aeabi_ldiv0
                0x0000000000100458                __aeabi_idiv0
 .text          0x000000000010045c       0x3c /opt/devkitPro/devkitARM/bin/../lib/gcc/arm-none-eabi/5.3.0/armv6k/fpu/libgcc.a(_aeabi_uldivmod.o)
                0x000000000010045c                __aeabi_uldivmod
 .text          0x0000000000100498      0x128 /opt/devkitPro/devkitARM/bin/../lib/gcc/arm-none-eabi/5.3.0/armv6k/fpu/libgcc.a(_udivmoddi4.o)
                0x0000000000100498                __udivmoddi4
 .text          0x00000000001005c0      0x3a0 /opt/devkitPro/devkitARM/bin/../lib/gcc/arm-none-eabi/5.3.0/../../../../arm-none-eabi/lib/armv6k/fpu/libg.a(lib_a-strcmp.o)
                0x00000000001005c8                strcmp
 .text          0x0000000000100960      0x1c4 /opt/devkitPro/devkitARM/bin/../lib/gcc/arm-none-eabi/5.3.0/../../../../arm-none-eabi/lib/armv6k/fpu/libsysbase.a(iosupport.o)
                0x0000000000100968                setDefaultDevice
                0x0000000000100980                FindDevice
                0x0000000000100a3c                RemoveDevice
                0x0000000000100a68                AddDevice
                0x0000000000100b00                GetDeviceOpTab
 .text          0x0000000000100b24       0x7c /opt/devkitPro/devkitARM/bin/../lib/gcc/arm-none-eabi/5.3.0/../../../../arm-none-eabi/lib/armv6k/fpu/libsysbase.a(close.o)
                0x0000000000100b24                _close_r
 .text          0x0000000000100ba0       0x6c /opt/devkitPro/devkitARM/bin/../lib/gcc/arm-none-eabi/5.3.0/../../../../arm-none-eabi/lib/armv6k/fpu/libsysbase.a(fstat.o)
                0x0000000000100ba0                _fstat_r
 .text          0x0000000000100c0c        0x8 /opt/devkitPro/devkitARM/bin/../lib/gcc/arm-none-eabi/5.3.0/../../../../arm-none-eabi/lib/armv6k/fpu/libsysbase.a(isatty.o)
                0x0000000000100c0c                _isatty_r
 .text          0x0000000000100c14       0x78 /opt/devkitPro/devkitARM/bin/../lib/gcc/arm-none-eabi/5.3.0/../../../../arm-none-eabi/lib/armv6k/fpu/libsysbase.a(lseek.o)
                0x0000000000100c14                _lseek_r
 .text          0x0000000000100c8c       0xc8 /opt/devkitPro/devkitARM/bin/../lib/gcc/arm-none-eabi/5.3.0/../../../../arm-none-eabi/lib/armv6k/fpu/libsysbase.a(open.o)
                0x0000000000100c8c                _open_r
 .text          0x0000000000100d54       0x78 /opt/devkitPro/devkitARM/bin/../lib/gcc/arm-none-eabi/5.3.0/../../../../arm-none-eabi/lib/armv6k/fpu/libsysbase.a(read.o)
                0x0000000000100d54                _read_r
 .text          0x0000000000100dcc       0x70 /opt/devkitPro/devkitARM/bin/../lib/gcc/arm-none-eabi/5.3.0/../../../../arm-none-eabi/lib/armv6k/fpu/libsysbase.a(sbrk.o)
                0x0000000000100dcc                _sbrk_r
 .text          0x0000000000100e3c       0x5c /opt/devkitPro/devkitARM/bin/../lib/gcc/arm-none-eabi/5.3.0/../../../../arm-none-eabi/lib/armv6k/fpu/libsysbase.a(unlink.o)
                0x0000000000100e3c                _unlink_r
 .text          0x0000000000100e98       0x78 /opt/devkitPro/devkitARM/bin/../lib/gcc/arm-none-eabi/5.3.0/../../../../arm-none-eabi/lib/armv6k/fpu/libsysbase.a(write.o)
                0x0000000000100e98                _write_r
 .text          0x0000000000100f10      0x3b0 /opt/devkitPro/devkitARM/bin/../lib/gcc/arm-none-eabi/5.3.0/../../../../arm-none-eabi/lib/armv6k/fpu/libsysbase.a(chdir.o)
                0x0000000000100f10                _concatenate_path
                0x00000000001010cc                chdir
                0x0000000000101220                getcwd
 .text          0x00000000001012c0       0x10 /opt/devkitPro/devkitARM/bin/../lib/gcc/arm-none-eabi/5.3.0/../../../../arm-none-eabi/lib/armv6k/fpu/libsysbase.a(flock.o)
                0x00000000001012c0                __flockfile
                0x00000000001012c8                __funlockfile
 .text          0x00000000001012d0      0x108 /opt/devkitPro/devkitARM/bin/../lib/gcc/arm-none-eabi/5.3.0/../../../../arm-none-eabi/lib/armv6k/fpu/libsysbase.a(syscall_support.o)
                0x00000000001012d0                __libc_lock_init
                0x00000000001012e8                __libc_lock_acquire
                0x0000000000101300                __libc_lock_try_acquire
                0x0000000000101324                __libc_lock_release
                0x000000000010133c                __libc_lock_close
                0x0000000000101354                __libc_lock_init_recursive
                0x000000000010136c                __libc_lock_acquire_recursive
                0x0000000000101384                __libc_lock_try_acquire_recursive
                0x00000000001013a8                __libc_lock_release_recursive
                0x00000000001013c0                __libc_lock_close_recursive
 .text          0x00000000001013d8      0x2c4 /opt/devkitPro/devkitARM/bin/../lib/gcc/arm-none-eabi/5.3.0/../../../../arm-none-eabi/lib/armv6k/fpu/libsysbase.a(handle_manager.o)
                0x00000000001013d8                __free_handle
                0x000000000010141c                __release_handle
                0x0000000000101458                __alloc_handle
                0x00000000001014d0                __get_handle
                0x00000000001014ec                dup
                0x0000000000101590                dup2
 .text          0x000000000010169c       0x28 /opt/devkitPro/devkitARM/bin/../lib/gcc/arm-none-eabi/5.3.0/../../../../arm-none-eabi/lib/armv6k/fpu/libsysbase.a(getreent.o)
                0x000000000010169c                __getreent
 .text          0x00000000001016c4      0x20c /opt/devkitPro/devkitARM/bin/../lib/gcc/arm-none-eabi/5.3.0/armv6k/fpu/libgcc.a(_udivsi3.o)
                0x00000000001016c4                __udivsi3
                0x00000000001016c4                __aeabi_uidiv
                0x00000000001018b0                __aeabi_uidivmod
 *(.text.*)
 .text.backupSave
                0x00000000001018d0       0x50 main.o
                0x00000000001018d0                backupSave
 .text.saveOpen
                0x0000000000101920       0x94 main.o
                0x0000000000101920                saveOpen
 .text.pokeSpecEdit
                0x00000000001019b4      0x158 main.o
                0x00000000001019b4                pokeSpecEdit
 .text.pokeSlow
                0x0000000000101b0c      0x19c main.o
                0x0000000000101b0c                pokeSlow
 .text.menuCreate
                0x0000000000101ca8       0x80 main.o
                0x0000000000101ca8                menuCreate
 .text.menu     0x0000000000101d28      0x438 main.o
                0x0000000000101d28                menu
 .text.errorCheck
                0x0000000000102160       0x44 main.o
                0x0000000000102160                errorCheck
 .text.startup.main
                0x00000000001021a4      0x19c main.o
                0x00000000001021a4                main
 .text.debug_write
                0x0000000000102340       0x1c /opt/devkitPro/libctru/lib/libctru.a(console.o)
                0x0000000000102340                debug_write
 .text.consoleDrawChar
                0x000000000010235c      0x1ac /opt/devkitPro/libctru/lib/libctru.a(console.o)
                0x000000000010235c                consoleDrawChar
 .text.consolePrintChar
                0x0000000000102508      0x128 /opt/devkitPro/libctru/lib/libctru.a(console.o)
                0x0000000000102508                consolePrintChar
 .text.consoleCls
                0x0000000000102630      0x184 /opt/devkitPro/libctru/lib/libctru.a(console.o)
 .text.consoleInit
                0x00000000001027b4       0xf8 /opt/devkitPro/libctru/lib/libctru.a(console.o)
                0x00000000001027b4                consoleInit
 .text.consoleClearLine
                0x00000000001028ac      0x138 /opt/devkitPro/libctru/lib/libctru.a(console.o)
 .text.newRow   0x00000000001029e4       0xc0 /opt/devkitPro/libctru/lib/libctru.a(console.o)
 .text.con_write
                0x0000000000102aa4      0x86c /opt/devkitPro/libctru/lib/libctru.a(console.o)
                0x0000000000102aa4                con_write
 .text.consoleClear
                0x0000000000103310        0xc /opt/devkitPro/libctru/lib/libctru.a(console.o)
                0x0000000000103310                consoleClear
 .text.gfxSetFramebufferInfo.part.0
                0x000000000010331c       0x8c /opt/devkitPro/libctru/lib/libctru.a(gfx.o)
 .text.gfxSetScreenFormat
                0x00000000001033a8       0x18 /opt/devkitPro/libctru/lib/libctru.a(gfx.o)
                0x00000000001033a8                gfxSetScreenFormat
 .text.gfxSetDoubleBuffering
                0x00000000001033c0       0x14 /opt/devkitPro/libctru/lib/libctru.a(gfx.o)
                0x00000000001033c0                gfxSetDoubleBuffering
 .text.gfxSetFramebufferInfo
                0x00000000001033d4       0x70 /opt/devkitPro/libctru/lib/libctru.a(gfx.o)
                0x00000000001033d4                gfxSetFramebufferInfo
 .text.gfxWriteFramebufferInfo
                0x0000000000103444       0x88 /opt/devkitPro/libctru/lib/libctru.a(gfx.o)
                0x0000000000103444                gfxWriteFramebufferInfo
 .text.gfxInit  0x00000000001034cc      0x1d0 /opt/devkitPro/libctru/lib/libctru.a(gfx.o)
                0x00000000001034cc                gfxInit
 .text.gfxInitDefault
                0x000000000010369c       0x10 /opt/devkitPro/libctru/lib/libctru.a(gfx.o)
                0x000000000010369c                gfxInitDefault
 .text.gfxExit  0x00000000001036ac       0xe0 /opt/devkitPro/libctru/lib/libctru.a(gfx.o)
                0x00000000001036ac                gfxExit
 .text.gfxGetFramebuffer
                0x000000000010378c       0xb0 /opt/devkitPro/libctru/lib/libctru.a(gfx.o)
                0x000000000010378c                gfxGetFramebuffer
 .text.gfxFlushBuffers
                0x000000000010383c       0xcc /opt/devkitPro/libctru/lib/libctru.a(gfx.o)
                0x000000000010383c                gfxFlushBuffers
 .text.gfxConfigScreen
                0x0000000000103908       0x70 /opt/devkitPro/libctru/lib/libctru.a(gfx.o)
                0x0000000000103908                gfxConfigScreen
 .text.gfxSwapBuffers
                0x0000000000103978       0x20 /opt/devkitPro/libctru/lib/libctru.a(gfx.o)
                0x0000000000103978                gfxSwapBuffers
 .text.gfxSwapBuffersGpu
                0x0000000000103998       0x20 /opt/devkitPro/libctru/lib/libctru.a(gfx.o)
                0x0000000000103998                gfxSwapBuffersGpu
 .text.__apt_initservicehandle
                0x00000000001039b8       0x68 /opt/devkitPro/libctru/lib/libctru.a(apt.o)
 .text._aptDebug
                0x0000000000103a20        0x4 /opt/devkitPro/libctru/lib/libctru.a(apt.o)
                0x0000000000103a20                _aptDebug
 .text.aptInitCaptureInfo
                0x0000000000103a24       0x98 /opt/devkitPro/libctru/lib/libctru.a(apt.o)
                0x0000000000103a24                aptInitCaptureInfo
 .text.aptWaitStatusEvent
                0x0000000000103abc       0x28 /opt/devkitPro/libctru/lib/libctru.a(apt.o)
                0x0000000000103abc                aptWaitStatusEvent
 .text.aptGetMenuAppID
                0x0000000000103ae4       0x60 /opt/devkitPro/libctru/lib/libctru.a(apt.o)
                0x0000000000103ae4                aptGetMenuAppID
 .text.aptSetStatus
                0x0000000000103b44       0x6c /opt/devkitPro/libctru/lib/libctru.a(apt.o)
                0x0000000000103b44                aptSetStatus
 .text.APT_GetLockHandle
                0x0000000000103bb0       0x48 /opt/devkitPro/libctru/lib/libctru.a(apt.o)
                0x0000000000103bb0                APT_GetLockHandle
 .text.APT_Initialize
                0x0000000000103bf8       0x60 /opt/devkitPro/libctru/lib/libctru.a(apt.o)
                0x0000000000103bf8                APT_Initialize
 .text.APT_Finalize
                0x0000000000103c58       0x34 /opt/devkitPro/libctru/lib/libctru.a(apt.o)
                0x0000000000103c58                APT_Finalize
 .text.APT_InquireNotification
                0x0000000000103c8c       0x48 /opt/devkitPro/libctru/lib/libctru.a(apt.o)
                0x0000000000103c8c                APT_InquireNotification
 .text.APT_PrepareToJumpToHomeMenu
                0x0000000000103cd4       0x2c /opt/devkitPro/libctru/lib/libctru.a(apt.o)
                0x0000000000103cd4                APT_PrepareToJumpToHomeMenu
 .text.APT_JumpToHomeMenu
                0x0000000000103d00       0x50 /opt/devkitPro/libctru/lib/libctru.a(apt.o)
                0x0000000000103d00                APT_JumpToHomeMenu
 .text.APT_PrepareToJumpToApplication
                0x0000000000103d50       0x34 /opt/devkitPro/libctru/lib/libctru.a(apt.o)
                0x0000000000103d50                APT_PrepareToJumpToApplication
 .text.APT_JumpToApplication
                0x0000000000103d84       0x50 /opt/devkitPro/libctru/lib/libctru.a(apt.o)
                0x0000000000103d84                APT_JumpToApplication
 .text.APT_NotifyToWait
                0x0000000000103dd4       0x34 /opt/devkitPro/libctru/lib/libctru.a(apt.o)
                0x0000000000103dd4                APT_NotifyToWait
 .text.APT_AppletUtility
                0x0000000000103e08       0x8c /opt/devkitPro/libctru/lib/libctru.a(apt.o)
                0x0000000000103e08                APT_AppletUtility
 .text.aptAppletUtility_Exit_RetToApp
                0x0000000000103e94      0x188 /opt/devkitPro/libctru/lib/libctru.a(apt.o)
                0x0000000000103e94                aptAppletUtility_Exit_RetToApp
 .text.aptAppletClosed
                0x000000000010401c       0x3c /opt/devkitPro/libctru/lib/libctru.a(apt.o)
                0x000000000010401c                aptAppletClosed
 .text.aptAppStarted
                0x0000000000104058      0x114 /opt/devkitPro/libctru/lib/libctru.a(apt.o)
 .text.aptInit  0x000000000010416c      0x298 /opt/devkitPro/libctru/lib/libctru.a(apt.o)
                0x000000000010416c                aptInit
 .text.APT_ReceiveParameter
                0x0000000000104404       0x6c /opt/devkitPro/libctru/lib/libctru.a(apt.o)
                0x0000000000104404                APT_ReceiveParameter
 .text.APT_SendParameter
                0x0000000000104470       0x64 /opt/devkitPro/libctru/lib/libctru.a(apt.o)
                0x0000000000104470                APT_SendParameter
 .text.APT_SendCaptureBufferInfo
                0x00000000001044d4       0x44 /opt/devkitPro/libctru/lib/libctru.a(apt.o)
                0x00000000001044d4                APT_SendCaptureBufferInfo
 .text.aptReturnToMenu
                0x0000000000104518      0x264 /opt/devkitPro/libctru/lib/libctru.a(apt.o)
                0x0000000000104518                aptReturnToMenu
 .text.APT_ReplySleepQuery
                0x000000000010477c       0x38 /opt/devkitPro/libctru/lib/libctru.a(apt.o)
                0x000000000010477c                APT_ReplySleepQuery
 .text.APT_ReplySleepNotificationComplete
                0x00000000001047b4       0x34 /opt/devkitPro/libctru/lib/libctru.a(apt.o)
                0x00000000001047b4                APT_ReplySleepNotificationComplete
 .text.aptEventHandler
                0x00000000001047e8      0x418 /opt/devkitPro/libctru/lib/libctru.a(apt.o)
                0x00000000001047e8                aptEventHandler
 .text.APT_PrepareToCloseApplication
                0x0000000000104c00       0x34 /opt/devkitPro/libctru/lib/libctru.a(apt.o)
                0x0000000000104c00                APT_PrepareToCloseApplication
 .text.APT_CloseApplication
                0x0000000000104c34       0x50 /opt/devkitPro/libctru/lib/libctru.a(apt.o)
                0x0000000000104c34                APT_CloseApplication
 .text.aptExit  0x0000000000104c84      0x2d0 /opt/devkitPro/libctru/lib/libctru.a(apt.o)
                0x0000000000104c84                aptExit
 .text.APT_CheckNew3DS_System
                0x0000000000104f54       0x6c /opt/devkitPro/libctru/lib/libctru.a(apt.o)
                0x0000000000104f54                APT_CheckNew3DS_System
 .text.APT_CheckNew3DS
                0x0000000000104fc0       0x8c /opt/devkitPro/libctru/lib/libctru.a(apt.o)
                0x0000000000104fc0                APT_CheckNew3DS
 .text.APT_StartLibraryApplet
                0x000000000010504c       0x54 /opt/devkitPro/libctru/lib/libctru.a(apt.o)
                0x000000000010504c                APT_StartLibraryApplet
 .text.aptAppletStarted
                0x00000000001050a0      0x174 /opt/devkitPro/libctru/lib/libctru.a(apt.o)
                0x00000000001050a0                aptAppletStarted
 .text.aptMainLoop
                0x0000000000105214      0x1a4 /opt/devkitPro/libctru/lib/libctru.a(apt.o)
                0x0000000000105214                aptMainLoop
 .text.gspEventThreadMain
                0x00000000001053b8      0x124 /opt/devkitPro/libctru/lib/libctru.a(gspgpu.o)
 .text.gspInit  0x00000000001054dc       0x74 /opt/devkitPro/libctru/lib/libctru.a(gspgpu.o)
                0x00000000001054dc                gspInit
 .text.gspExit  0x0000000000105550       0x3c /opt/devkitPro/libctru/lib/libctru.a(gspgpu.o)
                0x0000000000105550                gspExit
 .text.gspInitEventHandler
                0x000000000010558c       0xd0 /opt/devkitPro/libctru/lib/libctru.a(gspgpu.o)
                0x000000000010558c                gspInitEventHandler
 .text.gspExitEventHandler
                0x000000000010565c       0x5c /opt/devkitPro/libctru/lib/libctru.a(gspgpu.o)
                0x000000000010565c                gspExitEventHandler
 .text.gspWaitForEvent
                0x00000000001056b8       0x58 /opt/devkitPro/libctru/lib/libctru.a(gspgpu.o)
                0x00000000001056b8                gspWaitForEvent
 .text.GSPGPU_SetBufferSwap
                0x0000000000105710       0x6c /opt/devkitPro/libctru/lib/libctru.a(gspgpu.o)
                0x0000000000105710                GSPGPU_SetBufferSwap
 .text.GSPGPU_FlushDataCache
                0x000000000010577c       0x4c /opt/devkitPro/libctru/lib/libctru.a(gspgpu.o)
                0x000000000010577c                GSPGPU_FlushDataCache
 .text.GSPGPU_SetLcdForceBlack
                0x00000000001057c8       0x34 /opt/devkitPro/libctru/lib/libctru.a(gspgpu.o)
                0x00000000001057c8                GSPGPU_SetLcdForceBlack
 .text.GSPGPU_RegisterInterruptRelayQueue
                0x00000000001057fc       0x64 /opt/devkitPro/libctru/lib/libctru.a(gspgpu.o)
                0x00000000001057fc                GSPGPU_RegisterInterruptRelayQueue
 .text.GSPGPU_UnregisterInterruptRelayQueue
                0x0000000000105860       0x2c /opt/devkitPro/libctru/lib/libctru.a(gspgpu.o)
                0x0000000000105860                GSPGPU_UnregisterInterruptRelayQueue
 .text.GSPGPU_AcquireRight
                0x000000000010588c       0x48 /opt/devkitPro/libctru/lib/libctru.a(gspgpu.o)
                0x000000000010588c                GSPGPU_AcquireRight
 .text.GSPGPU_ReleaseRight
                0x00000000001058d4       0x2c /opt/devkitPro/libctru/lib/libctru.a(gspgpu.o)
                0x00000000001058d4                GSPGPU_ReleaseRight
 .text.GSPGPU_ImportDisplayCaptureInfo
                0x0000000000105900       0x80 /opt/devkitPro/libctru/lib/libctru.a(gspgpu.o)
                0x0000000000105900                GSPGPU_ImportDisplayCaptureInfo
 .text.GSPGPU_SaveVramSysArea
                0x0000000000105980       0x2c /opt/devkitPro/libctru/lib/libctru.a(gspgpu.o)
                0x0000000000105980                GSPGPU_SaveVramSysArea
 .text.GSPGPU_RestoreVramSysArea
                0x00000000001059ac       0x2c /opt/devkitPro/libctru/lib/libctru.a(gspgpu.o)
                0x00000000001059ac                GSPGPU_RestoreVramSysArea
 .text.hidExit  0x00000000001059d8       0xd8 /opt/devkitPro/libctru/lib/libctru.a(hid.o)
                0x00000000001059d8                hidExit
 .text.hidScanInput
                0x0000000000105ab0      0x238 /opt/devkitPro/libctru/lib/libctru.a(hid.o)
                0x0000000000105ab0                hidScanInput
 .text.hidKeysDown
                0x0000000000105ce8       0x10 /opt/devkitPro/libctru/lib/libctru.a(hid.o)
                0x0000000000105ce8                hidKeysDown
 .text.HIDUSER_GetHandles
                0x0000000000105cf8       0x90 /opt/devkitPro/libctru/lib/libctru.a(hid.o)
                0x0000000000105cf8                HIDUSER_GetHandles
 .text.hidInit  0x0000000000105d88      0x184 /opt/devkitPro/libctru/lib/libctru.a(hid.o)
                0x0000000000105d88                hidInit
 .text.irrstScanInput
                0x0000000000105f0c       0xb0 /opt/devkitPro/libctru/lib/libctru.a(irrst.o)
                0x0000000000105f0c                irrstScanInput
 .text.irrstKeysHeld
                0x0000000000105fbc       0x1c /opt/devkitPro/libctru/lib/libctru.a(irrst.o)
                0x0000000000105fbc                irrstKeysHeld
 .text.IRRST_GetHandles
                0x0000000000105fd8       0x50 /opt/devkitPro/libctru/lib/libctru.a(irrst.o)
                0x0000000000105fd8                IRRST_GetHandles
 .text.irrstInit
                0x0000000000106028      0x148 /opt/devkitPro/libctru/lib/libctru.a(irrst.o)
                0x0000000000106028                irrstInit
 .text.IRRST_Shutdown
                0x0000000000106170       0x2c /opt/devkitPro/libctru/lib/libctru.a(irrst.o)
                0x0000000000106170                IRRST_Shutdown
 .text.irrstExit
                0x000000000010619c       0xb0 /opt/devkitPro/libctru/lib/libctru.a(irrst.o)
                0x000000000010619c                irrstExit
 .text.__system_initArgv
                0x000000000010624c       0xf4 /opt/devkitPro/libctru/lib/libctru.a(initArgv.o)
                0x000000000010624c                __system_initArgv
 .text.__libctru_init
                0x0000000000106340       0x38 /opt/devkitPro/libctru/lib/libctru.a(initSystem.o)
                0x0000000000106340                __libctru_init
 .text.__ctru_get_reent
                0x0000000000106378       0x30 /opt/devkitPro/libctru/lib/libctru.a(syscalls.o)
 .text.__system_initSyscalls
                0x00000000001063a8       0xe8 /opt/devkitPro/libctru/lib/libctru.a(syscalls.o)
                0x00000000001063a8                __system_initSyscalls
 .text.svcControlMemory
                0x0000000000106490       0x20 /opt/devkitPro/libctru/lib/libctru.a(svc.o)
                0x0000000000106490                svcControlMemory
 .text.svcExitProcess
                0x00000000001064b0        0x8 /opt/devkitPro/libctru/lib/libctru.a(svc.o)
                0x00000000001064b0                svcExitProcess
 .text.svcCreateThread
                0x00000000001064b8       0x20 /opt/devkitPro/libctru/lib/libctru.a(svc.o)
                0x00000000001064b8                svcCreateThread
 .text.svcExitThread
                0x00000000001064d8        0x8 /opt/devkitPro/libctru/lib/libctru.a(svc.o)
                0x00000000001064d8                svcExitThread
 .text.svcCreateEvent
                0x00000000001064e0       0x14 /opt/devkitPro/libctru/lib/libctru.a(svc.o)
                0x00000000001064e0                svcCreateEvent
 .text.svcSignalEvent
                0x00000000001064f4        0x8 /opt/devkitPro/libctru/lib/libctru.a(svc.o)
                0x00000000001064f4                svcSignalEvent
 .text.svcClearEvent
                0x00000000001064fc        0x8 /opt/devkitPro/libctru/lib/libctru.a(svc.o)
                0x00000000001064fc                svcClearEvent
 .text.svcMapMemoryBlock
                0x0000000000106504        0x8 /opt/devkitPro/libctru/lib/libctru.a(svc.o)
                0x0000000000106504                svcMapMemoryBlock
 .text.svcUnmapMemoryBlock
                0x000000000010650c        0x8 /opt/devkitPro/libctru/lib/libctru.a(svc.o)
                0x000000000010650c                svcUnmapMemoryBlock
 .text.svcCreateAddressArbiter
                0x0000000000106514       0x14 /opt/devkitPro/libctru/lib/libctru.a(svc.o)
                0x0000000000106514                svcCreateAddressArbiter
 .text.svcArbitrateAddress
                0x0000000000106528       0x18 /opt/devkitPro/libctru/lib/libctru.a(svc.o)
                0x0000000000106528                svcArbitrateAddress
 .text.svcCloseHandle
                0x0000000000106540        0x8 /opt/devkitPro/libctru/lib/libctru.a(svc.o)
                0x0000000000106540                svcCloseHandle
 .text.svcWaitSynchronization
                0x0000000000106548        0x8 /opt/devkitPro/libctru/lib/libctru.a(svc.o)
                0x0000000000106548                svcWaitSynchronization
 .text.svcWaitSynchronizationN
                0x0000000000106550       0x28 /opt/devkitPro/libctru/lib/libctru.a(svc.o)
                0x0000000000106550                svcWaitSynchronizationN
 .text.svcDuplicateHandle
                0x0000000000106578       0x14 /opt/devkitPro/libctru/lib/libctru.a(svc.o)
                0x0000000000106578                svcDuplicateHandle
 .text.svcGetSystemTick
                0x000000000010658c        0x8 /opt/devkitPro/libctru/lib/libctru.a(svc.o)
                0x000000000010658c                svcGetSystemTick
 .text.svcGetSystemInfo
                0x0000000000106594       0x18 /opt/devkitPro/libctru/lib/libctru.a(svc.o)
                0x0000000000106594                svcGetSystemInfo
 .text.svcConnectToPort
                0x00000000001065ac       0x14 /opt/devkitPro/libctru/lib/libctru.a(svc.o)
                0x00000000001065ac                svcConnectToPort
 .text.svcSendSyncRequest
                0x00000000001065c0        0x8 /opt/devkitPro/libctru/lib/libctru.a(svc.o)
                0x00000000001065c0                svcSendSyncRequest
 .text.svcBreak
                0x00000000001065c8        0x8 /opt/devkitPro/libctru/lib/libctru.a(svc.o)
                0x00000000001065c8                svcBreak
 .text.svcOutputDebugString
                0x00000000001065d0        0x8 /opt/devkitPro/libctru/lib/libctru.a(svc.o)
                0x00000000001065d0                svcOutputDebugString
 .text._ZL21addrMapNodeComparatorPK11rbtree_nodeS1_
                0x00000000001065d8       0x24 /opt/devkitPro/libctru/lib/libctru.a(linear.o)
 .text._ZL21addrMapNodeDestructorP11rbtree_node
                0x00000000001065fc        0x4 /opt/devkitPro/libctru/lib/libctru.a(linear.o)
 .text.linearMemAlign
                0x0000000000106600      0x140 /opt/devkitPro/libctru/lib/libctru.a(linear.o)
                0x0000000000106600                linearMemAlign
 .text.linearAlloc
                0x0000000000106740        0x8 /opt/devkitPro/libctru/lib/libctru.a(linear.o)
                0x0000000000106740                linearAlloc
 .text.linearFree
                0x0000000000106748       0x50 /opt/devkitPro/libctru/lib/libctru.a(linear.o)
                0x0000000000106748                linearFree
 .text._ZL21addrMapNodeComparatorPK11rbtree_nodeS1_
                0x0000000000106798       0x24 /opt/devkitPro/libctru/lib/libctru.a(mappable.o)
 .text._ZL21addrMapNodeDestructorP11rbtree_node
                0x00000000001067bc        0x4 /opt/devkitPro/libctru/lib/libctru.a(mappable.o)
 .text.mappableAlloc
                0x00000000001067c0       0xf4 /opt/devkitPro/libctru/lib/libctru.a(mappable.o)
                0x00000000001067c0                mappableAlloc
 .text.mappableFree
                0x00000000001068b4       0x50 /opt/devkitPro/libctru/lib/libctru.a(mappable.o)
                0x00000000001068b4                mappableFree
 .text._ZN7MemPool13CoalesceRightEP8MemBlock
                0x0000000000106904       0xa0 /opt/devkitPro/libctru/lib/libctru.a(mem_pool.o)
                0x0000000000106904                MemPool::CoalesceRight(MemBlock*)
 .text._ZN7MemPool8AllocateER8MemChunkmi
                0x00000000001069a4      0x18c /opt/devkitPro/libctru/lib/libctru.a(mem_pool.o)
                0x00000000001069a4                MemPool::Allocate(MemChunk&, unsigned long, int)
 .text._ZN7MemPool10DeallocateERK8MemChunk
                0x0000000000106b30      0x104 /opt/devkitPro/libctru/lib/libctru.a(mem_pool.o)
                0x0000000000106b30                MemPool::Deallocate(MemChunk const&)
 .text._ZL21addrMapNodeComparatorPK11rbtree_nodeS1_
                0x0000000000106c34       0x24 /opt/devkitPro/libctru/lib/libctru.a(vram.o)
 .text._ZL21addrMapNodeDestructorP11rbtree_node
                0x0000000000106c58        0x4 /opt/devkitPro/libctru/lib/libctru.a(vram.o)
 .text.vramMemAlign
                0x0000000000106c5c      0x130 /opt/devkitPro/libctru/lib/libctru.a(vram.o)
                0x0000000000106c5c                vramMemAlign
 .text.vramAlloc
                0x0000000000106d8c        0x8 /opt/devkitPro/libctru/lib/libctru.a(vram.o)
                0x0000000000106d8c                vramAlloc
 .text.vramFree
                0x0000000000106d94       0x50 /opt/devkitPro/libctru/lib/libctru.a(vram.o)
                0x0000000000106d94                vramFree
 .text.envGetHandle
                0x0000000000106de4       0x94 /opt/devkitPro/libctru/lib/libctru.a(env.o)
                0x0000000000106de4                envGetHandle
 .text.envDestroyHandles
                0x0000000000106e78       0x4c /opt/devkitPro/libctru/lib/libctru.a(env.o)
                0x0000000000106e78                envDestroyHandles
 .text.getSysTime
                0x0000000000106ec4       0x58 /opt/devkitPro/libctru/lib/libctru.a(os.o)
 .text.osGetMemRegionUsed
                0x0000000000106f1c       0x24 /opt/devkitPro/libctru/lib/libctru.a(os.o)
                0x0000000000106f1c                osGetMemRegionUsed
 .text.__libctru_gtod
                0x0000000000106f40       0xf8 /opt/devkitPro/libctru/lib/libctru.a(os.o)
                0x0000000000106f40                __libctru_gtod
 .text.__ctru_speedup_config
                0x0000000000107038       0x34 /opt/devkitPro/libctru/lib/libctru.a(os.o)
                0x0000000000107038                __ctru_speedup_config
 .text.srvExit  0x000000000010706c       0x50 /opt/devkitPro/libctru/lib/libctru.a(srv.o)
                0x000000000010706c                srvExit
 .text.srvRegisterClient
                0x00000000001070bc       0x38 /opt/devkitPro/libctru/lib/libctru.a(srv.o)
                0x00000000001070bc                srvRegisterClient
 .text.srvInit  0x00000000001070f4       0x70 /opt/devkitPro/libctru/lib/libctru.a(srv.o)
                0x00000000001070f4                srvInit
 .text.srvGetServiceHandleDirect
                0x0000000000107164       0x68 /opt/devkitPro/libctru/lib/libctru.a(srv.o)
                0x0000000000107164                srvGetServiceHandleDirect
 .text.srvGetServiceHandle
                0x00000000001071cc       0x38 /opt/devkitPro/libctru/lib/libctru.a(srv.o)
                0x00000000001071cc                srvGetServiceHandle
 .text.LightLock_Unlock.part.1
                0x0000000000107204       0x34 /opt/devkitPro/libctru/lib/libctru.a(synchronization.o)
 .text.__sync_init
                0x0000000000107238        0xc /opt/devkitPro/libctru/lib/libctru.a(synchronization.o)
                0x0000000000107238                __sync_init
 .text.__sync_fini
                0x0000000000107244       0x18 /opt/devkitPro/libctru/lib/libctru.a(synchronization.o)
                0x0000000000107244                __sync_fini
 .text.LightLock_Init
                0x000000000010725c       0x18 /opt/devkitPro/libctru/lib/libctru.a(synchronization.o)
                0x000000000010725c                LightLock_Init
 .text.LightLock_Lock
                0x0000000000107274       0x94 /opt/devkitPro/libctru/lib/libctru.a(synchronization.o)
                0x0000000000107274                LightLock_Lock
 .text.LightLock_TryLock
                0x0000000000107308       0x34 /opt/devkitPro/libctru/lib/libctru.a(synchronization.o)
                0x0000000000107308                LightLock_TryLock
 .text.LightLock_Unlock
                0x000000000010733c       0x20 /opt/devkitPro/libctru/lib/libctru.a(synchronization.o)
                0x000000000010733c                LightLock_Unlock
 .text.RecursiveLock_Init
                0x000000000010735c       0x24 /opt/devkitPro/libctru/lib/libctru.a(synchronization.o)
                0x000000000010735c                RecursiveLock_Init
 .text.RecursiveLock_Lock
                0x0000000000107380       0x30 /opt/devkitPro/libctru/lib/libctru.a(synchronization.o)
                0x0000000000107380                RecursiveLock_Lock
 .text.RecursiveLock_TryLock
                0x00000000001073b0       0x58 /opt/devkitPro/libctru/lib/libctru.a(synchronization.o)
                0x00000000001073b0                RecursiveLock_TryLock
 .text.RecursiveLock_Unlock
                0x0000000000107408       0x38 /opt/devkitPro/libctru/lib/libctru.a(synchronization.o)
                0x0000000000107408                RecursiveLock_Unlock
 .text.threadCreate
                0x0000000000107440      0x1c8 /opt/devkitPro/libctru/lib/libctru.a(thread.o)
                0x0000000000107440                threadCreate
 .text.threadJoin
                0x0000000000107608       0x24 /opt/devkitPro/libctru/lib/libctru.a(thread.o)
                0x0000000000107608                threadJoin
 .text.threadExit
                0x000000000010762c       0x6c /opt/devkitPro/libctru/lib/libctru.a(thread.o)
                0x000000000010762c                threadExit
 .text._thread_begin
                0x0000000000107698       0x3c /opt/devkitPro/libctru/lib/libctru.a(thread.o)
 .text.ptmSysmInit
                0x00000000001076d4       0x70 /opt/devkitPro/libctru/lib/libctru.a(ptmsysm.o)
                0x00000000001076d4                ptmSysmInit
 .text.ptmSysmExit
                0x0000000000107744       0x34 /opt/devkitPro/libctru/lib/libctru.a(ptmsysm.o)
                0x0000000000107744                ptmSysmExit
 .text.PTMSYSM_ConfigureNew3DSCPU
                0x0000000000107778       0x34 /opt/devkitPro/libctru/lib/libctru.a(ptmsysm.o)
                0x0000000000107778                PTMSYSM_ConfigureNew3DSCPU
 .text.rbtree_find
                0x00000000001077ac       0x70 /opt/devkitPro/libctru/lib/libctru.a(rbtree_find.o)
                0x00000000001077ac                rbtree_find
 .text.rbtree_init
                0x000000000010781c       0x14 /opt/devkitPro/libctru/lib/libctru.a(rbtree_init.o)
                0x000000000010781c                rbtree_init
 .text.do_insert
                0x0000000000107830      0x1d4 /opt/devkitPro/libctru/lib/libctru.a(rbtree_insert.o)
 .text.rbtree_insert
                0x0000000000107a04        0x8 /opt/devkitPro/libctru/lib/libctru.a(rbtree_insert.o)
                0x0000000000107a04                rbtree_insert
 .text.rbtree_remove
                0x0000000000107a0c      0x35c /opt/devkitPro/libctru/lib/libctru.a(rbtree_remove.o)
                0x0000000000107a0c                rbtree_remove
 .text.rbtree_rotate
                0x0000000000107d68       0xac /opt/devkitPro/libctru/lib/libctru.a(rbtree_rotate.o)
                0x0000000000107d68                rbtree_rotate
 .text.osGetMemRegionSize
                0x0000000000107e14       0x58 /opt/devkitPro/libctru/lib/libctru.a(allocateHeaps.o)
 .text.__system_allocateHeaps
                0x0000000000107e6c      0x124 /opt/devkitPro/libctru/lib/libctru.a(allocateHeaps.o)
                0x0000000000107e6c                __system_allocateHeaps
 .text.__appExit
                0x0000000000107f90       0x1c /opt/devkitPro/libctru/lib/libctru.a(appExit.o)
                0x0000000000107f90                __appExit
 .text.__appInit
                0x0000000000107fac       0x1c /opt/devkitPro/libctru/lib/libctru.a(appInit.o)
                0x0000000000107fac                __appInit
 .text.__libctru_exit
                0x0000000000107fc8       0xa4 /opt/devkitPro/libctru/lib/libctru.a(ctru_exit.o)
                0x0000000000107fc8                __libctru_exit
 .text.sdmc_link
                0x000000000010806c       0x10 /opt/devkitPro/libctru/lib/libctru.a(sdmc_dev.o)
 .text.sdmc_dirreset
                0x000000000010807c       0x10 /opt/devkitPro/libctru/lib/libctru.a(sdmc_dev.o)
 .text.sdmc_chmod
                0x000000000010808c       0x10 /opt/devkitPro/libctru/lib/libctru.a(sdmc_dev.o)
 .text.sdmc_fchmod
                0x000000000010809c       0x10 /opt/devkitPro/libctru/lib/libctru.a(sdmc_dev.o)
 .text.error_cmp
                0x00000000001080ac       0x24 /opt/devkitPro/libctru/lib/libctru.a(sdmc_dev.o)
 .text.sdmc_translate_error
                0x00000000001080d0       0x50 /opt/devkitPro/libctru/lib/libctru.a(sdmc_dev.o)
 .text.sdmc_fsync
                0x0000000000108120       0x34 /opt/devkitPro/libctru/lib/libctru.a(sdmc_dev.o)
 .text.sdmc_ftruncate
                0x0000000000108154       0x54 /opt/devkitPro/libctru/lib/libctru.a(sdmc_dev.o)
 .text.sdmc_statvfs
                0x00000000001081a8       0xac /opt/devkitPro/libctru/lib/libctru.a(sdmc_dev.o)
 .text.sdmc_dirclose
                0x0000000000108254       0x38 /opt/devkitPro/libctru/lib/libctru.a(sdmc_dev.o)
 .text.sdmc_dirnext
                0x000000000010828c      0x13c /opt/devkitPro/libctru/lib/libctru.a(sdmc_dev.o)
 .text.sdmc_close
                0x00000000001083c8       0x34 /opt/devkitPro/libctru/lib/libctru.a(sdmc_dev.o)
 .text.sdmc_fstat
                0x00000000001083fc       0x74 /opt/devkitPro/libctru/lib/libctru.a(sdmc_dev.o)
 .text.sdmc_seek
                0x0000000000108470       0xc0 /opt/devkitPro/libctru/lib/libctru.a(sdmc_dev.o)
 .text.sdmc_read
                0x0000000000108530       0x8c /opt/devkitPro/libctru/lib/libctru.a(sdmc_dev.o)
 .text.sdmc_write_safe
                0x00000000001085bc      0x110 /opt/devkitPro/libctru/lib/libctru.a(sdmc_dev.o)
 .text.sdmc_utf16path
                0x00000000001086cc      0x1b4 /opt/devkitPro/libctru/lib/libctru.a(sdmc_dev.o)
 .text.sdmc_rmdir
                0x0000000000108880       0x74 /opt/devkitPro/libctru/lib/libctru.a(sdmc_dev.o)
 .text.sdmc_diropen
                0x00000000001088f4       0xa8 /opt/devkitPro/libctru/lib/libctru.a(sdmc_dev.o)
 .text.sdmc_chdir
                0x000000000010899c       0xa0 /opt/devkitPro/libctru/lib/libctru.a(sdmc_dev.o)
 .text.sdmc_mkdir
                0x0000000000108a3c       0x98 /opt/devkitPro/libctru/lib/libctru.a(sdmc_dev.o)
 .text.sdmc_rename
                0x0000000000108ad4      0x108 /opt/devkitPro/libctru/lib/libctru.a(sdmc_dev.o)
 .text.sdmc_unlink
                0x0000000000108bdc       0x74 /opt/devkitPro/libctru/lib/libctru.a(sdmc_dev.o)
 .text.sdmc_stat
                0x0000000000108c50      0x108 /opt/devkitPro/libctru/lib/libctru.a(sdmc_dev.o)
 .text.sdmc_open
                0x0000000000108d58      0x188 /opt/devkitPro/libctru/lib/libctru.a(sdmc_dev.o)
 .text.sdmcInit
                0x0000000000108ee0      0x15c /opt/devkitPro/libctru/lib/libctru.a(sdmc_dev.o)
                0x0000000000108ee0                sdmcInit
 .text.sdmcExit
                0x000000000010903c       0x54 /opt/devkitPro/libctru/lib/libctru.a(sdmc_dev.o)
                0x000000000010903c                sdmcExit
 .text.fsSessionForArchive.part.0
                0x0000000000109090       0x28 /opt/devkitPro/libctru/lib/libctru.a(fs.o)
 .text.fsInit   0x00000000001090b8       0xcc /opt/devkitPro/libctru/lib/libctru.a(fs.o)
                0x00000000001090b8                fsInit
 .text.fsExit   0x0000000000109184       0x38 /opt/devkitPro/libctru/lib/libctru.a(fs.o)
                0x0000000000109184                fsExit
 .text.fsExemptFromSession
                0x00000000001091bc       0x74 /opt/devkitPro/libctru/lib/libctru.a(fs.o)
                0x00000000001091bc                fsExemptFromSession
 .text.fsUnexemptFromSession
                0x0000000000109230       0x54 /opt/devkitPro/libctru/lib/libctru.a(fs.o)
                0x0000000000109230                fsUnexemptFromSession
 .text.FSUSER_OpenFile
                0x0000000000109284       0xbc /opt/devkitPro/libctru/lib/libctru.a(fs.o)
                0x0000000000109284                FSUSER_OpenFile
 .text.FSUSER_DeleteFile
                0x0000000000109340       0xa4 /opt/devkitPro/libctru/lib/libctru.a(fs.o)
                0x0000000000109340                FSUSER_DeleteFile
 .text.FSUSER_RenameFile
                0x00000000001093e4       0xe0 /opt/devkitPro/libctru/lib/libctru.a(fs.o)
                0x00000000001093e4                FSUSER_RenameFile
 .text.FSUSER_DeleteDirectory
                0x00000000001094c4       0xa4 /opt/devkitPro/libctru/lib/libctru.a(fs.o)
                0x00000000001094c4                FSUSER_DeleteDirectory
 .text.FSUSER_CreateFile
                0x0000000000109568       0xbc /opt/devkitPro/libctru/lib/libctru.a(fs.o)
                0x0000000000109568                FSUSER_CreateFile
 .text.FSUSER_CreateDirectory
                0x0000000000109624       0xac /opt/devkitPro/libctru/lib/libctru.a(fs.o)
                0x0000000000109624                FSUSER_CreateDirectory
 .text.FSUSER_RenameDirectory
                0x00000000001096d0       0xe0 /opt/devkitPro/libctru/lib/libctru.a(fs.o)
                0x00000000001096d0                FSUSER_RenameDirectory
 .text.FSUSER_OpenDirectory
                0x00000000001097b0       0xa4 /opt/devkitPro/libctru/lib/libctru.a(fs.o)
                0x00000000001097b0                FSUSER_OpenDirectory
 .text.FSUSER_OpenArchive
                0x0000000000109854       0x9c /opt/devkitPro/libctru/lib/libctru.a(fs.o)
                0x0000000000109854                FSUSER_OpenArchive
 .text.FSUSER_CloseArchive
                0x00000000001098f0       0x74 /opt/devkitPro/libctru/lib/libctru.a(fs.o)
                0x00000000001098f0                FSUSER_CloseArchive
 .text.FSUSER_GetSdmcArchiveResource
                0x0000000000109964       0x78 /opt/devkitPro/libctru/lib/libctru.a(fs.o)
                0x0000000000109964                FSUSER_GetSdmcArchiveResource
 .text.FSUSER_IsSdmcWritable
                0x00000000001099dc       0x64 /opt/devkitPro/libctru/lib/libctru.a(fs.o)
                0x00000000001099dc                FSUSER_IsSdmcWritable
 .text.FSFILE_Read
                0x0000000000109a40       0x5c /opt/devkitPro/libctru/lib/libctru.a(fs.o)
                0x0000000000109a40                FSFILE_Read
 .text.FSFILE_Write
                0x0000000000109a9c       0x64 /opt/devkitPro/libctru/lib/libctru.a(fs.o)
                0x0000000000109a9c                FSFILE_Write
 .text.FSFILE_GetSize
                0x0000000000109b00       0x3c /opt/devkitPro/libctru/lib/libctru.a(fs.o)
                0x0000000000109b00                FSFILE_GetSize
 .text.FSFILE_SetSize
                0x0000000000109b3c       0x2c /opt/devkitPro/libctru/lib/libctru.a(fs.o)
                0x0000000000109b3c                FSFILE_SetSize
 .text.FSFILE_Close
                0x0000000000109b68       0x3c /opt/devkitPro/libctru/lib/libctru.a(fs.o)
                0x0000000000109b68                FSFILE_Close
 .text.FSFILE_Flush
                0x0000000000109ba4       0x24 /opt/devkitPro/libctru/lib/libctru.a(fs.o)
                0x0000000000109ba4                FSFILE_Flush
 .text.FSDIR_Read
                0x0000000000109bc8       0x54 /opt/devkitPro/libctru/lib/libctru.a(fs.o)
                0x0000000000109bc8                FSDIR_Read
 .text.FSDIR_Close
                0x0000000000109c1c       0x3c /opt/devkitPro/libctru/lib/libctru.a(fs.o)
                0x0000000000109c1c                FSDIR_Close
 .text.rbtree_node_next
                0x0000000000109c58       0x8c /opt/devkitPro/libctru/lib/libctru.a(rbtree_iterator.o)
                0x0000000000109c58                rbtree_node_next
 .text.decode_utf8
                0x0000000000109ce4      0x138 /opt/devkitPro/libctru/lib/libctru.a(decode_utf8.o)
                0x0000000000109ce4                decode_utf8
 .text.utf16_to_utf8
                0x0000000000109e1c       0xe4 /opt/devkitPro/libctru/lib/libctru.a(utf16_to_utf8.o)
                0x0000000000109e1c                utf16_to_utf8
 .text.utf8_to_utf16
                0x0000000000109f00       0xbc /opt/devkitPro/libctru/lib/libctru.a(utf8_to_utf16.o)
                0x0000000000109f00                utf8_to_utf16
 .text.__aeabi_read_tp
                0x0000000000109fbc        0xc /opt/devkitPro/libctru/lib/libctru.a(readtp.o)
                0x0000000000109fbc                __aeabi_read_tp
 .text.decode_utf16
                0x0000000000109fc8       0x60 /opt/devkitPro/libctru/lib/libctru.a(decode_utf16.o)
                0x0000000000109fc8                decode_utf16
 .text.encode_utf16
                0x000000000010a028       0x68 /opt/devkitPro/libctru/lib/libctru.a(encode_utf16.o)
                0x000000000010a028                encode_utf16
 .text.encode_utf8
                0x000000000010a090      0x104 /opt/devkitPro/libctru/lib/libctru.a(encode_utf8.o)
                0x000000000010a090                encode_utf8
 .text.bsearch  0x000000000010a194       0x78 /opt/devkitPro/devkitARM/bin/../lib/gcc/arm-none-eabi/5.3.0/../../../../arm-none-eabi/lib/armv6k/fpu/libg.a(lib_a-bsearch.o)
                0x000000000010a194                bsearch
 .text.__errno  0x000000000010a20c        0xc /opt/devkitPro/devkitARM/bin/../lib/gcc/arm-none-eabi/5.3.0/../../../../arm-none-eabi/lib/armv6k/fpu/libg.a(lib_a-errno.o)
                0x000000000010a20c                __errno
 .text._fclose_r
                0x000000000010a218      0x120 /opt/devkitPro/devkitARM/bin/../lib/gcc/arm-none-eabi/5.3.0/../../../../arm-none-eabi/lib/armv6k/fpu/libg.a(lib_a-fclose.o)
                0x000000000010a218                _fclose_r
 .text.fclose   0x000000000010a338       0x18 /opt/devkitPro/devkitARM/bin/../lib/gcc/arm-none-eabi/5.3.0/../../../../arm-none-eabi/lib/armv6k/fpu/libg.a(lib_a-fclose.o)
                0x000000000010a338                fclose
 .text.__sflush_r
                0x000000000010a350      0x230 /opt/devkitPro/devkitARM/bin/../lib/gcc/arm-none-eabi/5.3.0/../../../../arm-none-eabi/lib/armv6k/fpu/libg.a(lib_a-fflush.o)
                0x000000000010a350                __sflush_r
 .text._fflush_r
                0x000000000010a580       0x90 /opt/devkitPro/devkitARM/bin/../lib/gcc/arm-none-eabi/5.3.0/../../../../arm-none-eabi/lib/armv6k/fpu/libg.a(lib_a-fflush.o)
                0x000000000010a580                _fflush_r
 .text.fflush   0x000000000010a610       0x38 /opt/devkitPro/devkitARM/bin/../lib/gcc/arm-none-eabi/5.3.0/../../../../arm-none-eabi/lib/armv6k/fpu/libg.a(lib_a-fflush.o)
                0x000000000010a610                fflush
 .text._cleanup_r
                0x000000000010a648        0xc /opt/devkitPro/devkitARM/bin/../lib/gcc/arm-none-eabi/5.3.0/../../../../arm-none-eabi/lib/armv6k/fpu/libg.a(lib_a-findfp.o)
                0x000000000010a648                _cleanup_r
 .text.std.isra.0
                0x000000000010a654       0x80 /opt/devkitPro/devkitARM/bin/../lib/gcc/arm-none-eabi/5.3.0/../../../../arm-none-eabi/lib/armv6k/fpu/libg.a(lib_a-findfp.o)
 .text.__sfmoreglue
                0x000000000010a6d4       0x48 /opt/devkitPro/devkitARM/bin/../lib/gcc/arm-none-eabi/5.3.0/../../../../arm-none-eabi/lib/armv6k/fpu/libg.a(lib_a-findfp.o)
                0x000000000010a6d4                __sfmoreglue
 .text.__sinit  0x000000000010a71c       0x8c /opt/devkitPro/devkitARM/bin/../lib/gcc/arm-none-eabi/5.3.0/../../../../arm-none-eabi/lib/armv6k/fpu/libg.a(lib_a-findfp.o)
                0x000000000010a71c                __sinit
 .text.__sfp    0x000000000010a7a8      0x11c /opt/devkitPro/devkitARM/bin/../lib/gcc/arm-none-eabi/5.3.0/../../../../arm-none-eabi/lib/armv6k/fpu/libg.a(lib_a-findfp.o)
                0x000000000010a7a8                __sfp
 .text.__sfp_lock_acquire
                0x000000000010a8c4        0xc /opt/devkitPro/devkitARM/bin/../lib/gcc/arm-none-eabi/5.3.0/../../../../arm-none-eabi/lib/armv6k/fpu/libg.a(lib_a-findfp.o)
                0x000000000010a8c4                __sfp_lock_acquire
 .text.__sfp_lock_release
                0x000000000010a8d0        0xc /opt/devkitPro/devkitARM/bin/../lib/gcc/arm-none-eabi/5.3.0/../../../../arm-none-eabi/lib/armv6k/fpu/libg.a(lib_a-findfp.o)
                0x000000000010a8d0                __sfp_lock_release
 .text.__libc_fini_array
                0x000000000010a8dc       0x3c /opt/devkitPro/devkitARM/bin/../lib/gcc/arm-none-eabi/5.3.0/../../../../arm-none-eabi/lib/armv6k/fpu/libg.a(lib_a-fini.o)
                0x000000000010a8dc                __libc_fini_array
 .text._fopen_r
                0x000000000010a918      0x13c /opt/devkitPro/devkitARM/bin/../lib/gcc/arm-none-eabi/5.3.0/../../../../arm-none-eabi/lib/armv6k/fpu/libg.a(lib_a-fopen.o)
                0x000000000010a918                _fopen_r
 .text.fopen    0x000000000010aa54       0x20 /opt/devkitPro/devkitARM/bin/../lib/gcc/arm-none-eabi/5.3.0/../../../../arm-none-eabi/lib/armv6k/fpu/libg.a(lib_a-fopen.o)
                0x000000000010aa54                fopen
 .text._fread_r
                0x000000000010aa74      0x2ec /opt/devkitPro/devkitARM/bin/../lib/gcc/arm-none-eabi/5.3.0/../../../../arm-none-eabi/lib/armv6k/fpu/libg.a(lib_a-fread.o)
                0x000000000010aa74                _fread_r
 .text.fread    0x000000000010ad60       0x38 /opt/devkitPro/devkitARM/bin/../lib/gcc/arm-none-eabi/5.3.0/../../../../arm-none-eabi/lib/armv6k/fpu/libg.a(lib_a-fread.o)
                0x000000000010ad60                fread
 .text._malloc_trim_r
                0x000000000010ad98       0xf8 /opt/devkitPro/devkitARM/bin/../lib/gcc/arm-none-eabi/5.3.0/../../../../arm-none-eabi/lib/armv6k/fpu/libg.a(lib_a-freer.o)
                0x000000000010ad98                _malloc_trim_r
 .text._free_r  0x000000000010ae90      0x2e4 /opt/devkitPro/devkitARM/bin/../lib/gcc/arm-none-eabi/5.3.0/../../../../arm-none-eabi/lib/armv6k/fpu/libg.a(lib_a-freer.o)
                0x000000000010ae90                _free_r
 .text._fseek_r
                0x000000000010b174        0x4 /opt/devkitPro/devkitARM/bin/../lib/gcc/arm-none-eabi/5.3.0/../../../../arm-none-eabi/lib/armv6k/fpu/libg.a(lib_a-fseek.o)
                0x000000000010b174                _fseek_r
 .text.fseek    0x000000000010b178       0x28 /opt/devkitPro/devkitARM/bin/../lib/gcc/arm-none-eabi/5.3.0/../../../../arm-none-eabi/lib/armv6k/fpu/libg.a(lib_a-fseek.o)
                0x000000000010b178                fseek
 .text._fseeko_r
                0x000000000010b1a0      0x4f8 /opt/devkitPro/devkitARM/bin/../lib/gcc/arm-none-eabi/5.3.0/../../../../arm-none-eabi/lib/armv6k/fpu/libg.a(lib_a-fseeko.o)
                0x000000000010b1a0                _fseeko_r
 .text._fwalk   0x000000000010b698       0x78 /opt/devkitPro/devkitARM/bin/../lib/gcc/arm-none-eabi/5.3.0/../../../../arm-none-eabi/lib/armv6k/fpu/libg.a(lib_a-fwalk.o)
                0x000000000010b698                _fwalk
 .text._fwalk_reent
                0x000000000010b710       0x80 /opt/devkitPro/devkitARM/bin/../lib/gcc/arm-none-eabi/5.3.0/../../../../arm-none-eabi/lib/armv6k/fpu/libg.a(lib_a-fwalk.o)
                0x000000000010b710                _fwalk_reent
 .text._fwrite_r
                0x000000000010b790      0x118 /opt/devkitPro/devkitARM/bin/../lib/gcc/arm-none-eabi/5.3.0/../../../../arm-none-eabi/lib/armv6k/fpu/libg.a(lib_a-fwrite.o)
                0x000000000010b790                _fwrite_r
 .text.fwrite   0x000000000010b8a8       0x38 /opt/devkitPro/devkitARM/bin/../lib/gcc/arm-none-eabi/5.3.0/../../../../arm-none-eabi/lib/armv6k/fpu/libg.a(lib_a-fwrite.o)
                0x000000000010b8a8                fwrite
 .text.__libc_init_array
                0x000000000010b8e0       0x78 /opt/devkitPro/devkitARM/bin/../lib/gcc/arm-none-eabi/5.3.0/../../../../arm-none-eabi/lib/armv6k/fpu/libg.a(lib_a-init.o)
                0x000000000010b8e0                __libc_init_array
 .text.iprintf  0x000000000010b958       0x38 /opt/devkitPro/devkitARM/bin/../lib/gcc/arm-none-eabi/5.3.0/../../../../arm-none-eabi/lib/armv6k/fpu/libg.a(lib_a-iprintf.o)
                0x000000000010b958                iprintf
 .text.__smakebuf_r
                0x000000000010b990      0x160 /opt/devkitPro/devkitARM/bin/../lib/gcc/arm-none-eabi/5.3.0/../../../../arm-none-eabi/lib/armv6k/fpu/libg.a(lib_a-makebuf.o)
                0x000000000010b990                __smakebuf_r
 .text.memalign
                0x000000000010baf0       0x20 /opt/devkitPro/devkitARM/bin/../lib/gcc/arm-none-eabi/5.3.0/../../../../arm-none-eabi/lib/armv6k/fpu/libg.a(lib_a-malign.o)
                0x000000000010baf0                memalign
 .text._memalign_r
                0x000000000010bb10      0x15c /opt/devkitPro/devkitARM/bin/../lib/gcc/arm-none-eabi/5.3.0/../../../../arm-none-eabi/lib/armv6k/fpu/libg.a(lib_a-malignr.o)
                0x000000000010bb10                _memalign_r
 .text.malloc   0x000000000010bc6c       0x18 /opt/devkitPro/devkitARM/bin/../lib/gcc/arm-none-eabi/5.3.0/../../../../arm-none-eabi/lib/armv6k/fpu/libg.a(lib_a-malloc.o)
                0x000000000010bc6c                malloc
 .text.free     0x000000000010bc84       0x18 /opt/devkitPro/devkitARM/bin/../lib/gcc/arm-none-eabi/5.3.0/../../../../arm-none-eabi/lib/armv6k/fpu/libg.a(lib_a-malloc.o)
                0x000000000010bc84                free
 .text._malloc_r
                0x000000000010bc9c      0x7a8 /opt/devkitPro/devkitARM/bin/../lib/gcc/arm-none-eabi/5.3.0/../../../../arm-none-eabi/lib/armv6k/fpu/libg.a(lib_a-mallocr.o)
                0x000000000010bc9c                _malloc_r
 .text.memcpy   0x000000000010c444       0xf0 /opt/devkitPro/devkitARM/bin/../lib/gcc/arm-none-eabi/5.3.0/../../../../arm-none-eabi/lib/armv6k/fpu/libg.a(lib_a-memcpy.o)
                0x000000000010c444                memcpy
 .text.memset   0x000000000010c534       0xf4 /opt/devkitPro/devkitARM/bin/../lib/gcc/arm-none-eabi/5.3.0/../../../../arm-none-eabi/lib/armv6k/fpu/libg.a(lib_a-memset.o)
                0x000000000010c534                memset
 .text.__malloc_lock
                0x000000000010c628        0xc /opt/devkitPro/devkitARM/bin/../lib/gcc/arm-none-eabi/5.3.0/../../../../arm-none-eabi/lib/armv6k/fpu/libg.a(lib_a-mlock.o)
                0x000000000010c628                __malloc_lock
 .text.__malloc_unlock
                0x000000000010c634        0xc /opt/devkitPro/devkitARM/bin/../lib/gcc/arm-none-eabi/5.3.0/../../../../arm-none-eabi/lib/armv6k/fpu/libg.a(lib_a-mlock.o)
                0x000000000010c634                __malloc_unlock
 .text.printf   0x000000000010c640       0x38 /opt/devkitPro/devkitARM/bin/../lib/gcc/arm-none-eabi/5.3.0/../../../../arm-none-eabi/lib/armv6k/fpu/libg.a(lib_a-printf.o)
                0x000000000010c640                printf
 .text._puts_r  0x000000000010c678       0xec /opt/devkitPro/devkitARM/bin/../lib/gcc/arm-none-eabi/5.3.0/../../../../arm-none-eabi/lib/armv6k/fpu/libg.a(lib_a-puts.o)
                0x000000000010c678                _puts_r
 .text.puts     0x000000000010c764       0x18 /opt/devkitPro/devkitARM/bin/../lib/gcc/arm-none-eabi/5.3.0/../../../../arm-none-eabi/lib/armv6k/fpu/libg.a(lib_a-puts.o)
                0x000000000010c764                puts
 .text.lflush   0x000000000010c77c       0x1c /opt/devkitPro/devkitARM/bin/../lib/gcc/arm-none-eabi/5.3.0/../../../../arm-none-eabi/lib/armv6k/fpu/libg.a(lib_a-refill.o)
 .text.__srefill_r
                0x000000000010c798      0x1d8 /opt/devkitPro/devkitARM/bin/../lib/gcc/arm-none-eabi/5.3.0/../../../../arm-none-eabi/lib/armv6k/fpu/libg.a(lib_a-refill.o)
                0x000000000010c798                __srefill_r
 .text.remove   0x000000000010c970       0x28 /opt/devkitPro/devkitARM/bin/../lib/gcc/arm-none-eabi/5.3.0/../../../../arm-none-eabi/lib/armv6k/fpu/libg.a(lib_a-remove.o)
                0x000000000010c970                remove
 .text.setvbuf  0x000000000010c998      0x1fc /opt/devkitPro/devkitARM/bin/../lib/gcc/arm-none-eabi/5.3.0/../../../../arm-none-eabi/lib/armv6k/fpu/libg.a(lib_a-setvbuf.o)
                0x000000000010c998                setvbuf
 .text.sscanf   0x000000000010cb94       0x74 /opt/devkitPro/devkitARM/bin/../lib/gcc/arm-none-eabi/5.3.0/../../../../arm-none-eabi/lib/armv6k/fpu/libg.a(lib_a-sscanf.o)
                0x000000000010cb94                sscanf
 .text.__sread  0x000000000010cc08       0x30 /opt/devkitPro/devkitARM/bin/../lib/gcc/arm-none-eabi/5.3.0/../../../../arm-none-eabi/lib/armv6k/fpu/libg.a(lib_a-stdio.o)
                0x000000000010cc08                __sread
 .text.__seofread
                0x000000000010cc38        0x8 /opt/devkitPro/devkitARM/bin/../lib/gcc/arm-none-eabi/5.3.0/../../../../arm-none-eabi/lib/armv6k/fpu/libg.a(lib_a-stdio.o)
                0x000000000010cc38                __seofread
 .text.__swrite
                0x000000000010cc40       0x54 /opt/devkitPro/devkitARM/bin/../lib/gcc/arm-none-eabi/5.3.0/../../../../arm-none-eabi/lib/armv6k/fpu/libg.a(lib_a-stdio.o)
                0x000000000010cc40                __swrite
 .text.__sseek  0x000000000010cc94       0x2c /opt/devkitPro/devkitARM/bin/../lib/gcc/arm-none-eabi/5.3.0/../../../../arm-none-eabi/lib/armv6k/fpu/libg.a(lib_a-stdio.o)
                0x000000000010cc94                __sseek
 .text.__sclose
                0x000000000010ccc0        0x8 /opt/devkitPro/devkitARM/bin/../lib/gcc/arm-none-eabi/5.3.0/../../../../arm-none-eabi/lib/armv6k/fpu/libg.a(lib_a-stdio.o)
                0x000000000010ccc0                __sclose
 .text.strchr   0x000000000010ccc8      0x15c /opt/devkitPro/devkitARM/bin/../lib/gcc/arm-none-eabi/5.3.0/../../../../arm-none-eabi/lib/armv6k/fpu/libg.a(lib_a-strchr.o)
                0x000000000010ccc8                strchr
 .text.strlen   0x000000000010ce24       0x5c /opt/devkitPro/devkitARM/bin/../lib/gcc/arm-none-eabi/5.3.0/../../../../arm-none-eabi/lib/armv6k/fpu/libg.a(lib_a-strlen.o)
                0x000000000010ce24                strlen
 .text.strncat  0x000000000010ce80       0xa4 /opt/devkitPro/devkitARM/bin/../lib/gcc/arm-none-eabi/5.3.0/../../../../arm-none-eabi/lib/armv6k/fpu/libg.a(lib_a-strncat.o)
                0x000000000010ce80                strncat
 .text.strncpy  0x000000000010cf24       0xe0 /opt/devkitPro/devkitARM/bin/../lib/gcc/arm-none-eabi/5.3.0/../../../../arm-none-eabi/lib/armv6k/fpu/libg.a(lib_a-strncpy.o)
                0x000000000010cf24                strncpy
 .text.__ssvfscanf_r
                0x000000000010d004     0x2c20 /opt/devkitPro/devkitARM/bin/../lib/gcc/arm-none-eabi/5.3.0/../../../../arm-none-eabi/lib/armv6k/fpu/libg.a(lib_a-svfscanf.o)
                0x000000000010d004                __ssvfscanf_r
 .text.unlink   0x000000000010fc24       0x18 /opt/devkitPro/devkitARM/bin/../lib/gcc/arm-none-eabi/5.3.0/../../../../arm-none-eabi/lib/armv6k/fpu/libg.a(lib_a-sysunlink.o)
                0x000000000010fc24                unlink
 .text.get_arg  0x000000000010fc3c     0x161c /opt/devkitPro/devkitARM/bin/../lib/gcc/arm-none-eabi/5.3.0/../../../../arm-none-eabi/lib/armv6k/fpu/libg.a(lib_a-vfiprintf.o)
 .text.__sprint_r.part.0
                0x0000000000111258       0xa4 /opt/devkitPro/devkitARM/bin/../lib/gcc/arm-none-eabi/5.3.0/../../../../arm-none-eabi/lib/armv6k/fpu/libg.a(lib_a-vfiprintf.o)
 .text.__sprint_r
                0x00000000001112fc       0x1c /opt/devkitPro/devkitARM/bin/../lib/gcc/arm-none-eabi/5.3.0/../../../../arm-none-eabi/lib/armv6k/fpu/libg.a(lib_a-vfiprintf.o)
                0x00000000001112fc                __sprint_r
 .text._vfiprintf_r
                0x0000000000111318     0x3464 /opt/devkitPro/devkitARM/bin/../lib/gcc/arm-none-eabi/5.3.0/../../../../arm-none-eabi/lib/armv6k/fpu/libg.a(lib_a-vfiprintf.o)
                0x0000000000111318                _vfiprintf_r
 .text.__sbprintf
                0x000000000011477c       0xcc /opt/devkitPro/devkitARM/bin/../lib/gcc/arm-none-eabi/5.3.0/../../../../arm-none-eabi/lib/armv6k/fpu/libg.a(lib_a-vfiprintf.o)
 .text.get_arg  0x0000000000114848     0x161c /opt/devkitPro/devkitARM/bin/../lib/gcc/arm-none-eabi/5.3.0/../../../../arm-none-eabi/lib/armv6k/fpu/libg.a(lib_a-vfprintf.o)
 *fill*         0x0000000000115e64        0x4 
 .text._vfprintf_r
                0x0000000000115e68     0x4878 /opt/devkitPro/devkitARM/bin/../lib/gcc/arm-none-eabi/5.3.0/../../../../arm-none-eabi/lib/armv6k/fpu/libg.a(lib_a-vfprintf.o)
                0x0000000000115e68                _vfprintf_r
 .text.__sbprintf
                0x000000000011a6e0       0xcc /opt/devkitPro/devkitARM/bin/../lib/gcc/arm-none-eabi/5.3.0/../../../../arm-none-eabi/lib/armv6k/fpu/libg.a(lib_a-vfprintf.o)
 .text._wcrtomb_r
                0x000000000011a7ac       0x8c /opt/devkitPro/devkitARM/bin/../lib/gcc/arm-none-eabi/5.3.0/../../../../arm-none-eabi/lib/armv6k/fpu/libg.a(lib_a-wcrtomb.o)
                0x000000000011a7ac                _wcrtomb_r
 .text._wcsrtombs_r
                0x000000000011a838       0x20 /opt/devkitPro/devkitARM/bin/../lib/gcc/arm-none-eabi/5.3.0/../../../../arm-none-eabi/lib/armv6k/fpu/libg.a(lib_a-wcsrtombs.o)
                0x000000000011a838                _wcsrtombs_r
 .text.__utf8_wctomb
                0x000000000011a858      0x114 /opt/devkitPro/devkitARM/bin/../lib/gcc/arm-none-eabi/5.3.0/../../../../arm-none-eabi/lib/armv6k/fpu/libg.a(lib_a-wctomb_r.o)
                0x000000000011a858                __utf8_wctomb
 .text.__swsetup_r
                0x000000000011a96c      0x148 /opt/devkitPro/devkitARM/bin/../lib/gcc/arm-none-eabi/5.3.0/../../../../arm-none-eabi/lib/armv6k/fpu/libg.a(lib_a-wsetup.o)
                0x000000000011a96c                __swsetup_r
 .text.quorem   0x000000000011aab4      0x1bc /opt/devkitPro/devkitARM/bin/../lib/gcc/arm-none-eabi/5.3.0/../../../../arm-none-eabi/lib/armv6k/fpu/libg.a(lib_a-dtoa.o)
 .text._dtoa_r  0x000000000011ac70     0x12c8 /opt/devkitPro/devkitARM/bin/../lib/gcc/arm-none-eabi/5.3.0/../../../../arm-none-eabi/lib/armv6k/fpu/libg.a(lib_a-dtoa.o)
                0x000000000011ac70                _dtoa_r
 .text.__sflags
                0x000000000011bf38       0xb0 /opt/devkitPro/devkitARM/bin/../lib/gcc/arm-none-eabi/5.3.0/../../../../arm-none-eabi/lib/armv6k/fpu/libg.a(lib_a-flags.o)
                0x000000000011bf38                __sflags
 .text.__fputwc
                0x000000000011bfe8      0x124 /opt/devkitPro/devkitARM/bin/../lib/gcc/arm-none-eabi/5.3.0/../../../../arm-none-eabi/lib/armv6k/fpu/libg.a(lib_a-fputwc.o)
                0x000000000011bfe8                __fputwc
 .text._fputwc_r
                0x000000000011c10c       0xa8 /opt/devkitPro/devkitARM/bin/../lib/gcc/arm-none-eabi/5.3.0/../../../../arm-none-eabi/lib/armv6k/fpu/libg.a(lib_a-fputwc.o)
                0x000000000011c10c                _fputwc_r
 .text.__sfvwrite_r
                0x000000000011c1b4      0x4a4 /opt/devkitPro/devkitARM/bin/../lib/gcc/arm-none-eabi/5.3.0/../../../../arm-none-eabi/lib/armv6k/fpu/libg.a(lib_a-fvwrite.o)
                0x000000000011c1b4                __sfvwrite_r
 .text.iswspace
                0x000000000011c658       0x74 /opt/devkitPro/devkitARM/bin/../lib/gcc/arm-none-eabi/5.3.0/../../../../arm-none-eabi/lib/armv6k/fpu/libg.a(lib_a-iswspace.o)
                0x000000000011c658                iswspace
 .text.__jp2uc  0x000000000011c6cc      0x204 /opt/devkitPro/devkitARM/bin/../lib/gcc/arm-none-eabi/5.3.0/../../../../arm-none-eabi/lib/armv6k/fpu/libg.a(lib_a-jp2uc.o)
 .text._jp2uc   0x000000000011c8d0       0x84 /opt/devkitPro/devkitARM/bin/../lib/gcc/arm-none-eabi/5.3.0/../../../../arm-none-eabi/lib/armv6k/fpu/libg.a(lib_a-jp2uc.o)
                0x000000000011c8d0                _jp2uc
 .text.__locale_charset
                0x000000000011c954        0xc /opt/devkitPro/devkitARM/bin/../lib/gcc/arm-none-eabi/5.3.0/../../../../arm-none-eabi/lib/armv6k/fpu/libg.a(lib_a-locale.o)
                0x000000000011c954                __locale_charset
 .text.__locale_mb_cur_max
                0x000000000011c960       0x10 /opt/devkitPro/devkitARM/bin/../lib/gcc/arm-none-eabi/5.3.0/../../../../arm-none-eabi/lib/armv6k/fpu/libg.a(lib_a-locale.o)
                0x000000000011c960                __locale_mb_cur_max
 .text._localeconv_r
                0x000000000011c970        0xc /opt/devkitPro/devkitARM/bin/../lib/gcc/arm-none-eabi/5.3.0/../../../../arm-none-eabi/lib/armv6k/fpu/libg.a(lib_a-locale.o)
                0x000000000011c970                _localeconv_r
 .text._mbrtowc_r
                0x000000000011c97c       0x98 /opt/devkitPro/devkitARM/bin/../lib/gcc/arm-none-eabi/5.3.0/../../../../arm-none-eabi/lib/armv6k/fpu/libg.a(lib_a-mbrtowc.o)
                0x000000000011c97c                _mbrtowc_r
 .text.__utf8_mbtowc
                0x000000000011ca14      0x2fc /opt/devkitPro/devkitARM/bin/../lib/gcc/arm-none-eabi/5.3.0/../../../../arm-none-eabi/lib/armv6k/fpu/libg.a(lib_a-mbtowc_r.o)
                0x000000000011ca14                __utf8_mbtowc
 .text.memchr   0x000000000011cd10      0x100 /opt/devkitPro/devkitARM/bin/../lib/gcc/arm-none-eabi/5.3.0/../../../../arm-none-eabi/lib/armv6k/fpu/libg.a(lib_a-memchr.o)
                0x000000000011cd10                memchr
 .text.memmove  0x000000000011ce10      0x128 /opt/devkitPro/devkitARM/bin/../lib/gcc/arm-none-eabi/5.3.0/../../../../arm-none-eabi/lib/armv6k/fpu/libg.a(lib_a-memmove.o)
                0x000000000011ce10                memmove
 .text._Balloc  0x000000000011cf38       0x8c /opt/devkitPro/devkitARM/bin/../lib/gcc/arm-none-eabi/5.3.0/../../../../arm-none-eabi/lib/armv6k/fpu/libg.a(lib_a-mprec.o)
                0x000000000011cf38                _Balloc
 .text._Bfree   0x000000000011cfc4       0x1c /opt/devkitPro/devkitARM/bin/../lib/gcc/arm-none-eabi/5.3.0/../../../../arm-none-eabi/lib/armv6k/fpu/libg.a(lib_a-mprec.o)
                0x000000000011cfc4                _Bfree
 .text.__multadd
                0x000000000011cfe0       0xd0 /opt/devkitPro/devkitARM/bin/../lib/gcc/arm-none-eabi/5.3.0/../../../../arm-none-eabi/lib/armv6k/fpu/libg.a(lib_a-mprec.o)
                0x000000000011cfe0                __multadd
 .text.__s2b    0x000000000011d0b0       0xe4 /opt/devkitPro/devkitARM/bin/../lib/gcc/arm-none-eabi/5.3.0/../../../../arm-none-eabi/lib/armv6k/fpu/libg.a(lib_a-mprec.o)
                0x000000000011d0b0                __s2b
 .text.__hi0bits
                0x000000000011d194       0x5c /opt/devkitPro/devkitARM/bin/../lib/gcc/arm-none-eabi/5.3.0/../../../../arm-none-eabi/lib/armv6k/fpu/libg.a(lib_a-mprec.o)
                0x000000000011d194                __hi0bits
 .text.__lo0bits
                0x000000000011d1f0       0x98 /opt/devkitPro/devkitARM/bin/../lib/gcc/arm-none-eabi/5.3.0/../../../../arm-none-eabi/lib/armv6k/fpu/libg.a(lib_a-mprec.o)
                0x000000000011d1f0                __lo0bits
 .text.__i2b    0x000000000011d288       0x20 /opt/devkitPro/devkitARM/bin/../lib/gcc/arm-none-eabi/5.3.0/../../../../arm-none-eabi/lib/armv6k/fpu/libg.a(lib_a-mprec.o)
                0x000000000011d288                __i2b
 .text.__multiply
                0x000000000011d2a8      0x1dc /opt/devkitPro/devkitARM/bin/../lib/gcc/arm-none-eabi/5.3.0/../../../../arm-none-eabi/lib/armv6k/fpu/libg.a(lib_a-mprec.o)
                0x000000000011d2a8                __multiply
 .text.__pow5mult
                0x000000000011d484      0x100 /opt/devkitPro/devkitARM/bin/../lib/gcc/arm-none-eabi/5.3.0/../../../../arm-none-eabi/lib/armv6k/fpu/libg.a(lib_a-mprec.o)
                0x000000000011d484                __pow5mult
 .text.__lshift
                0x000000000011d584       0xf0 /opt/devkitPro/devkitARM/bin/../lib/gcc/arm-none-eabi/5.3.0/../../../../arm-none-eabi/lib/armv6k/fpu/libg.a(lib_a-mprec.o)
                0x000000000011d584                __lshift
 .text.__mcmp   0x000000000011d674       0x64 /opt/devkitPro/devkitARM/bin/../lib/gcc/arm-none-eabi/5.3.0/../../../../arm-none-eabi/lib/armv6k/fpu/libg.a(lib_a-mprec.o)
                0x000000000011d674                __mcmp
 .text.__mdiff  0x000000000011d6d8      0x198 /opt/devkitPro/devkitARM/bin/../lib/gcc/arm-none-eabi/5.3.0/../../../../arm-none-eabi/lib/armv6k/fpu/libg.a(lib_a-mprec.o)
                0x000000000011d6d8                __mdiff
 .text.__ulp    0x000000000011d870       0x78 /opt/devkitPro/devkitARM/bin/../lib/gcc/arm-none-eabi/5.3.0/../../../../arm-none-eabi/lib/armv6k/fpu/libg.a(lib_a-mprec.o)
                0x000000000011d870                __ulp
 .text.__b2d    0x000000000011d8e8       0xd4 /opt/devkitPro/devkitARM/bin/../lib/gcc/arm-none-eabi/5.3.0/../../../../arm-none-eabi/lib/armv6k/fpu/libg.a(lib_a-mprec.o)
                0x000000000011d8e8                __b2d
 .text.__d2b    0x000000000011d9bc      0x104 /opt/devkitPro/devkitARM/bin/../lib/gcc/arm-none-eabi/5.3.0/../../../../arm-none-eabi/lib/armv6k/fpu/libg.a(lib_a-mprec.o)
                0x000000000011d9bc                __d2b
 .text.__ratio  0x000000000011dac0       0x78 /opt/devkitPro/devkitARM/bin/../lib/gcc/arm-none-eabi/5.3.0/../../../../arm-none-eabi/lib/armv6k/fpu/libg.a(lib_a-mprec.o)
                0x000000000011dac0                __ratio
 .text.__copybits
                0x000000000011db38       0x6c /opt/devkitPro/devkitARM/bin/../lib/gcc/arm-none-eabi/5.3.0/../../../../arm-none-eabi/lib/armv6k/fpu/libg.a(lib_a-mprec.o)
                0x000000000011db38                __copybits
 .text.__any_on
                0x000000000011dba4       0x80 /opt/devkitPro/devkitARM/bin/../lib/gcc/arm-none-eabi/5.3.0/../../../../arm-none-eabi/lib/armv6k/fpu/libg.a(lib_a-mprec.o)
                0x000000000011dba4                __any_on
 .text._realloc_r
                0x000000000011dc24      0x4c0 /opt/devkitPro/devkitARM/bin/../lib/gcc/arm-none-eabi/5.3.0/../../../../arm-none-eabi/lib/armv6k/fpu/libg.a(lib_a-reallocr.o)
                0x000000000011dc24                _realloc_r
 .text.__sccl   0x000000000011e0e4       0xd0 /opt/devkitPro/devkitARM/bin/../lib/gcc/arm-none-eabi/5.3.0/../../../../arm-none-eabi/lib/armv6k/fpu/libg.a(lib_a-sccl.o)
                0x000000000011e0e4                __sccl
 .text.nanf     0x000000000011e1b4        0xc /opt/devkitPro/devkitARM/bin/../lib/gcc/arm-none-eabi/5.3.0/../../../../arm-none-eabi/lib/armv6k/fpu/libg.a(lib_a-sf_nan.o)
                0x000000000011e1b4                nanf
 .text.__fpclassifyd
                0x000000000011e1c0       0x74 /opt/devkitPro/devkitARM/bin/../lib/gcc/arm-none-eabi/5.3.0/../../../../arm-none-eabi/lib/armv6k/fpu/libg.a(lib_a-s_fpclassify.o)
                0x000000000011e1c0                __fpclassifyd
 *fill*         0x000000000011e234        0x4 
 .text.frexp    0x000000000011e238       0x98 /opt/devkitPro/devkitARM/bin/../lib/gcc/arm-none-eabi/5.3.0/../../../../arm-none-eabi/lib/armv6k/fpu/libg.a(lib_a-s_frexp.o)
                0x000000000011e238                frexp
 .text.sprintf  0x000000000011e2d0       0x68 /opt/devkitPro/devkitARM/bin/../lib/gcc/arm-none-eabi/5.3.0/../../../../arm-none-eabi/lib/armv6k/fpu/libg.a(lib_a-sprintf.o)
                0x000000000011e2d0                sprintf
 .text.stpncpy  0x000000000011e338      0x108 /opt/devkitPro/devkitARM/bin/../lib/gcc/arm-none-eabi/5.3.0/../../../../arm-none-eabi/lib/armv6k/fpu/libg.a(lib_a-stpncpy.o)
                0x000000000011e338                stpncpy
 .text.strncmp  0x000000000011e440      0x11c /opt/devkitPro/devkitARM/bin/../lib/gcc/arm-none-eabi/5.3.0/../../../../arm-none-eabi/lib/armv6k/fpu/libg.a(lib_a-strncmp.o)
                0x000000000011e440                strncmp
 .text.unlikely.sulp
                0x000000000011e55c       0x58 /opt/devkitPro/devkitARM/bin/../lib/gcc/arm-none-eabi/5.3.0/../../../../arm-none-eabi/lib/armv6k/fpu/libg.a(lib_a-strtod.o)
 *fill*         0x000000000011e5b4        0x4 
 .text._strtod_r
                0x000000000011e5b8     0x1450 /opt/devkitPro/devkitARM/bin/../lib/gcc/arm-none-eabi/5.3.0/../../../../arm-none-eabi/lib/armv6k/fpu/libg.a(lib_a-strtod.o)
                0x000000000011e5b8                _strtod_r
 .text._strtoll_r
                0x000000000011fa08      0x25c /opt/devkitPro/devkitARM/bin/../lib/gcc/arm-none-eabi/5.3.0/../../../../arm-none-eabi/lib/armv6k/fpu/libg.a(lib_a-strtoll_r.o)
                0x000000000011fa08                _strtoll_r
 .text._strtol_r
                0x000000000011fc64      0x1d4 /opt/devkitPro/devkitARM/bin/../lib/gcc/arm-none-eabi/5.3.0/../../../../arm-none-eabi/lib/armv6k/fpu/libg.a(lib_a-strtol.o)
                0x000000000011fc64                _strtol_r
 .text._strtoull_r
                0x000000000011fe38      0x268 /opt/devkitPro/devkitARM/bin/../lib/gcc/arm-none-eabi/5.3.0/../../../../arm-none-eabi/lib/armv6k/fpu/libg.a(lib_a-strtoull_r.o)
                0x000000000011fe38                _strtoull_r
 .text._strtoul_r
                0x00000000001200a0      0x1d4 /opt/devkitPro/devkitARM/bin/../lib/gcc/arm-none-eabi/5.3.0/../../../../arm-none-eabi/lib/armv6k/fpu/libg.a(lib_a-strtoul.o)
                0x00000000001200a0                _strtoul_r
 .text.__ssprint_r
                0x0000000000120274      0x1a8 /opt/devkitPro/devkitARM/bin/../lib/gcc/arm-none-eabi/5.3.0/../../../../arm-none-eabi/lib/armv6k/fpu/libg.a(lib_a-svfiprintf.o)
                0x0000000000120274                __ssprint_r
 .text._sungetc_r
                0x000000000012041c       0xf8 /opt/devkitPro/devkitARM/bin/../lib/gcc/arm-none-eabi/5.3.0/../../../../arm-none-eabi/lib/armv6k/fpu/libg.a(lib_a-svfiscanf.o)
                0x000000000012041c                _sungetc_r
 .text.__ssrefill_r
                0x0000000000120514       0x6c /opt/devkitPro/devkitARM/bin/../lib/gcc/arm-none-eabi/5.3.0/../../../../arm-none-eabi/lib/armv6k/fpu/libg.a(lib_a-svfiscanf.o)
                0x0000000000120514                __ssrefill_r
 .text._sfread_r
                0x0000000000120580       0xc8 /opt/devkitPro/devkitARM/bin/../lib/gcc/arm-none-eabi/5.3.0/../../../../arm-none-eabi/lib/armv6k/fpu/libg.a(lib_a-svfiscanf.o)
                0x0000000000120580                _sfread_r
 .text.get_arg  0x0000000000120648     0x161c /opt/devkitPro/devkitARM/bin/../lib/gcc/arm-none-eabi/5.3.0/../../../../arm-none-eabi/lib/armv6k/fpu/libg.a(lib_a-svfprintf.o)
 *fill*         0x0000000000121c64        0x4 
 .text._svfprintf_r
                0x0000000000121c68     0x4a00 /opt/devkitPro/devkitARM/bin/../lib/gcc/arm-none-eabi/5.3.0/../../../../arm-none-eabi/lib/armv6k/fpu/libg.a(lib_a-svfprintf.o)
                0x0000000000121c68                _svfprintf_r
 .text.__submore
                0x0000000000126668       0xa8 /opt/devkitPro/devkitARM/bin/../lib/gcc/arm-none-eabi/5.3.0/../../../../arm-none-eabi/lib/armv6k/fpu/libg.a(lib_a-ungetc.o)
                0x0000000000126668                __submore
 .text.__swbuf_r
                0x0000000000126710      0x124 /opt/devkitPro/devkitARM/bin/../lib/gcc/arm-none-eabi/5.3.0/../../../../arm-none-eabi/lib/armv6k/fpu/libg.a(lib_a-wbuf.o)
                0x0000000000126710                __swbuf_r
 .text._wcsnrtombs_r
                0x0000000000126834      0x190 /opt/devkitPro/devkitARM/bin/../lib/gcc/arm-none-eabi/5.3.0/../../../../arm-none-eabi/lib/armv6k/fpu/libg.a(lib_a-wcsnrtombs.o)
                0x0000000000126834                _wcsnrtombs_r
 .text._calloc_r
                0x00000000001269c4       0x90 /opt/devkitPro/devkitARM/bin/../lib/gcc/arm-none-eabi/5.3.0/../../../../arm-none-eabi/lib/armv6k/fpu/libg.a(lib_a-callocr.o)
                0x00000000001269c4                _calloc_r
 .text.rshift   0x0000000000126a54       0xec /opt/devkitPro/devkitARM/bin/../lib/gcc/arm-none-eabi/5.3.0/../../../../arm-none-eabi/lib/armv6k/fpu/libg.a(lib_a-gdtoa-gethex.o)
 .text.__gethex
                0x0000000000126b40      0x7d0 /opt/devkitPro/devkitARM/bin/../lib/gcc/arm-none-eabi/5.3.0/../../../../arm-none-eabi/lib/armv6k/fpu/libg.a(lib_a-gdtoa-gethex.o)
                0x0000000000126b40                __gethex
 .text.__hexnan
                0x0000000000127310      0x258 /opt/devkitPro/devkitARM/bin/../lib/gcc/arm-none-eabi/5.3.0/../../../../arm-none-eabi/lib/armv6k/fpu/libg.a(lib_a-gdtoa-hexnan.o)
                0x0000000000127310                __hexnan
 .text.strnlen  0x0000000000127568       0x5c /opt/devkitPro/devkitARM/bin/../lib/gcc/arm-none-eabi/5.3.0/../../../../arm-none-eabi/lib/armv6k/fpu/libg.a(lib_a-strnlen.o)
                0x0000000000127568                strnlen
 .text.strrchr  0x00000000001275c4       0x44 /opt/devkitPro/devkitARM/bin/../lib/gcc/arm-none-eabi/5.3.0/../../../../arm-none-eabi/lib/armv6k/fpu/libg.a(lib_a-strrchr.o)
                0x00000000001275c4                strrchr
 *(.glue_7)
 .glue_7        0x0000000000127608        0x0 linker stubs
 *(.glue_7t)
 .glue_7t       0x0000000000127608        0x0 linker stubs
 *(.stub)
 *(.gnu.warning)
 *(.gnu.linkonce.t*)
                0x0000000000127608                . = ALIGN (0x4)
 *(.fini)
 .fini          0x0000000000127608        0xc /opt/devkitPro/devkitARM/bin/../lib/gcc/arm-none-eabi/5.3.0/armv6k/fpu/crti.o
                0x0000000000127608                _fini
 .fini          0x0000000000127614        0xc /opt/devkitPro/devkitARM/bin/../lib/gcc/arm-none-eabi/5.3.0/armv6k/fpu/crtn.o
                0x0000000000127620                . = ALIGN (0x4)

.vfp11_veneer   0x0000000000127620        0x0
 .vfp11_veneer  0x0000000000127620        0x0 linker stubs

.v4_bx          0x0000000000127620        0x0
 .v4_bx         0x0000000000127620        0x0 linker stubs

.iplt           0x0000000000127620        0x0
 .iplt          0x0000000000127620        0x0 /opt/devkitPro/devkitARM/bin/../lib/gcc/arm-none-eabi/5.3.0/../../../../arm-none-eabi/lib/armv6k/fpu/3dsx_crt0.o

.rodata         0x0000000000128000     0x5388
 *(.rodata)
 .rodata        0x0000000000128000      0x168 /opt/devkitPro/libctru/lib/libctru.a(console.o)
 .rodata        0x0000000000128168       0x1c /opt/devkitPro/libctru/lib/libctru.a(gfx.o)
 .rodata        0x0000000000128184        0xc /opt/devkitPro/libctru/lib/libctru.a(apt.o)
 .rodata        0x0000000000128190      0x804 /opt/devkitPro/libctru/lib/libctru.a(default_font.bin.o)
                0x0000000000128190                default_font_bin
                0x0000000000128990                default_font_bin_end
                0x0000000000128990                default_font_bin_size
 .rodata        0x0000000000128994       0x3c /opt/devkitPro/libctru/lib/libctru.a(sdmc_dev.o)
 .rodata        0x00000000001289d0       0x68 /opt/devkitPro/devkitARM/bin/../lib/gcc/arm-none-eabi/5.3.0/../../../../arm-none-eabi/lib/armv6k/fpu/libsysbase.a(iosupport.o)
                0x00000000001289d0                dotab_stdnull
 .rodata        0x0000000000128a38        0xc /opt/devkitPro/devkitARM/bin/../lib/gcc/arm-none-eabi/5.3.0/../../../../arm-none-eabi/lib/armv6k/fpu/libsysbase.a(chdir.o)
                0x0000000000128a38                DIRECTORY_PARENT
                0x0000000000128a3c                DIRECTORY_THIS
                0x0000000000128a40                DIRECTORY_SEPARATOR
 *(.roda)
 *(.rodata.*)
 .rodata.str1.4
                0x0000000000128a44      0xc41 main.o
                                        0xc50 (size before relaxing)
 *fill*         0x0000000000129685        0x3 
 .rodata.str1.4
                0x0000000000129688       0x70 /opt/devkitPro/libctru/lib/libctru.a(console.o)
 .rodata.str1.4
                0x00000000001296f8       0x16 /opt/devkitPro/libctru/lib/libctru.a(apt.o)
                                         0x18 (size before relaxing)
 *fill*         0x000000000012970e        0x2 
 .rodata.str1.4
                0x0000000000129710        0x9 /opt/devkitPro/libctru/lib/libctru.a(gspgpu.o)
                                          0xc (size before relaxing)
 *fill*         0x0000000000129719        0x3 
 .rodata.str1.4
                0x000000000012971c       0x15 /opt/devkitPro/libctru/lib/libctru.a(hid.o)
                                         0x18 (size before relaxing)
 *fill*         0x0000000000129731        0x3 
 .rodata.str1.4
                0x0000000000129734        0x7 /opt/devkitPro/libctru/lib/libctru.a(irrst.o)
                                          0x8 (size before relaxing)
 *fill*         0x000000000012973b        0x1 
 .rodata.str1.4
                0x000000000012973c        0x5 /opt/devkitPro/libctru/lib/libctru.a(srv.o)
                                          0x8 (size before relaxing)
 *fill*         0x0000000000129741        0x3 
 .rodata.str1.4
                0x0000000000129744        0x2 /opt/devkitPro/libctru/lib/libctru.a(thread.o)
                                          0x4 (size before relaxing)
 *fill*         0x0000000000129746        0x2 
 .rodata.str1.4
                0x0000000000129748        0x9 /opt/devkitPro/libctru/lib/libctru.a(ptmsysm.o)
                                          0xc (size before relaxing)
 *fill*         0x0000000000129751        0x3 
 .rodata.str1.4
                0x0000000000129754        0xd /opt/devkitPro/libctru/lib/libctru.a(sdmc_dev.o)
                                         0x14 (size before relaxing)
 *fill*         0x0000000000129761        0x3 
 .rodata.str1.4
                0x0000000000129764        0x8 /opt/devkitPro/libctru/lib/libctru.a(fs.o)
                                          0xc (size before relaxing)
 .rodata.str1.4
                0x000000000012976c        0x4 /opt/devkitPro/devkitARM/bin/../lib/gcc/arm-none-eabi/5.3.0/../../../../arm-none-eabi/lib/armv6k/fpu/libg.a(lib_a-impure.o)
 .rodata._global_impure_ptr
                0x000000000012976c        0x4 /opt/devkitPro/devkitARM/bin/../lib/gcc/arm-none-eabi/5.3.0/../../../../arm-none-eabi/lib/armv6k/fpu/libg.a(lib_a-impure.o)
                0x000000000012976c                _global_impure_ptr
 .rodata.str1.4
                0x0000000000129770        0x4 /opt/devkitPro/devkitARM/bin/../lib/gcc/arm-none-eabi/5.3.0/../../../../arm-none-eabi/lib/armv6k/fpu/libg.a(lib_a-puts.o)
 .rodata.basefix.7044
                0x0000000000129770       0x24 /opt/devkitPro/devkitARM/bin/../lib/gcc/arm-none-eabi/5.3.0/../../../../arm-none-eabi/lib/armv6k/fpu/libg.a(lib_a-svfscanf.o)
 .rodata.str1.4
                0x0000000000129794        0x5 /opt/devkitPro/devkitARM/bin/../lib/gcc/arm-none-eabi/5.3.0/../../../../arm-none-eabi/lib/armv6k/fpu/libg.a(lib_a-svfscanf.o)
                                          0x8 (size before relaxing)
 *fill*         0x0000000000129799        0x3 
 .rodata.blanks.7115
                0x000000000012979c       0x10 /opt/devkitPro/devkitARM/bin/../lib/gcc/arm-none-eabi/5.3.0/../../../../arm-none-eabi/lib/armv6k/fpu/libg.a(lib_a-vfiprintf.o)
 .rodata.str1.4
                0x00000000001297ac       0x2f /opt/devkitPro/devkitARM/bin/../lib/gcc/arm-none-eabi/5.3.0/../../../../arm-none-eabi/lib/armv6k/fpu/libg.a(lib_a-vfiprintf.o)
                                         0x30 (size before relaxing)
 *fill*         0x00000000001297db        0x1 
 .rodata.zeroes.7116
                0x00000000001297dc       0x10 /opt/devkitPro/devkitARM/bin/../lib/gcc/arm-none-eabi/5.3.0/../../../../arm-none-eabi/lib/armv6k/fpu/libg.a(lib_a-vfiprintf.o)
 .rodata.zeroes.7138
                0x00000000001297ec       0x10 /opt/devkitPro/devkitARM/bin/../lib/gcc/arm-none-eabi/5.3.0/../../../../arm-none-eabi/lib/armv6k/fpu/libg.a(lib_a-vfprintf.o)
 .rodata.str1.4
                0x00000000001297fc       0x12 /opt/devkitPro/devkitARM/bin/../lib/gcc/arm-none-eabi/5.3.0/../../../../arm-none-eabi/lib/armv6k/fpu/libg.a(lib_a-vfprintf.o)
                                         0x44 (size before relaxing)
 *fill*         0x000000000012980e        0x2 
 .rodata.blanks.7137
                0x0000000000129810       0x10 /opt/devkitPro/devkitARM/bin/../lib/gcc/arm-none-eabi/5.3.0/../../../../arm-none-eabi/lib/armv6k/fpu/libg.a(lib_a-vfprintf.o)
 .rodata._ctype_
                0x0000000000129820      0x104 /opt/devkitPro/devkitARM/bin/../lib/gcc/arm-none-eabi/5.3.0/../../../../arm-none-eabi/lib/armv6k/fpu/libg.a(lib_a-ctype_.o)
                0x0000000000129820                _ctype_
 .rodata.str1.4
                0x0000000000129924       0x10 /opt/devkitPro/devkitARM/bin/../lib/gcc/arm-none-eabi/5.3.0/../../../../arm-none-eabi/lib/armv6k/fpu/libg.a(lib_a-dtoa.o)
                                         0x14 (size before relaxing)
 .rodata.a1     0x0000000000129934       0xbc /opt/devkitPro/devkitARM/bin/../lib/gcc/arm-none-eabi/5.3.0/../../../../arm-none-eabi/lib/armv6k/fpu/libg.a(lib_a-jp2uc.o)
 .rodata.a2     0x00000000001299f0       0xbc /opt/devkitPro/devkitARM/bin/../lib/gcc/arm-none-eabi/5.3.0/../../../../arm-none-eabi/lib/armv6k/fpu/libg.a(lib_a-jp2uc.o)
 .rodata.a3     0x0000000000129aac       0x5c /opt/devkitPro/devkitARM/bin/../lib/gcc/arm-none-eabi/5.3.0/../../../../arm-none-eabi/lib/armv6k/fpu/libg.a(lib_a-jp2uc.o)
 .rodata.a6     0x0000000000129b08       0x70 /opt/devkitPro/devkitARM/bin/../lib/gcc/arm-none-eabi/5.3.0/../../../../arm-none-eabi/lib/armv6k/fpu/libg.a(lib_a-jp2uc.o)
 .rodata.a7     0x0000000000129b78       0xa4 /opt/devkitPro/devkitARM/bin/../lib/gcc/arm-none-eabi/5.3.0/../../../../arm-none-eabi/lib/armv6k/fpu/libg.a(lib_a-jp2uc.o)
 .rodata.a8     0x0000000000129c1c       0x40 /opt/devkitPro/devkitARM/bin/../lib/gcc/arm-none-eabi/5.3.0/../../../../arm-none-eabi/lib/armv6k/fpu/libg.a(lib_a-jp2uc.o)
 .rodata.str1.4
                0x0000000000129c5c       0x12 /opt/devkitPro/devkitARM/bin/../lib/gcc/arm-none-eabi/5.3.0/../../../../arm-none-eabi/lib/armv6k/fpu/libg.a(lib_a-jp2uc.o)
                                         0x14 (size before relaxing)
 *fill*         0x0000000000129c6e        0x2 
 .rodata.b02cf  0x0000000000129c70     0x172c /opt/devkitPro/devkitARM/bin/../lib/gcc/arm-none-eabi/5.3.0/../../../../arm-none-eabi/lib/armv6k/fpu/libg.a(lib_a-jp2uc.o)
 .rodata.d02f4  0x000000000012b39c     0x1a7c /opt/devkitPro/devkitARM/bin/../lib/gcc/arm-none-eabi/5.3.0/../../../../arm-none-eabi/lib/armv6k/fpu/libg.a(lib_a-jp2uc.o)
 .rodata.str1.4
                0x000000000012ce18      0x110 /opt/devkitPro/devkitARM/bin/../lib/gcc/arm-none-eabi/5.3.0/../../../../arm-none-eabi/lib/armv6k/fpu/libg.a(lib_a-locale.o)
                                        0x130 (size before relaxing)
 .rodata.str1.4
                0x000000000012cf28        0x4 /opt/devkitPro/devkitARM/bin/../lib/gcc/arm-none-eabi/5.3.0/../../../../arm-none-eabi/lib/armv6k/fpu/libg.a(lib_a-mbrtowc.o)
 .rodata.__mprec_tens
                0x000000000012cf28       0xc8 /opt/devkitPro/devkitARM/bin/../lib/gcc/arm-none-eabi/5.3.0/../../../../arm-none-eabi/lib/armv6k/fpu/libg.a(lib_a-mprec.o)
                0x000000000012cf28                __mprec_tens
 .rodata.p05.5412
                0x000000000012cff0        0xc /opt/devkitPro/devkitARM/bin/../lib/gcc/arm-none-eabi/5.3.0/../../../../arm-none-eabi/lib/armv6k/fpu/libg.a(lib_a-mprec.o)
 *fill*         0x000000000012cffc        0x4 
 .rodata.__mprec_bigtens
                0x000000000012d000       0x28 /opt/devkitPro/devkitARM/bin/../lib/gcc/arm-none-eabi/5.3.0/../../../../arm-none-eabi/lib/armv6k/fpu/libg.a(lib_a-mprec.o)
                0x000000000012d000                __mprec_bigtens
 .rodata.fpinan.5417
                0x000000000012d028       0x14 /opt/devkitPro/devkitARM/bin/../lib/gcc/arm-none-eabi/5.3.0/../../../../arm-none-eabi/lib/armv6k/fpu/libg.a(lib_a-strtod.o)
 .rodata.str1.4
                0x000000000012d03c        0xa /opt/devkitPro/devkitARM/bin/../lib/gcc/arm-none-eabi/5.3.0/../../../../arm-none-eabi/lib/armv6k/fpu/libg.a(lib_a-strtod.o)
                                         0x10 (size before relaxing)
 *fill*         0x000000000012d046        0x2 
 .rodata.fpi.5381
                0x000000000012d048       0x14 /opt/devkitPro/devkitARM/bin/../lib/gcc/arm-none-eabi/5.3.0/../../../../arm-none-eabi/lib/armv6k/fpu/libg.a(lib_a-strtod.o)
 *fill*         0x000000000012d05c        0x4 
 .rodata.tinytens
                0x000000000012d060       0x28 /opt/devkitPro/devkitARM/bin/../lib/gcc/arm-none-eabi/5.3.0/../../../../arm-none-eabi/lib/armv6k/fpu/libg.a(lib_a-strtod.o)
 .rodata.__state_table
                0x000000000012d088       0x6c /opt/devkitPro/devkitARM/bin/../lib/gcc/arm-none-eabi/5.3.0/../../../../arm-none-eabi/lib/armv6k/fpu/libg.a(lib_a-svfiprintf.o)
                0x000000000012d088                __state_table
 .rodata.__chclass
                0x000000000012d0f4      0x100 /opt/devkitPro/devkitARM/bin/../lib/gcc/arm-none-eabi/5.3.0/../../../../arm-none-eabi/lib/armv6k/fpu/libg.a(lib_a-svfiprintf.o)
                0x000000000012d0f4                __chclass
 .rodata.__action_table
                0x000000000012d1f4       0x6c /opt/devkitPro/devkitARM/bin/../lib/gcc/arm-none-eabi/5.3.0/../../../../arm-none-eabi/lib/armv6k/fpu/libg.a(lib_a-svfiprintf.o)
                0x000000000012d1f4                __action_table
 .rodata.blanks.7122
                0x000000000012d260       0x10 /opt/devkitPro/devkitARM/bin/../lib/gcc/arm-none-eabi/5.3.0/../../../../arm-none-eabi/lib/armv6k/fpu/libg.a(lib_a-svfprintf.o)
 .rodata.str1.4
                0x000000000012d270       0x44 /opt/devkitPro/devkitARM/bin/../lib/gcc/arm-none-eabi/5.3.0/../../../../arm-none-eabi/lib/armv6k/fpu/libg.a(lib_a-svfprintf.o)
 .rodata.zeroes.7123
                0x000000000012d270       0x10 /opt/devkitPro/devkitARM/bin/../lib/gcc/arm-none-eabi/5.3.0/../../../../arm-none-eabi/lib/armv6k/fpu/libg.a(lib_a-svfprintf.o)
 .rodata.__hexdig
                0x000000000012d280      0x100 /opt/devkitPro/devkitARM/bin/../lib/gcc/arm-none-eabi/5.3.0/../../../../arm-none-eabi/lib/armv6k/fpu/libg.a(lib_a-gdtoa-gethex.o)
                0x000000000012d280                __hexdig
 .rodata.str1.4
                0x000000000012d380        0x8 /opt/devkitPro/devkitARM/bin/../lib/gcc/arm-none-eabi/5.3.0/../../../../arm-none-eabi/lib/armv6k/fpu/libsysbase.a(iosupport.o)
 *all.rodata*(*)
 *(.gnu.linkonce.r*)
                0x000000000012d388                . = ALIGN (0x4)

.eh_frame       0x000000000012d388        0x0
 .eh_frame      0x000000000012d388        0x0 /opt/devkitPro/devkitARM/bin/../lib/gcc/arm-none-eabi/5.3.0/armv6k/fpu/crtbegin.o

.rel.dyn        0x000000000012d388        0x0
 .rel.iplt      0x000000000012d388        0x0 /opt/devkitPro/devkitARM/bin/../lib/gcc/arm-none-eabi/5.3.0/../../../../arm-none-eabi/lib/armv6k/fpu/3dsx_crt0.o

.ARM.extab
 *(.ARM.extab* .gnu.linkonce.armextab.*)
                0x000000000012d388                __exidx_start = .

ARM.exidx
 *(.ARM.exidx* .gnu.linkonce.armexidx.*)
                0x000000000012d388                __exidx_end = .

.data           0x000000000012e000     0x3378
 *(.data)
 .data          0x000000000012e000      0x558 main.o
                0x000000000012e000                pokeSpec
                0x000000000012e2fc                pokeIndex
 .data          0x000000000012e558       0x54 /opt/devkitPro/libctru/lib/libctru.a(console.o)
                0x000000000012e558                defaultConsole
                0x000000000012e5a4                currentConsole
 .data          0x000000000012e5ac        0xc /opt/devkitPro/libctru/lib/libctru.a(gfx.o)
 .data          0x000000000012e5b8        0x1 /opt/devkitPro/libctru/lib/libctru.a(apt.o)
 *fill*         0x000000000012e5b9        0x3 
 .data          0x000000000012e5bc        0x4 /opt/devkitPro/libctru/lib/libctru.a(stack_adjust.o)
                0x000000000012e5bc                __stacksize__
 .data          0x000000000012e5c0      0x46c /opt/devkitPro/libctru/lib/libctru.a(sdmc_dev.o)
 .data          0x000000000012ea2c       0x44 /opt/devkitPro/devkitARM/bin/../lib/gcc/arm-none-eabi/5.3.0/../../../../arm-none-eabi/lib/armv6k/fpu/libsysbase.a(iosupport.o)
                0x000000000012ea30                devoptab_list
 .data          0x000000000012ea70     0x1000 /opt/devkitPro/devkitARM/bin/../lib/gcc/arm-none-eabi/5.3.0/../../../../arm-none-eabi/lib/armv6k/fpu/libsysbase.a(chdir.o)
 .data          0x000000000012fa70     0x1028 /opt/devkitPro/devkitARM/bin/../lib/gcc/arm-none-eabi/5.3.0/../../../../arm-none-eabi/lib/armv6k/fpu/libsysbase.a(handle_manager.o)
 *(.data.*)
 .data.__sfp_lock