Archive member included to satisfy reference by file (symbol)

/opt/devkitPro/libctru/lib/libctru.a(console.o)
                              main.o (consoleInit)
/opt/devkitPro/libctru/lib/libctru.a(gfx.o)
                              /opt/devkitPro/libctru/lib/libctru.a(console.o) (gfxSetScreenFormat)
/opt/devkitPro/libctru/lib/libctru.a(gx.o)
                              /opt/devkitPro/libctru/lib/libctru.a(gfx.o) (gxCmdBuf)
/opt/devkitPro/libctru/lib/libctru.a(apt.o)
                              main.o (aptMainLoop)
/opt/devkitPro/libctru/lib/libctru.a(gspgpu.o)
                              /opt/devkitPro/libctru/lib/libctru.a(gfx.o) (gspInit)
/opt/devkitPro/libctru/lib/libctru.a(hid.o)
                              main.o (hidScanInput)
/opt/devkitPro/libctru/lib/libctru.a(irrst.o)
                              /opt/devkitPro/libctru/lib/libctru.a(hid.o) (irrstScanInput)
/opt/devkitPro/libctru/lib/libctru.a(initArgv.o)
                              /opt/devkitPro/devkitARM/bin/../lib/gcc/arm-none-eabi/5.3.0/../../../../arm-none-eabi/lib/armv6k/fpu/3dsx_crt0.o (__system_argc)
/opt/devkitPro/libctru/lib/libctru.a(initSystem.o)
                              /opt/devkitPro/libctru/lib/libctru.a(apt.o) (__system_retAddr)
/opt/devkitPro/libctru/lib/libctru.a(syscalls.o)
                              /opt/devkitPro/libctru/lib/libctru.a(initSystem.o) (__system_initSyscalls)
/opt/devkitPro/libctru/lib/libctru.a(svc.o)
                              /opt/devkitPro/libctru/lib/libctru.a(gfx.o) (svcCreateEvent)
/opt/devkitPro/libctru/lib/libctru.a(stack_adjust.o)
                              /opt/devkitPro/devkitARM/bin/../lib/gcc/arm-none-eabi/5.3.0/../../../../arm-none-eabi/lib/armv6k/fpu/3dsx_crt0.o (initSystem)
/opt/devkitPro/libctru/lib/libctru.a(default_font.bin.o)
                              /opt/devkitPro/libctru/lib/libctru.a(console.o) (default_font_bin)
/opt/devkitPro/libctru/lib/libctru.a(linear.o)
                              /opt/devkitPro/libctru/lib/libctru.a(gfx.o) (linearAlloc)
/opt/devkitPro/libctru/lib/libctru.a(mappable.o)
                              /opt/devkitPro/libctru/lib/libctru.a(gfx.o) (mappableAlloc)
/opt/devkitPro/libctru/lib/libctru.a(mem_pool.o)
                              /opt/devkitPro/libctru/lib/libctru.a(linear.o) (MemPool::Allocate(MemChunk&, unsigned long, int))
/opt/devkitPro/libctru/lib/libctru.a(vram.o)
                              /opt/devkitPro/libctru/lib/libctru.a(gfx.o) (vramAlloc)
/opt/devkitPro/libctru/lib/libctru.a(env.o)
                              /opt/devkitPro/libctru/lib/libctru.a(irrst.o) (envGetHandle)
/opt/devkitPro/libctru/lib/libctru.a(os.o)
                              /opt/devkitPro/libctru/lib/libctru.a(syscalls.o) (__libctru_gtod)
/opt/devkitPro/libctru/lib/libctru.a(srv.o)
                              /opt/devkitPro/libctru/lib/libctru.a(apt.o) (srvGetServiceHandle)
/opt/devkitPro/libctru/lib/libctru.a(synchronization.o)
                              /opt/devkitPro/libctru/lib/libctru.a(initSystem.o) (__sync_init)
/opt/devkitPro/libctru/lib/libctru.a(thread.o)
                              /opt/devkitPro/libctru/lib/libctru.a(apt.o) (threadCreate)
/opt/devkitPro/libctru/lib/libctru.a(ptmsysm.o)
                              /opt/devkitPro/libctru/lib/libctru.a(os.o) (ptmSysmInit)
/opt/devkitPro/libctru/lib/libctru.a(rbtree_find.o)
                              /opt/devkitPro/libctru/lib/libctru.a(linear.o) (rbtree_find)
/opt/devkitPro/libctru/lib/libctru.a(rbtree_init.o)
                              /opt/devkitPro/libctru/lib/libctru.a(linear.o) (rbtree_init)
/opt/devkitPro/libctru/lib/libctru.a(rbtree_insert.o)
                              /opt/devkitPro/libctru/lib/libctru.a(linear.o) (rbtree_insert)
/opt/devkitPro/libctru/lib/libctru.a(rbtree_remove.o)
                              /opt/devkitPro/libctru/lib/libctru.a(linear.o) (rbtree_remove)
/opt/devkitPro/libctru/lib/libctru.a(rbtree_rotate.o)
                              /opt/devkitPro/libctru/lib/libctru.a(rbtree_insert.o) (rbtree_rotate)
/opt/devkitPro/libctru/lib/libctru.a(allocateHeaps.o)
                              /opt/devkitPro/libctru/lib/libctru.a(initSystem.o) (__system_allocateHeaps)
/opt/devkitPro/libctru/lib/libctru.a(appExit.o)
                              /opt/devkitPro/libctru/lib/libctru.a(stack_adjust.o) (__appExit)
/opt/devkitPro/libctru/lib/libctru.a(appInit.o)
                              /opt/devkitPro/libctru/lib/libctru.a(stack_adjust.o) (__appInit)
/opt/devkitPro/libctru/lib/libctru.a(ctru_exit.o)
                              /opt/devkitPro/libctru/lib/libctru.a(stack_adjust.o) (__libctru_exit)
/opt/devkitPro/libctru/lib/libctru.a(sdmc_dev.o)
                              /opt/devkitPro/libctru/lib/libctru.a(appInit.o) (sdmcInit)
/opt/devkitPro/libctru/lib/libctru.a(fs.o)
                              /opt/devkitPro/libctru/lib/libctru.a(appInit.o) (fsInit)
/opt/devkitPro/libctru/lib/libctru.a(rbtree_iterator.o)
[...]
Memory Configuration

Name             Origin             Length             Attributes
*default*        0x0000000000000000 0xffffffffffffffff

Linker script and memory map

                0x0000000000100000                . = 0x100000
                0x0000000000100000                __start__ = .

.text           0x0000000000100000    0x222d8
 *(.crt0)
 .crt0          0x0000000000100000       0x94 /opt/devkitPro/devkitARM/bin/../lib/gcc/arm-none-eabi/5.3.0/../../../../arm-none-eabi/lib/armv6k/fpu/3dsx_crt0.o
                0x0000000000100000                _start
                0x0000000000100008                __service_ptr
                0x000000000010000c                __apt_appid
                0x0000000000100010                __heap_size
                0x0000000000100014                __linear_heap_size
                0x0000000000100018                __system_arglist
                0x000000000010001c                __system_runflags
 *(.init)
 .init          0x0000000000100094        0xc /opt/devkitPro/devkitARM/bin/../lib/gcc/arm-none-eabi/5.3.0/armv6k/fpu/crti.o
                0x0000000000100094                _init
 .init          0x00000000001000a0        0xc /opt/devkitPro/devkitARM/bin/../lib/gcc/arm-none-eabi/5.3.0/armv6k/fpu/crtn.o
                0x00000000001000ac                . = ALIGN (0x4)
 *(.text)
 .text          0x00000000001000ac      0x108 /opt/devkitPro/devkitARM/bin/../lib/gcc/arm-none-eabi/5.3.0/armv6k/fpu/crtbegin.o
 .text          0x00000000001001b4       0x64 /opt/devkitPro/libctru/lib/libctru.a(stack_adjust.o)
                0x00000000001001b4                initSystem
                0x00000000001001f8                __ctru_exit
 .text          0x0000000000100218      0x240 /opt/devkitPro/devkitARM/bin/../lib/gcc/arm-none-eabi/5.3.0/armv6k/fpu/libgcc.a(_divsi3.o)
                0x0000000000100218                __aeabi_idiv
                0x0000000000100218                __divsi3
                0x0000000000100438                __aeabi_idivmod
 .text          0x0000000000100458        0x4 /opt/devkitPro/devkitARM/bin/../lib/gcc/arm-none-eabi/5.3.0/armv6k/fpu/libgcc.a(_dvmd_tls.o)
                0x0000000000100458                __aeabi_ldiv0
                0x0000000000100458                __aeabi_idiv0
 .text          0x000000000010045c       0x3c /opt/devkitPro/devkitARM/bin/../lib/gcc/arm-none-eabi/5.3.0/armv6k/fpu/libgcc.a(_aeabi_uldivmod.o)
                0x000000000010045c                __aeabi_uldivmod
 .text          0x0000000000100498      0x128 /opt/devkitPro/devkitARM/bin/../lib/gcc/arm-none-eabi/5.3.0/armv6k/fpu/libgcc.a(_udivmoddi4.o)
                0x0000000000100498                __udivmoddi4
 .text          0x00000000001005c0      0x3a0 /opt/devkitPro/devkitARM/bin/../lib/gcc/arm-none-eabi/5.3.0/../../../../arm-none-eabi/lib/armv6k/fpu/libg.a(lib_a-strcmp.o)
                0x00000000001005c8                strcmp
 .text          0x0000000000100960      0x1c4 /opt/devkitPro/devkitARM/bin/../lib/gcc/arm-none-eabi/5.3.0/../../../../arm-none-eabi/lib/armv6k/fpu/libsysbase.a(iosupport.o)
                0x0000000000100968                setDefaultDevice
                0x0000000000100980                FindDevice
                0x0000000000100a3c                RemoveDevice
                0x0000000000100a68                AddDevice
                0x0000000000100b00                GetDeviceOpTab
 .text          0x0000000000100b24       0x7c /opt/devkitPro/devkitARM/bin/../lib/gcc/arm-none-eabi/5.3.0/../../../../arm-none-eabi/lib/armv6k/fpu/libsysbase.a(close.o)
                0x0000000000100b24                _close_r
 .text          0x0000000000100ba0       0x6c /opt/devkitPro/devkitARM/bin/../lib/gcc/arm-none-eabi/5.3.0/../../../../arm-none-eabi/lib/armv6k/fpu/libsysbase.a(fstat.o)
                0x0000000000100ba0                _fstat_r
 .text          0x0000000000100c0c        0x8 /opt/devkitPro/devkitARM/bin/../lib/gcc/arm-none-eabi/5.3.0/../../../../arm-none-eabi/lib/armv6k/fpu/libsysbase.a(isatty.o)
                0x0000000000100c0c                _isatty_r
 .text          0x0000000000100c14       0x78 /opt/devkitPro/devkitARM/bin/../lib/gcc/arm-none-eabi/5.3.0/../../../../arm-none-eabi/lib/armv6k/fpu/libsysbase.a(lseek.o)
                0x0000000000100c14                _lseek_r
 .text          0x0000000000100c8c       0xc8 /opt/devkitPro/devkitARM/bin/../lib/gcc/arm-none-eabi/5.3.0/../../../../arm-none-eabi/lib/armv6k/fpu/libsysbase.a(open.o)
                0x0000000000100c8c                _open_r
 .text          0x0000000000100d54       0x78 /opt/devkitPro/devkitARM/bin/../lib/gcc/arm-none-eabi/5.3.0/../../../../arm-none-eabi/lib/armv6k/fpu/libsysbase.a(read.o)
                0x0000000000100d54                _read_r
 .text          0x0000000000100dcc       0x70 /opt/devkitPro/devkitARM/bin/../lib/gcc/arm-none-eabi/5.3.0/../../../../arm-none-eabi/lib/armv6k/fpu/libsysbase.a(sbrk.o)
                0x0000000000100dcc                _sbrk_r
 .text          0x0000000000100e3c       0x5c /opt/devkitPro/devkitARM/bin/../lib/gcc/arm-none-eabi/5.3.0/../../../../arm-none-eabi/lib/armv6k/fpu/libsysbase.a(unlink.o)
                0x0000000000100e3c                _unlink_r
 .text          0x0000000000100e98       0x78 /opt/devkitPro/devkitARM/bin/../lib/gcc/arm-none-eabi/5.3.0/../../../../arm-none-eabi/lib/armv6k/fpu/libsysbase.a(write.o)
                0x0000000000100e98                _write_r
 .text          0x0000000000100f10      0x3b0 /opt/devkitPro/devkitARM/bin/../lib/gcc/arm-none-eabi/5.3.0/../../../../arm-none-eabi/lib/armv6k/fpu/libsysbase.a(chdir.o)
                0x0000000000100f10                _concatenate_path
                0x00000000001010cc                chdir
                0x0000000000101220                getcwd
 .text          0x00000000001012c0       0x10 /opt/devkitPro/devkitARM/bin/../lib/gcc/arm-none-eabi/5.3.0/../../../../arm-none-eabi/lib/armv6k/fpu/libsysbase.a(flock.o)
                0x00000000001012c0                __flockfile
                0x00000000001012c8                __funlockfile
 .text          0x00000000001012d0      0x108 /opt/devkitPro/devkitARM/bin/../lib/gcc/arm-none-eabi/5.3.0/../../../../arm-none-eabi/lib/armv6k/fpu/libsysbase.a(syscall_support.o)
                0x00000000001012d0                __libc_lock_init
                0x00000000001012e8                __libc_lock_acquire
                0x0000000000101300                __libc_lock_try_acquire
                0x0000000000101324                __libc_lock_release
                0x000000000010133c                __libc_lock_close
                0x0000000000101354                __libc_lock_init_recursive
                0x000000000010136c                __libc_lock_acquire_recursive
                0x0000000000101384                __libc_lock_try_acquire_recursive
                0x00000000001013a8                __libc_lock_release_recursive
                0x00000000001013c0                __libc_lock_close_recursive
 .text          0x00000000001013d8      0x2c4 /opt/devkitPro/devkitARM/bin/../lib/gcc/arm-none-eabi/5.3.0/../../../../arm-none-eabi/lib/armv6k/fpu/libsysbase.a(handle_manager.o)
                0x00000000001013d8                __free_handle
                0x000000000010141c                __release_handle
                0x0000000000101458                __alloc_handle
                0x00000000001014d0                __get_handle
                0x00000000001014ec                dup
                0x0000000000101590                dup2
 .text          0x000000000010169c       0x28 /opt/devkitPro/devkitARM/bin/../lib/gcc/arm-none-eabi/5.3.0/../../../../arm-none-eabi/lib/armv6k/fpu/libsysbase.a(getreent.o)
                0x000000000010169c                __getreent
 .text          0x00000000001016c4      0x20c /opt/devkitPro/devkitARM/bin/../lib/gcc/arm-none-eabi/5.3.0/armv6k/fpu/libgcc.a(_udivsi3.o)
                0x00000000001016c4                __udivsi3
                0x00000000001016c4                __aeabi_uidiv
                0x00000000001018b0                __aeabi_uidivmod
 *(.text.*)
 .text.pokeSlow
                0x00000000001018d0      0x288 main.o
                0x00000000001018d0                pokeSlow
 .text.startup.main
                0x0000000000101b58       0x58 main.o
                0x0000000000101b58                main
 .text.debug_write
                0x0000000000101bb0       0x1c /opt/devkitPro/libctru/lib/libctru.a(console.o)
                0x0000000000101bb0                debug_write
 .text.consoleDrawChar
                0x0000000000101bcc      0x1ac /opt/devkitPro/libctru/lib/libctru.a(console.o)
                0x0000000000101bcc                consoleDrawChar
 .text.consolePrintChar
                0x0000000000101d78      0x128 /opt/devkitPro/libctru/lib/libctru.a(console.o)
                0x0000000000101d78                consolePrintChar
 .text.consoleCls
                0x0000000000101ea0      0x184 /opt/devkitPro/libctru/lib/libctru.a(console.o)
 .text.consoleInit
                0x0000000000102024       0xf8 /opt/devkitPro/libctru/lib/libctru.a(console.o)
                0x0000000000102024                consoleInit
 .text.consoleClearLine
                0x000000000010211c      0x138 /opt/devkitPro/libctru/lib/libctru.a(console.o)
 .text.newRow   0x0000000000102254       0xc0 /opt/devkitPro/libctru/lib/libctru.a(console.o)
 .text.con_write
                0x0000000000102314      0x86c /opt/devkitPro/libctru/lib/libctru.a(console.o)
                0x0000000000102314                con_write
 .text.gfxSetFramebufferInfo.part.0
                0x0000000000102b80       0x8c /opt/devkitPro/libctru/lib/libctru.a(gfx.o)
 .text.gfxSetScreenFormat
                0x0000000000102c0c       0x18 /opt/devkitPro/libctru/lib/libctru.a(gfx.o)
                0x0000000000102c0c                gfxSetScreenFormat
 .text.gfxSetDoubleBuffering
                0x0000000000102c24       0x14 /opt/devkitPro/libctru/lib/libctru.a(gfx.o)
                0x0000000000102c24                gfxSetDoubleBuffering
 .text.gfxSetFramebufferInfo
                0x0000000000102c38       0x70 /opt/devkitPro/libctru/lib/libctru.a(gfx.o)
                0x0000000000102c38                gfxSetFramebufferInfo
 .text.gfxWriteFramebufferInfo
                0x0000000000102ca8       0x88 /opt/devkitPro/libctru/lib/libctru.a(gfx.o)
                0x0000000000102ca8                gfxWriteFramebufferInfo
 .text.gfxInit  0x0000000000102d30      0x1d0 /opt/devkitPro/libctru/lib/libctru.a(gfx.o)
                0x0000000000102d30                gfxInit
 .text.gfxInitDefault
                0x0000000000102f00       0x10 /opt/devkitPro/libctru/lib/libctru.a(gfx.o)
                0x0000000000102f00                gfxInitDefault
 .text.gfxExit  0x0000000000102f10       0xe0 /opt/devkitPro/libctru/lib/libctru.a(gfx.o)
                0x0000000000102f10                gfxExit
 .text.gfxGetFramebuffer
                0x0000000000102ff0       0xb0 /opt/devkitPro/libctru/lib/libctru.a(gfx.o)
                0x0000000000102ff0                gfxGetFramebuffer
 .text.gfxFlushBuffers
                0x00000000001030a0       0xcc /opt/devkitPro/libctru/lib/libctru.a(gfx.o)
                0x00000000001030a0                gfxFlushBuffers
 .text.gfxConfigScreen
                0x000000000010316c       0x70 /opt/devkitPro/libctru/lib/libctru.a(gfx.o)
                0x000000000010316c                gfxConfigScreen
 .text.gfxSwapBuffers
                0x00000000001031dc       0x20 /opt/devkitPro/libctru/lib/libctru.a(gfx.o)
                0x00000000001031dc                gfxSwapBuffers
 .text.gfxSwapBuffersGpu
                0x00000000001031fc       0x20 /opt/devkitPro/libctru/lib/libctru.a(gfx.o)
                0x00000000001031fc                gfxSwapBuffersGpu
 .text.__apt_initservicehandle
                0x000000000010321c       0x68 /opt/devkitPro/libctru/lib/libctru.a(apt.o)
 .text._aptDebug
                0x0000000000103284        0x4 /opt/devkitPro/libctru/lib/libctru.a(apt.o)
                0x0000000000103284                _aptDebug
 .text.aptInitCaptureInfo
                0x0000000000103288       0x98 /opt/devkitPro/libctru/lib/libctru.a(apt.o)
                0x0000000000103288                aptInitCaptureInfo
 .text.aptWaitStatusEvent
                0x0000000000103320       0x28 /opt/devkitPro/libctru/lib/libctru.a(apt.o)
                0x0000000000103320                aptWaitStatusEvent
 .text.aptGetMenuAppID
                0x0000000000103348       0x60 /opt/devkitPro/libctru/lib/libctru.a(apt.o)
                0x0000000000103348                aptGetMenuAppID
 .text.aptSetStatus
                0x00000000001033a8       0x6c /opt/devkitPro/libctru/lib/libctru.a(apt.o)
                0x00000000001033a8                aptSetStatus
 .text.APT_GetLockHandle
                0x0000000000103414       0x48 /opt/devkitPro/libctru/lib/libctru.a(apt.o)
                0x0000000000103414                APT_GetLockHandle
 .text.APT_Initialize
                0x000000000010345c       0x60 /opt/devkitPro/libctru/lib/libctru.a(apt.o)
                0x000000000010345c                APT_Initialize
 .text.APT_Finalize
                0x00000000001034bc       0x34 /opt/devkitPro/libctru/lib/libctru.a(apt.o)
                0x00000000001034bc                APT_Finalize
 .text.APT_InquireNotification
                0x00000000001034f0       0x48 /opt/devkitPro/libctru/lib/libctru.a(apt.o)
                0x00000000001034f0                APT_InquireNotification
 .text.APT_PrepareToJumpToHomeMenu
                0x0000000000103538       0x2c /opt/devkitPro/libctru/lib/libctru.a(apt.o)
                0x0000000000103538                APT_PrepareToJumpToHomeMenu
 .text.APT_JumpToHomeMenu
                0x0000000000103564       0x50 /opt/devkitPro/libctru/lib/libctru.a(apt.o)
                0x0000000000103564                APT_JumpToHomeMenu
 .text.APT_PrepareToJumpToApplication
                0x00000000001035b4       0x34 /opt/devkitPro/libctru/lib/libctru.a(apt.o)
                0x00000000001035b4                APT_PrepareToJumpToApplication
 .text.APT_JumpToApplication
                0x00000000001035e8       0x50 /opt/devkitPro/libctru/lib/libctru.a(apt.o)
                0x00000000001035e8                APT_JumpToApplication
 .text.APT_NotifyToWait
                0x0000000000103638       0x34 /opt/devkitPro/libctru/lib/libctru.a(apt.o)
                0x0000000000103638                APT_NotifyToWait
 .text.APT_AppletUtility
                0x000000000010366c       0x8c /opt/devkitPro/libctru/lib/libctru.a(apt.o)
                0x000000000010366c                APT_AppletUtility
 .text.aptAppletUtility_Exit_RetToApp
                0x00000000001036f8      0x188 /opt/devkitPro/libctru/lib/libctru.a(apt.o)
                0x00000000001036f8                aptAppletUtility_Exit_RetToApp
 .text.aptAppletClosed
                0x0000000000103880       0x3c /opt/devkitPro/libctru/lib/libctru.a(apt.o)
                0x0000000000103880                aptAppletClosed
 .text.aptAppStarted
                0x00000000001038bc      0x114 /opt/devkitPro/libctru/lib/libctru.a(apt.o)
 .text.aptInit  0x00000000001039d0      0x298 /opt/devkitPro/libctru/lib/libctru.a(apt.o)
                0x00000000001039d0                aptInit
 .text.APT_ReceiveParameter
                0x0000000000103c68       0x6c /opt/devkitPro/libctru/lib/libctru.a(apt.o)
                0x0000000000103c68                APT_ReceiveParameter
 .text.APT_SendParameter
                0x0000000000103cd4       0x64 /opt/devkitPro/libctru/lib/libctru.a(apt.o)
                0x0000000000103cd4                APT_SendParameter
 .text.APT_SendCaptureBufferInfo
                0x0000000000103d38       0x44 /opt/devkitPro/libctru/lib/libctru.a(apt.o)
                0x0000000000103d38                APT_SendCaptureBufferInfo
 .text.aptReturnToMenu
                0x0000000000103d7c      0x264 /opt/devkitPro/libctru/lib/libctru.a(apt.o)
                0x0000000000103d7c                aptReturnToMenu
 .text.APT_ReplySleepQuery
                0x0000000000103fe0       0x38 /opt/devkitPro/libctru/lib/libctru.a(apt.o)
                0x0000000000103fe0                APT_ReplySleepQuery
 .text.APT_ReplySleepNotificationComplete
                0x0000000000104018       0x34 /opt/devkitPro/libctru/lib/libctru.a(apt.o)
                0x0000000000104018                APT_ReplySleepNotificationComplete
 .text.aptEventHandler
                0x000000000010404c      0x418 /opt/devkitPro/libctru/lib/libctru.a(apt.o)
                0x000000000010404c                aptEventHandler
 .text.APT_PrepareToCloseApplication
                0x0000000000104464       0x34 /opt/devkitPro/libctru/lib/libctru.a(apt.o)
                0x0000000000104464                APT_PrepareToCloseApplication
 .text.APT_CloseApplication
                0x0000000000104498       0x50 /opt/devkitPro/libctru/lib/libctru.a(apt.o)
                0x0000000000104498                APT_CloseApplication
 .text.aptExit  0x00000000001044e8      0x2d0 /opt/devkitPro/libctru/lib/libctru.a(apt.o)
                0x00000000001044e8                aptExit
 .text.APT_CheckNew3DS_System
                0x00000000001047b8       0x6c /opt/devkitPro/libctru/lib/libctru.a(apt.o)
                0x00000000001047b8                APT_CheckNew3DS_System
 .text.APT_CheckNew3DS
                0x0000000000104824       0x8c /opt/devkitPro/libctru/lib/libctru.a(apt.o)
                0x0000000000104824                APT_CheckNew3DS
 .text.APT_StartLibraryApplet
                0x00000000001048b0       0x54 /opt/devkitPro/libctru/lib/libctru.a(apt.o)
                0x00000000001048b0                APT_StartLibraryApplet
 .text.aptAppletStarted
                0x0000000000104904      0x174 /opt/devkitPro/libctru/lib/libctru.a(apt.o)
                0x0000000000104904                aptAppletStarted
 .text.aptMainLoop
                0x0000000000104a78      0x1a4 /opt/devkitPro/libctru/lib/libctru.a(apt.o)
                0x0000000000104a78                aptMainLoop
 .text.gspEventThreadMain
                0x0000000000104c1c      0x124 /opt/devkitPro/libctru/lib/libctru.a(gspgpu.o)
 .text.gspInit  0x0000000000104d40       0x74 /opt/devkitPro/libctru/lib/libctru.a(gspgpu.o)
                0x0000000000104d40                gspInit
 .text.gspExit  0x0000000000104db4       0x3c /opt/devkitPro/libctru/lib/libctru.a(gspgpu.o)
                0x0000000000104db4                gspExit
 .text.gspInitEventHandler
                0x0000000000104df0       0xd0 /opt/devkitPro/libctru/lib/libctru.a(gspgpu.o)
                0x0000000000104df0                gspInitEventHandler
 .text.gspExitEventHandler
                0x0000000000104ec0       0x5c /opt/devkitPro/libctru/lib/libctru.a(gspgpu.o)
                0x0000000000104ec0                gspExitEventHandler
 .text.gspWaitForEvent
                0x0000000000104f1c       0x58 /opt/devkitPro/libctru/lib/libctru.a(gspgpu.o)
                0x0000000000104f1c                gspWaitForEvent
 .text.GSPGPU_SetBufferSwap
                0x0000000000104f74       0x6c /opt/devkitPro/libctru/lib/libctru.a(gspgpu.o)
                0x0000000000104f74                GSPGPU_SetBufferSwap
 .text.GSPGPU_FlushDataCache
                0x0000000000104fe0       0x4c /opt/devkitPro/libctru/lib/libctru.a(gspgpu.o)
                0x0000000000104fe0                GSPGPU_FlushDataCache
 .text.GSPGPU_SetLcdForceBlack
                0x000000000010502c       0x34 /opt/devkitPro/libctru/lib/libctru.a(gspgpu.o)
                0x000000000010502c                GSPGPU_SetLcdForceBlack
 .text.GSPGPU_RegisterInterruptRelayQueue
                0x0000000000105060       0x64 /opt/devkitPro/libctru/lib/libctru.a(gspgpu.o)
                0x0000000000105060                GSPGPU_RegisterInterruptRelayQueue
 .text.GSPGPU_UnregisterInterruptRelayQueue
                0x00000000001050c4       0x2c /opt/devkitPro/libctru/lib/libctru.a(gspgpu.o)
                0x00000000001050c4                GSPGPU_UnregisterInterruptRelayQueue
 .text.GSPGPU_AcquireRight
                0x00000000001050f0       0x48 /opt/devkitPro/libctru/lib/libctru.a(gspgpu.o)
                0x00000000001050f0                GSPGPU_AcquireRight
 .text.GSPGPU_ReleaseRight
                0x0000000000105138       0x2c /opt/devkitPro/libctru/lib/libctru.a(gspgpu.o)
                0x0000000000105138                GSPGPU_ReleaseRight
 .text.GSPGPU_ImportDisplayCaptureInfo
                0x0000000000105164       0x80 /opt/devkitPro/libctru/lib/libctru.a(gspgpu.o)
                0x0000000000105164                GSPGPU_ImportDisplayCaptureInfo
 .text.GSPGPU_SaveVramSysArea
                0x00000000001051e4       0x2c /opt/devkitPro/libctru/lib/libctru.a(gspgpu.o)
                0x00000000001051e4                GSPGPU_SaveVramSysArea
 .text.GSPGPU_RestoreVramSysArea
                0x0000000000105210       0x2c /opt/devkitPro/libctru/lib/libctru.a(gspgpu.o)
                0x0000000000105210                GSPGPU_RestoreVramSysArea
 .text.hidExit  0x000000000010523c       0xd8 /opt/devkitPro/libctru/lib/libctru.a(hid.o)
                0x000000000010523c                hidExit
 .text.hidScanInput
                0x0000000000105314      0x238 /opt/devkitPro/libctru/lib/libctru.a(hid.o)
                0x0000000000105314                hidScanInput
 .text.hidKeysDown
                0x000000000010554c       0x10 /opt/devkitPro/libctru/lib/libctru.a(hid.o)
                0x000000000010554c                hidKeysDown
 .text.HIDUSER_GetHandles
                0x000000000010555c       0x90 /opt/devkitPro/libctru/lib/libctru.a(hid.o)
                0x000000000010555c                HIDUSER_GetHandles
 .text.hidInit  0x00000000001055ec      0x184 /opt/devkitPro/libctru/lib/libctru.a(hid.o)
                0x00000000001055ec                hidInit
 .text.irrstScanInput
                0x0000000000105770       0xb0 /opt/devkitPro/libctru/lib/libctru.a(irrst.o)
                0x0000000000105770                irrstScanInput
 .text.irrstKeysHeld
                0x0000000000105820       0x1c /opt/devkitPro/libctru/lib/libctru.a(irrst.o)
                0x0000000000105820                irrstKeysHeld
 .text.IRRST_GetHandles
                0x000000000010583c       0x50 /opt/devkitPro/libctru/lib/libctru.a(irrst.o)
                0x000000000010583c                IRRST_GetHandles
 .text.irrstInit
                0x000000000010588c      0x148 /opt/devkitPro/libctru/lib/libctru.a(irrst.o)
                0x000000000010588c                irrstInit
 .text.IRRST_Shutdown
                0x00000000001059d4       0x2c /opt/devkitPro/libctru/lib/libctru.a(irrst.o)
                0x00000000001059d4                IRRST_Shutdown
 .text.irrstExit
                0x0000000000105a00       0xb0 /opt/devkitPro/libctru/lib/libctru.a(irrst.o)
                0x0000000000105a00                irrstExit
 .text.__system_initArgv
                0x0000000000105ab0       0xf4 /opt/devkitPro/libctru/lib/libctru.a(initArgv.o)
                0x0000000000105ab0                __system_initArgv
 .text.__libctru_init
                0x0000000000105ba4       0x38 /opt/devkitPro/libctru/lib/libctru.a(initSystem.o)
                0x0000000000105ba4                __libctru_init
 .text.__ctru_get_reent
                0x0000000000105bdc       0x30 /opt/devkitPro/libctru/lib/libctru.a(syscalls.o)
 .text.__system_initSyscalls
                0x0000000000105c0c       0xe8 /opt/devkitPro/libctru/lib/libctru.a(syscalls.o)
                0x0000000000105c0c                __system_initSyscalls
 .text.svcControlMemory
                0x0000000000105cf4       0x20 /opt/devkitPro/libctru/lib/libctru.a(svc.o)
                0x0000000000105cf4                svcControlMemory
 .text.svcExitProcess
                0x0000000000105d14        0x8 /opt/devkitPro/libctru/lib/libctru.a(svc.o)
                0x0000000000105d14                svcExitProcess
 .text.svcCreateThread
                0x0000000000105d1c       0x20 /opt/devkitPro/libctru/lib/libctru.a(svc.o)
                0x0000000000105d1c                svcCreateThread
 .text.svcExitThread
                0x0000000000105d3c        0x8 /opt/devkitPro/libctru/lib/libctru.a(svc.o)
                0x0000000000105d3c                svcExitThread
 .text.svcCreateEvent
                0x0000000000105d44       0x14 /opt/devkitPro/libctru/lib/libctru.a(svc.o)
                0x0000000000105d44                svcCreateEvent
 .text.svcSignalEvent
                0x0000000000105d58        0x8 /opt/devkitPro/libctru/lib/libctru.a(svc.o)
                0x0000000000105d58                svcSignalEvent
 .text.svcClearEvent
                0x0000000000105d60        0x8 /opt/devkitPro/libctru/lib/libctru.a(svc.o)
                0x0000000000105d60                svcClearEvent
 .text.svcMapMemoryBlock
                0x0000000000105d68        0x8 /opt/devkitPro/libctru/lib/libctru.a(svc.o)
                0x0000000000105d68                svcMapMemoryBlock
 .text.svcUnmapMemoryBlock
                0x0000000000105d70        0x8 /opt/devkitPro/libctru/lib/libctru.a(svc.o)
                0x0000000000105d70                svcUnmapMemoryBlock
 .text.svcCreateAddressArbiter
                0x0000000000105d78       0x14 /opt/devkitPro/libctru/lib/libctru.a(svc.o)
                0x0000000000105d78                svcCreateAddressArbiter
 .text.svcArbitrateAddress
                0x0000000000105d8c       0x18 /opt/devkitPro/libctru/lib/libctru.a(svc.o)
                0x0000000000105d8c                svcArbitrateAddress
 .text.svcCloseHandle
                0x0000000000105da4        0x8 /opt/devkitPro/libctru/lib/libctru.a(svc.o)
                0x0000000000105da4                svcCloseHandle
 .text.svcWaitSynchronization
                0x0000000000105dac        0x8 /opt/devkitPro/libctru/lib/libctru.a(svc.o)
                0x0000000000105dac                svcWaitSynchronization
 .text.svcWaitSynchronizationN
                0x0000000000105db4       0x28 /opt/devkitPro/libctru/lib/libctru.a(svc.o)
                0x0000000000105db4                svcWaitSynchronizationN
 .text.svcDuplicateHandle
                0x0000000000105ddc       0x14 /opt/devkitPro/libctru/lib/libctru.a(svc.o)
                0x0000000000105ddc                svcDuplicateHandle
 .text.svcGetSystemTick
                0x0000000000105df0        0x8 /opt/devkitPro/libctru/lib/libctru.a(svc.o)
                0x0000000000105df0                svcGetSystemTick
 .text.svcGetSystemInfo
                0x0000000000105df8       0x18 /opt/devkitPro/libctru/lib/libctru.a(svc.o)
                0x0000000000105df8                svcGetSystemInfo
 .text.svcConnectToPort
                0x0000000000105e10       0x14 /opt/devkitPro/libctru/lib/libctru.a(svc.o)
                0x0000000000105e10                svcConnectToPort
 .text.svcSendSyncRequest
                0x0000000000105e24        0x8 /opt/devkitPro/libctru/lib/libctru.a(svc.o)
                0x0000000000105e24                svcSendSyncRequest
 .text.svcBreak
                0x0000000000105e2c        0x8 /opt/devkitPro/libctru/lib/libctru.a(svc.o)
                0x0000000000105e2c                svcBreak
 .text.svcOutputDebugString
                0x0000000000105e34        0x8 /opt/devkitPro/libctru/lib/libctru.a(svc.o)
                0x0000000000105e34                svcOutputDebugString
 .text._ZL21addrMapNodeComparatorPK11rbtree_nodeS1_
                0x0000000000105e3c       0x24 /opt/devkitPro/libctru/lib/libctru.a(linear.o)
 .text._ZL21addrMapNodeDestructorP11rbtree_node
                0x0000000000105e60        0x4 /opt/devkitPro/libctru/lib/libctru.a(linear.o)
 .text.linearMemAlign
                0x0000000000105e64      0x140 /opt/devkitPro/libctru/lib/libctru.a(linear.o)
                0x0000000000105e64                linearMemAlign
 .text.linearAlloc
                0x0000000000105fa4        0x8 /opt/devkitPro/libctru/lib/libctru.a(linear.o)
                0x0000000000105fa4                linearAlloc
 .text.linearFree
                0x0000000000105fac       0x50 /opt/devkitPro/libctru/lib/libctru.a(linear.o)
                0x0000000000105fac                linearFree
 .text._ZL21addrMapNodeComparatorPK11rbtree_nodeS1_
                0x0000000000105ffc       0x24 /opt/devkitPro/libctru/lib/libctru.a(mappable.o)
 .text._ZL21addrMapNodeDestructorP11rbtree_node
                0x0000000000106020        0x4 /opt/devkitPro/libctru/lib/libctru.a(mappable.o)
 .text.mappableAlloc
                0x0000000000106024       0xf4 /opt/devkitPro/libctru/lib/libctru.a(mappable.o)
                0x0000000000106024                mappableAlloc
 .text.mappableFree
                0x0000000000106118       0x50 /opt/devkitPro/libctru/lib/libctru.a(mappable.o)
                0x0000000000106118                mappableFree
 .text._ZN7MemPool13CoalesceRightEP8MemBlock
                0x0000000000106168       0xa0 /opt/devkitPro/libctru/lib/libctru.a(mem_pool.o)
                0x0000000000106168                MemPool::CoalesceRight(MemBlock*)
 .text._ZN7MemPool8AllocateER8MemChunkmi
                0x0000000000106208      0x18c /opt/devkitPro/libctru/lib/libctru.a(mem_pool.o)
                0x0000000000106208                MemPool::Allocate(MemChunk&, unsigned long, int)
 .text._ZN7MemPool10DeallocateERK8MemChunk
                0x0000000000106394      0x104 /opt/devkitPro/libctru/lib/libctru.a(mem_pool.o)
                0x0000000000106394                MemPool::Deallocate(MemChunk const&)
 .text._ZL21addrMapNodeComparatorPK11rbtree_nodeS1_
                0x0000000000106498       0x24 /opt/devkitPro/libctru/lib/libctru.a(vram.o)
 .text._ZL21addrMapNodeDestructorP11rbtree_node
                0x00000000001064bc        0x4 /opt/devkitPro/libctru/lib/libctru.a(vram.o)
 .text.vramMemAlign
                0x00000000001064c0      0x130 /opt/devkitPro/libctru/lib/libctru.a(vram.o)
                0x00000000001064c0                vramMemAlign
 .text.vramAlloc
                0x00000000001065f0        0x8 /opt/devkitPro/libctru/lib/libctru.a(vram.o)
                0x00000000001065f0                vramAlloc
 .text.vramFree
                0x00000000001065f8       0x50 /opt/devkitPro/libctru/lib/libctru.a(vram.o)
                0x00000000001065f8                vramFree
 .text.envGetHandle
                0x0000000000106648       0x94 /opt/devkitPro/libctru/lib/libctru.a(env.o)
                0x0000000000106648                envGetHandle
 .text.envDestroyHandles
                0x00000000001066dc       0x4c /opt/devkitPro/libctru/lib/libctru.a(env.o)
                0x00000000001066dc                envDestroyHandles
 .text.getSysTime
                0x0000000000106728       0x58 /opt/devkitPro/libctru/lib/libctru.a(os.o)
 .text.osGetMemRegionUsed
                0x0000000000106780       0x24 /opt/devkitPro/libctru/lib/libctru.a(os.o)
                0x0000000000106780                osGetMemRegionUsed
 *fill*         0x00000000001067a4        0x4 
 .text.__libctru_gtod
                0x00000000001067a8       0xf8 /opt/devkitPro/libctru/lib/libctru.a(os.o)
                0x00000000001067a8                __libctru_gtod
 .text.__ctru_speedup_config
                0x00000000001068a0       0x34 /opt/devkitPro/libctru/lib/libctru.a(os.o)
                0x00000000001068a0                __ctru_speedup_config
 .text.srvExit  0x00000000001068d4       0x50 /opt/devkitPro/libctru/lib/libctru.a(srv.o)
                0x00000000001068d4                srvExit
 .text.srvRegisterClient
                0x0000000000106924       0x38 /opt/devkitPro/libctru/lib/libctru.a(srv.o)
                0x0000000000106924                srvRegisterClient
 .text.srvInit  0x000000000010695c       0x70 /opt/devkitPro/libctru/lib/libctru.a(srv.o)
                0x000000000010695c                srvInit
 .text.srvGetServiceHandleDirect
                0x00000000001069cc       0x68 /opt/devkitPro/libctru/lib/libctru.a(srv.o)
                0x00000000001069cc                srvGetServiceHandleDirect
 .text.srvGetServiceHandle
                0x0000000000106a34       0x38 /opt/devkitPro/libctru/lib/libctru.a(srv.o)
                0x0000000000106a34                srvGetServiceHandle
 .text.LightLock_Unlock.part.1
                0x0000000000106a6c       0x34 /opt/devkitPro/libctru/lib/libctru.a(synchronization.o)
 .text.__sync_init
                0x0000000000106aa0        0xc /opt/devkitPro/libctru/lib/libctru.a(synchronization.o)
                0x0000000000106aa0                __sync_init
 .text.__sync_fini
                0x0000000000106aac       0x18 /opt/devkitPro/libctru/lib/libctru.a(synchronization.o)
                0x0000000000106aac                __sync_fini
 .text.LightLock_Init
                0x0000000000106ac4       0x18 /opt/devkitPro/libctru/lib/libctru.a(synchronization.o)
                0x0000000000106ac4                LightLock_Init
 .text.LightLock_Lock
                0x0000000000106adc       0x94 /opt/devkitPro/libctru/lib/libctru.a(synchronization.o)
                0x0000000000106adc                LightLock_Lock
 .text.LightLock_TryLock
                0x0000000000106b70       0x34 /opt/devkitPro/libctru/lib/libctru.a(synchronization.o)
                0x0000000000106b70                LightLock_TryLock
 .text.LightLock_Unlock
                0x0000000000106ba4       0x20 /opt/devkitPro/libctru/lib/libctru.a(synchronization.o)
                0x0000000000106ba4                LightLock_Unlock
 .text.RecursiveLock_Init
                0x0000000000106bc4       0x24 /opt/devkitPro/libctru/lib/libctru.a(synchronization.o)
                0x0000000000106bc4                RecursiveLock_Init
 .text.RecursiveLock_Lock
                0x0000000000106be8       0x30 /opt/devkitPro/libctru/lib/libctru.a(synchronization.o)
                0x0000000000106be8                RecursiveLock_Lock
 .text.RecursiveLock_TryLock
                0x0000000000106c18       0x58 /opt/devkitPro/libctru/lib/libctru.a(synchronization.o)
                0x0000000000106c18                RecursiveLock_TryLock
 .text.RecursiveLock_Unlock
                0x0000000000106c70       0x38 /opt/devkitPro/libctru/lib/libctru.a(synchronization.o)
                0x0000000000106c70                RecursiveLock_Unlock
 .text.threadCreate
                0x0000000000106ca8      0x1c8 /opt/devkitPro/libctru/lib/libctru.a(thread.o)
                0x0000000000106ca8                threadCreate
 .text.threadJoin
                0x0000000000106e70       0x24 /opt/devkitPro/libctru/lib/libctru.a(thread.o)
                0x0000000000106e70                threadJoin
 .text.threadExit
                0x0000000000106e94       0x6c /opt/devkitPro/libctru/lib/libctru.a(thread.o)
                0x0000000000106e94                threadExit
 .text._thread_begin
                0x0000000000106f00       0x3c /opt/devkitPro/libctru/lib/libctru.a(thread.o)
 .text.ptmSysmInit
                0x0000000000106f3c       0x70 /opt/devkitPro/libctru/lib/libctru.a(ptmsysm.o)
                0x0000000000106f3c                ptmSysmInit
 .text.ptmSysmExit
                0x0000000000106fac       0x34 /opt/devkitPro/libctru/lib/libctru.a(ptmsysm.o)
                0x0000000000106fac                ptmSysmExit
 .text.PTMSYSM_ConfigureNew3DSCPU
                0x0000000000106fe0       0x34 /opt/devkitPro/libctru/lib/libctru.a(ptmsysm.o)
                0x0000000000106fe0                PTMSYSM_ConfigureNew3DSCPU
 .text.rbtree_find
                0x0000000000107014       0x70 /opt/devkitPro/libctru/lib/libctru.a(rbtree_find.o)
                0x0000000000107014                rbtree_find
 .text.rbtree_init
                0x0000000000107084       0x14 /opt/devkitPro/libctru/lib/libctru.a(rbtree_init.o)
                0x0000000000107084                rbtree_init
 .text.do_insert
                0x0000000000107098      0x1d4 /opt/devkitPro/libctru/lib/libctru.a(rbtree_insert.o)
 .text.rbtree_insert
                0x000000000010726c        0x8 /opt/devkitPro/libctru/lib/libctru.a(rbtree_insert.o)
                0x000000000010726c                rbtree_insert
 .text.rbtree_remove
                0x0000000000107274      0x35c /opt/devkitPro/libctru/lib/libctru.a(rbtree_remove.o)
                0x0000000000107274                rbtree_remove
 .text.rbtree_rotate
                0x00000000001075d0       0xac /opt/devkitPro/libctru/lib/libctru.a(rbtree_rotate.o)
                0x00000000001075d0                rbtree_rotate
 .text.osGetMemRegionSize
                0x000000000010767c       0x58 /opt/devkitPro/libctru/lib/libctru.a(allocateHeaps.o)
 .text.__system_allocateHeaps
                0x00000000001076d4      0x124 /opt/devkitPro/libctru/lib/libctru.a(allocateHeaps.o)
                0x00000000001076d4                __system_allocateHeaps
 .text.__appExit
                0x00000000001077f8       0x1c /opt/devkitPro/libctru/lib/libctru.a(appExit.o)
                0x00000000001077f8                __appExit
 .text.__appInit
                0x0000000000107814       0x1c /opt/devkitPro/libctru/lib/libctru.a(appInit.o)
                0x0000000000107814                __appInit
 .text.__libctru_exit
                0x0000000000107830       0xa4 /opt/devkitPro/libctru/lib/libctru.a(ctru_exit.o)
                0x0000000000107830                __libctru_exit
 .text.sdmc_link
                0x00000000001078d4       0x10 /opt/devkitPro/libctru/lib/libctru.a(sdmc_dev.o)
 .text.sdmc_dirreset
                0x00000000001078e4       0x10 /opt/devkitPro/libctru/lib/libctru.a(sdmc_dev.o)
 .text.sdmc_chmod
                0x00000000001078f4       0x10 /opt/devkitPro/libctru/lib/libctru.a(sdmc_dev.o)
 .text.sdmc_fchmod
                0x0000000000107904       0x10 /opt/devkitPro/libctru/lib/libctru.a(sdmc_dev.o)
 .text.error_cmp
                0x0000000000107914       0x24 /opt/devkitPro/libctru/lib/libctru.a(sdmc_dev.o)
 .text.sdmc_translate_error
                0x0000000000107938       0x50 /opt/devkitPro/libctru/lib/libctru.a(sdmc_dev.o)
 .text.sdmc_fsync
                0x0000000000107988       0x34 /opt/devkitPro/libctru/lib/libctru.a(sdmc_dev.o)
 .text.sdmc_ftruncate
                0x00000000001079bc       0x54 /opt/devkitPro/libctru/lib/libctru.a(sdmc_dev.o)
 .text.sdmc_statvfs
                0x0000000000107a10       0xac /opt/devkitPro/libctru/lib/libctru.a(sdmc_dev.o)
 .text.sdmc_dirclose
                0x0000000000107abc       0x38 /opt/devkitPro/libctru/lib/libctru.a(sdmc_dev.o)
 .text.sdmc_dirnext
                0x0000000000107af4      0x13c /opt/devkitPro/libctru/lib/libctru.a(sdmc_dev.o)
 .text.sdmc_close
                0x0000000000107c30       0x34 /opt/devkitPro/libctru/lib/libctru.a(sdmc_dev.o)
 .text.sdmc_fstat
                0x0000000000107c64       0x74 /opt/devkitPro/libctru/lib/libctru.a(sdmc_dev.o)
 .text.sdmc_seek
                0x0000000000107cd8       0xc0 /opt/devkitPro/libctru/lib/libctru.a(sdmc_dev.o)
 .text.sdmc_read
                0x0000000000107d98       0x8c /opt/devkitPro/libctru/lib/libctru.a(sdmc_dev.o)
 .text.sdmc_write_safe
                0x0000000000107e24      0x110 /opt/devkitPro/libctru/lib/libctru.a(sdmc_dev.o)
 .text.sdmc_utf16path
                0x0000000000107f34      0x1b4 /opt/devkitPro/libctru/lib/libctru.a(sdmc_dev.o)
 .text.sdmc_rmdir
                0x00000000001080e8       0x74 /opt/devkitPro/libctru/lib/libctru.a(sdmc_dev.o)
 .text.sdmc_diropen
                0x000000000010815c       0xa8 /opt/devkitPro/libctru/lib/libctru.a(sdmc_dev.o)
 .text.sdmc_chdir
                0x0000000000108204       0xa0 /opt/devkitPro/libctru/lib/libctru.a(sdmc_dev.o)
 .text.sdmc_mkdir
                0x00000000001082a4       0x98 /opt/devkitPro/libctru/lib/libctru.a(sdmc_dev.o)
 .text.sdmc_rename
                0x000000000010833c      0x108 /opt/devkitPro/libctru/lib/libctru.a(sdmc_dev.o)
 .text.sdmc_unlink
                0x0000000000108444       0x74 /opt/devkitPro/libctru/lib/libctru.a(sdmc_dev.o)
 .text.sdmc_stat
                0x00000000001084b8      0x108 /opt/devkitPro/libctru/lib/libctru.a(sdmc_dev.o)
 .text.sdmc_open
                0x00000000001085c0      0x188 /opt/devkitPro/libctru/lib/libctru.a(sdmc_dev.o)
 .text.sdmcInit
                0x0000000000108748      0x15c /opt/devkitPro/libctru/lib/libctru.a(sdmc_dev.o)
                0x0000000000108748                sdmcInit
 .text.sdmcExit
                0x00000000001088a4       0x54 /opt/devkitPro/libctru/lib/libctru.a(sdmc_dev.o)
                0x00000000001088a4                sdmcExit
 .text.fsSessionForArchive.part.0
                0x00000000001088f8       0x28 /opt/devkitPro/libctru/lib/libctru.a(fs.o)
 .text.fsInit   0x0000000000108920       0xcc /opt/devkitPro/libctru/lib/libctru.a(fs.o)
                0x0000000000108920                fsInit
 .text.fsExit   0x00000000001089ec       0x38 /opt/devkitPro/libctru/lib/libctru.a(fs.o)
                0x00000000001089ec                fsExit
 .text.fsExemptFromSession
                0x0000000000108a24       0x74 /opt/devkitPro/libctru/lib/libctru.a(fs.o)
                0x0000000000108a24                fsExemptFromSession
 .text.fsUnexemptFromSession
                0x0000000000108a98       0x54 /opt/devkitPro/libctru/lib/libctru.a(fs.o)
                0x0000000000108a98                fsUnexemptFromSession
 .text.FSUSER_OpenFile
                0x0000000000108aec       0xbc /opt/devkitPro/libctru/lib/libctru.a(fs.o)
                0x0000000000108aec                FSUSER_OpenFile
 .text.FSUSER_DeleteFile
                0x0000000000108ba8       0xa4 /opt/devkitPro/libctru/lib/libctru.a(fs.o)
                0x0000000000108ba8                FSUSER_DeleteFile
 .text.FSUSER_RenameFile
                0x0000000000108c4c       0xe0 /opt/devkitPro/libctru/lib/libctru.a(fs.o)
                0x0000000000108c4c                FSUSER_RenameFile
 .text.FSUSER_DeleteDirectory
                0x0000000000108d2c       0xa4 /opt/devkitPro/libctru/lib/libctru.a(fs.o)
                0x0000000000108d2c                FSUSER_DeleteDirectory
 .text.FSUSER_CreateFile
                0x0000000000108dd0       0xbc /opt/devkitPro/libctru/lib/libctru.a(fs.o)
                0x0000000000108dd0                FSUSER_CreateFile
 .text.FSUSER_CreateDirectory
                0x0000000000108e8c       0xac /opt/devkitPro/libctru/lib/libctru.a(fs.o)
                0x0000000000108e8c                FSUSER_CreateDirectory
 .text.FSUSER_RenameDirectory
                0x0000000000108f38       0xe0 /opt/devkitPro/libctru/lib/libctru.a(fs.o)
                0x0000000000108f38                FSUSER_RenameDirectory
 .text.FSUSER_OpenDirectory
                0x0000000000109018       0xa4 /opt/devkitPro/libctru/lib/libctru.a(fs.o)
                0x0000000000109018                FSUSER_OpenDirectory
 .text.FSUSER_OpenArchive
                0x00000000001090bc       0x9c /opt/devkitPro/libctru/lib/libctru.a(fs.o)
                0x00000000001090bc                FSUSER_OpenArchive
 .text.FSUSER_CloseArchive
                0x0000000000109158       0x74 /opt/devkitPro/libctru/lib/libctru.a(fs.o)
                0x0000000000109158                FSUSER_CloseArchive
 .text.FSUSER_GetSdmcArchiveResource
                0x00000000001091cc       0x78 /opt/devkitPro/libctru/lib/libctru.a(fs.o)
                0x00000000001091cc                FSUSER_GetSdmcArchiveResource
 .text.FSUSER_IsSdmcWritable
                0x0000000000109244       0x64 /opt/devkitPro/libctru/lib/libctru.a(fs.o)
                0x0000000000109244                FSUSER_IsSdmcWritable
 .text.FSFILE_Read
                0x00000000001092a8       0x5c /opt/devkitPro/libctru/lib/libctru.a(fs.o)
                0x00000000001092a8                FSFILE_Read
 .text.FSFILE_Write
                0x0000000000109304       0x64 /opt/devkitPro/libctru/lib/libctru.a(fs.o)
                0x0000000000109304                FSFILE_Write
 .text.FSFILE_GetSize
                0x0000000000109368       0x3c /opt/devkitPro/libctru/lib/libctru.a(fs.o)
                0x0000000000109368                FSFILE_GetSize
 .text.FSFILE_SetSize
                0x00000000001093a4       0x2c /opt/devkitPro/libctru/lib/libctru.a(fs.o)
                0x00000000001093a4                FSFILE_SetSize
 .text.FSFILE_Close
                0x00000000001093d0       0x3c /opt/devkitPro/libctru/lib/libctru.a(fs.o)
                0x00000000001093d0                FSFILE_Close
 .text.FSFILE_Flush
                0x000000000010940c       0x24 /opt/devkitPro/libctru/lib/libctru.a(fs.o)
                0x000000000010940c                FSFILE_Flush
 .text.FSDIR_Read
                0x0000000000109430       0x54 /opt/devkitPro/libctru/lib/libctru.a(fs.o)
                0x0000000000109430                FSDIR_Read
 .text.FSDIR_Close
                0x0000000000109484       0x3c /opt/devkitPro/libctru/lib/libctru.a(fs.o)
                0x0000000000109484                FSDIR_Close
 .text.rbtree_node_next
                0x00000000001094c0       0x8c /opt/devkitPro/libctru/lib/libctru.a(rbtree_iterator.o)
                0x00000000001094c0                rbtree_node_next
 .text.decode_utf8
                0x000000000010954c      0x138 /opt/devkitPro/libctru/lib/libctru.a(decode_utf8.o)
                0x000000000010954c                decode_utf8
 .text.utf16_to_utf8
                0x0000000000109684       0xe4 /opt/devkitPro/libctru/lib/libctru.a(utf16_to_utf8.o)
                0x0000000000109684                utf16_to_utf8
 .text.utf8_to_utf16
                0x0000000000109768       0xbc /opt/devkitPro/libctru/lib/libctru.a(utf8_to_utf16.o)
                0x0000000000109768                utf8_to_utf16
 .text.__aeabi_read_tp
                0x0000000000109824        0xc /opt/devkitPro/libctru/lib/libctru.a(readtp.o)
                0x0000000000109824                __aeabi_read_tp
 .text.decode_utf16
                0x0000000000109830       0x60 /opt/devkitPro/libctru/lib/libctru.a(decode_utf16.o)
                0x0000000000109830                decode_utf16
 .text.encode_utf16
                0x0000000000109890       0x68 /opt/devkitPro/libctru/lib/libctru.a(encode_utf16.o)
                0x0000000000109890                encode_utf16
 .text.encode_utf8
                0x00000000001098f8      0x104 /opt/devkitPro/libctru/lib/libctru.a(encode_utf8.o)
                0x00000000001098f8                encode_utf8
 .text.bsearch  0x00000000001099fc       0x78 /opt/devkitPro/devkitARM/bin/../lib/gcc/arm-none-eabi/5.3.0/../../../../arm-none-eabi/lib/armv6k/fpu/libg.a(lib_a-bsearch.o)
                0x00000000001099fc                bsearch
 .text.__errno  0x0000000000109a74        0xc /opt/devkitPro/devkitARM/bin/../lib/gcc/arm-none-eabi/5.3.0/../../../../arm-none-eabi/lib/armv6k/fpu/libg.a(lib_a-errno.o)
                0x0000000000109a74                __errno
 .text._fclose_r
                0x0000000000109a80      0x120 /opt/devkitPro/devkitARM/bin/../lib/gcc/arm-none-eabi/5.3.0/../../../../arm-none-eabi/lib/armv6k/fpu/libg.a(lib_a-fclose.o)
                0x0000000000109a80                _fclose_r
 .text.fclose   0x0000000000109ba0       0x18 /opt/devkitPro/devkitARM/bin/../lib/gcc/arm-none-eabi/5.3.0/../../../../arm-none-eabi/lib/armv6k/fpu/libg.a(lib_a-fclose.o)
                0x0000000000109ba0                fclose
 .text.__sflush_r
                0x0000000000109bb8      0x230 /opt/devkitPro/devkitARM/bin/../lib/gcc/arm-none-eabi/5.3.0/../../../../arm-none-eabi/lib/armv6k/fpu/libg.a(lib_a-fflush.o)
                0x0000000000109bb8                __sflush_r
 .text._fflush_r
                0x0000000000109de8       0x90 /opt/devkitPro/devkitARM/bin/../lib/gcc/arm-none-eabi/5.3.0/../../../../arm-none-eabi/lib/armv6k/fpu/libg.a(lib_a-fflush.o)
                0x0000000000109de8                _fflush_r
 .text.fflush   0x0000000000109e78       0x38 /opt/devkitPro/devkitARM/bin/../lib/gcc/arm-none-eabi/5.3.0/../../../../arm-none-eabi/lib/armv6k/fpu/libg.a(lib_a-fflush.o)
                0x0000000000109e78                fflush
 .text._cleanup_r
                0x0000000000109eb0        0xc /opt/devkitPro/devkitARM/bin/../lib/gcc/arm-none-eabi/5.3.0/../../../../arm-none-eabi/lib/armv6k/fpu/libg.a(lib_a-findfp.o)
                0x0000000000109eb0                _cleanup_r
 .text.std.isra.0
                0x0000000000109ebc       0x80 /opt/devkitPro/devkitARM/bin/../lib/gcc/arm-none-eabi/5.3.0/../../../../arm-none-eabi/lib/armv6k/fpu/libg.a(lib_a-findfp.o)
 .text.__sfmoreglue
                0x0000000000109f3c       0x48 /opt/devkitPro/devkitARM/bin/../lib/gcc/arm-none-eabi/5.3.0/../../../../arm-none-eabi/lib/armv6k/fpu/libg.a(lib_a-findfp.o)
                0x0000000000109f3c                __sfmoreglue
 .text.__sinit  0x0000000000109f84       0x8c /opt/devkitPro/devkitARM/bin/../lib/gcc/arm-none-eabi/5.3.0/../../../../arm-none-eabi/lib/armv6k/fpu/libg.a(lib_a-findfp.o)
                0x0000000000109f84                __sinit
 .text.__sfp    0x000000000010a010      0x11c /opt/devkitPro/devkitARM/bin/../lib/gcc/arm-none-eabi/5.3.0/../../../../arm-none-eabi/lib/armv6k/fpu/libg.a(lib_a-findfp.o)
                0x000000000010a010                __sfp
 .text.__sfp_lock_acquire
                0x000000000010a12c        0xc /opt/devkitPro/devkitARM/bin/../lib/gcc/arm-none-eabi/5.3.0/../../../../arm-none-eabi/lib/armv6k/fpu/libg.a(lib_a-findfp.o)
                0x000000000010a12c                __sfp_lock_acquire
 .text.__sfp_lock_release
                0x000000000010a138        0xc /opt/devkitPro/devkitARM/bin/../lib/gcc/arm-none-eabi/5.3.0/../../../../arm-none-eabi/lib/armv6k/fpu/libg.a(lib_a-findfp.o)
                0x000000000010a138                __sfp_lock_release
 .text.__libc_fini_array
                0x000000000010a144       0x3c /opt/devkitPro/devkitARM/bin/../lib/gcc/arm-none-eabi/5.3.0/../../../../arm-none-eabi/lib/armv6k/fpu/libg.a(lib_a-fini.o)
                0x000000000010a144                __libc_fini_array
 .text._fopen_r
                0x000000000010a180      0x13c /opt/devkitPro/devkitARM/bin/../lib/gcc/arm-none-eabi/5.3.0/../../../../arm-none-eabi/lib/armv6k/fpu/libg.a(lib_a-fopen.o)
                0x000000000010a180                _fopen_r
 .text.fopen    0x000000000010a2bc       0x20 /opt/devkitPro/devkitARM/bin/../lib/gcc/arm-none-eabi/5.3.0/../../../../arm-none-eabi/lib/armv6k/fpu/libg.a(lib_a-fopen.o)
                0x000000000010a2bc                fopen
 .text._fread_r
                0x000000000010a2dc      0x2ec /opt/devkitPro/devkitARM/bin/../lib/gcc/arm-none-eabi/5.3.0/../../../../arm-none-eabi/lib/armv6k/fpu/libg.a(lib_a-fread.o)
                0x000000000010a2dc                _fread_r
 .text.fread    0x000000000010a5c8       0x38 /opt/devkitPro/devkitARM/bin/../lib/gcc/arm-none-eabi/5.3.0/../../../../arm-none-eabi/lib/armv6k/fpu/libg.a(lib_a-fread.o)
                0x000000000010a5c8                fread
 .text._malloc_trim_r
                0x000000000010a600       0xf8 /opt/devkitPro/devkitARM/bin/../lib/gcc/arm-none-eabi/5.3.0/../../../../arm-none-eabi/lib/armv6k/fpu/libg.a(lib_a-freer.o)
                0x000000000010a600                _malloc_trim_r
 .text._free_r  0x000000000010a6f8      0x2e4 /opt/devkitPro/devkitARM/bin/../lib/gcc/arm-none-eabi/5.3.0/../../../../arm-none-eabi/lib/armv6k/fpu/libg.a(lib_a-freer.o)
                0x000000000010a6f8                _free_r
 .text._fseek_r
                0x000000000010a9dc        0x4 /opt/devkitPro/devkitARM/bin/../lib/gcc/arm-none-eabi/5.3.0/../../../../arm-none-eabi/lib/armv6k/fpu/libg.a(lib_a-fseek.o)
                0x000000000010a9dc                _fseek_r
 .text.fseek    0x000000000010a9e0       0x28 /opt/devkitPro/devkitARM/bin/../lib/gcc/arm-none-eabi/5.3.0/../../../../arm-none-eabi/lib/armv6k/fpu/libg.a(lib_a-fseek.o)
                0x000000000010a9e0                fseek
 .text._fseeko_r
                0x000000000010aa08      0x4f8 /opt/devkitPro/devkitARM/bin/../lib/gcc/arm-none-eabi/5.3.0/../../../../arm-none-eabi/lib/armv6k/fpu/libg.a(lib_a-fseeko.o)
                0x000000000010aa08                _fseeko_r
 .text._fwalk   0x000000000010af00       0x78 /opt/devkitPro/devkitARM/bin/../lib/gcc/arm-none-eabi/5.3.0/../../../../arm-none-eabi/lib/armv6k/fpu/libg.a(lib_a-fwalk.o)
                0x000000000010af00                _fwalk
 .text._fwalk_reent
                0x000000000010af78       0x80 /opt/devkitPro/devkitARM/bin/../lib/gcc/arm-none-eabi/5.3.0/../../../../arm-none-eabi/lib/armv6k/fpu/libg.a(lib_a-fwalk.o)
                0x000000000010af78                _fwalk_reent
 .text._fwrite_r
                0x000000000010aff8      0x118 /opt/devkitPro/devkitARM/bin/../lib/gcc/arm-none-eabi/5.3.0/../../../../arm-none-eabi/lib/armv6k/fpu/libg.a(lib_a-fwrite.o)
                0x000000000010aff8                _fwrite_r
 .text.fwrite   0x000000000010b110       0x38 /opt/devkitPro/devkitARM/bin/../lib/gcc/arm-none-eabi/5.3.0/../../../../arm-none-eabi/lib/armv6k/fpu/libg.a(lib_a-fwrite.o)
                0x000000000010b110                fwrite
 .text.__libc_init_array
                0x000000000010b148       0x78 /opt/devkitPro/devkitARM/bin/../lib/gcc/arm-none-eabi/5.3.0/../../../../arm-none-eabi/lib/armv6k/fpu/libg.a(lib_a-init.o)
                0x000000000010b148                __libc_init_array
 .text.__smakebuf_r
                0x000000000010b1c0      0x160 /opt/devkitPro/devkitARM/bin/../lib/gcc/arm-none-eabi/5.3.0/../../../../arm-none-eabi/lib/armv6k/fpu/libg.a(lib_a-makebuf.o)
                0x000000000010b1c0                __smakebuf_r
 .text.memalign
                0x000000000010b320       0x20 /opt/devkitPro/devkitARM/bin/../lib/gcc/arm-none-eabi/5.3.0/../../../../arm-none-eabi/lib/armv6k/fpu/libg.a(lib_a-malign.o)
                0x000000000010b320                memalign
 .text._memalign_r
                0x000000000010b340      0x15c /opt/devkitPro/devkitARM/bin/../lib/gcc/arm-none-eabi/5.3.0/../../../../arm-none-eabi/lib/armv6k/fpu/libg.a(lib_a-malignr.o)
                0x000000000010b340                _memalign_r
 .text.malloc   0x000000000010b49c       0x18 /opt/devkitPro/devkitARM/bin/../lib/gcc/arm-none-eabi/5.3.0/../../../../arm-none-eabi/lib/armv6k/fpu/libg.a(lib_a-malloc.o)
                0x000000000010b49c                malloc
 .text.free     0x000000000010b4b4       0x18 /opt/devkitPro/devkitARM/bin/../lib/gcc/arm-none-eabi/5.3.0/../../../../arm-none-eabi/lib/armv6k/fpu/libg.a(lib_a-malloc.o)
                0x000000000010b4b4                free
 .text._malloc_r
                0x000000000010b4cc      0x7a8 /opt/devkitPro/devkitARM/bin/../lib/gcc/arm-none-eabi/5.3.0/../../../../arm-none-eabi/lib/armv6k/fpu/libg.a(lib_a-mallocr.o)
                0x000000000010b4cc                _malloc_r
 .text.memcpy   0x000000000010bc74       0xf0 /opt/devkitPro/devkitARM/bin/../lib/gcc/arm-none-eabi/5.3.0/../../../../arm-none-eabi/lib/armv6k/fpu/libg.a(lib_a-memcpy.o)
                0x000000000010bc74                memcpy
 .text.memset   0x000000000010bd64       0xf4 /opt/devkitPro/devkitARM/bin/../lib/gcc/arm-none-eabi/5.3.0/../../../../arm-none-eabi/lib/armv6k/fpu/libg.a(lib_a-memset.o)
                0x000000000010bd64                memset
 .text.__malloc_lock
                0x000000000010be58        0xc /opt/devkitPro/devkitARM/bin/../lib/gcc/arm-none-eabi/5.3.0/../../../../arm-none-eabi/lib/armv6k/fpu/libg.a(lib_a-mlock.o)
                0x000000000010be58                __malloc_lock
 .text.__malloc_unlock
                0x000000000010be64        0xc /opt/devkitPro/devkitARM/bin/../lib/gcc/arm-none-eabi/5.3.0/../../../../arm-none-eabi/lib/armv6k/fpu/libg.a(lib_a-mlock.o)
                0x000000000010be64                __malloc_unlock
 .text.printf   0x000000000010be70       0x38 /opt/devkitPro/devkitARM/bin/../lib/gcc/arm-none-eabi/5.3.0/../../../../arm-none-eabi/lib/armv6k/fpu/libg.a(lib_a-printf.o)
                0x000000000010be70                printf
 .text._puts_r  0x000000000010bea8       0xec /opt/devkitPro/devkitARM/bin/../lib/gcc/arm-none-eabi/5.3.0/../../../../arm-none-eabi/lib/armv6k/fpu/libg.a(lib_a-puts.o)
                0x000000000010bea8                _puts_r
 .text.puts     0x000000000010bf94       0x18 /opt/devkitPro/devkitARM/bin/../lib/gcc/arm-none-eabi/5.3.0/../../../../arm-none-eabi/lib/armv6k/fpu/libg.a(lib_a-puts.o)
                0x000000000010bf94                puts
 .text.lflush   0x000000000010bfac       0x1c /opt/devkitPro/devkitARM/bin/../lib/gcc/arm-none-eabi/5.3.0/../../../../arm-none-eabi/lib/armv6k/fpu/libg.a(lib_a-refill.o)
 .text.__srefill_r
                0x000000000010bfc8      0x1d8 /opt/devkitPro/devkitARM/bin/../lib/gcc/arm-none-eabi/5.3.0/../../../../arm-none-eabi/lib/armv6k/fpu/libg.a(lib_a-refill.o)
                0x000000000010bfc8                __srefill_r
 .text.setvbuf  0x000000000010c1a0      0x1fc /opt/devkitPro/devkitARM/bin/../lib/gcc/arm-none-eabi/5.3.0/../../../../arm-none-eabi/lib/armv6k/fpu/libg.a(lib_a-setvbuf.o)
                0x000000000010c1a0                setvbuf
 .text.sscanf   0x000000000010c39c       0x74 /opt/devkitPro/devkitARM/bin/../lib/gcc/arm-none-eabi/5.3.0/../../../../arm-none-eabi/lib/armv6k/fpu/libg.a(lib_a-sscanf.o)
                0x000000000010c39c                sscanf
 .text.__sread  0x000000000010c410       0x30 /opt/devkitPro/devkitARM/bin/../lib/gcc/arm-none-eabi/5.3.0/../../../../arm-none-eabi/lib/armv6k/fpu/libg.a(lib_a-stdio.o)
                0x000000000010c410                __sread
 .text.__seofread
                0x000000000010c440        0x8 /opt/devkitPro/devkitARM/bin/../lib/gcc/arm-none-eabi/5.3.0/../../../../arm-none-eabi/lib/armv6k/fpu/libg.a(lib_a-stdio.o)
                0x000000000010c440                __seofread
 .text.__swrite
                0x000000000010c448       0x54 /opt/devkitPro/devkitARM/bin/../lib/gcc/arm-none-eabi/5.3.0/../../../../arm-none-eabi/lib/armv6k/fpu/libg.a(lib_a-stdio.o)
                0x000000000010c448                __swrite
 .text.__sseek  0x000000000010c49c       0x2c /opt/devkitPro/devkitARM/bin/../lib/gcc/arm-none-eabi/5.3.0/../../../../arm-none-eabi/lib/armv6k/fpu/libg.a(lib_a-stdio.o)
                0x000000000010c49c                __sseek
 .text.__sclose
                0x000000000010c4c8        0x8 /opt/devkitPro/devkitARM/bin/../lib/gcc/arm-none-eabi/5.3.0/../../../../arm-none-eabi/lib/armv6k/fpu/libg.a(lib_a-stdio.o)
                0x000000000010c4c8                __sclose
 .text.strchr   0x000000000010c4d0      0x15c /opt/devkitPro/devkitARM/bin/../lib/gcc/arm-none-eabi/5.3.0/../../../../arm-none-eabi/lib/armv6k/fpu/libg.a(lib_a-strchr.o)
                0x000000000010c4d0                strchr
 .text.strlen   0x000000000010c62c       0x5c /opt/devkitPro/devkitARM/bin/../lib/gcc/arm-none-eabi/5.3.0/../../../../arm-none-eabi/lib/armv6k/fpu/libg.a(lib_a-strlen.o)
                0x000000000010c62c                strlen
 .text.strncat  0x000000000010c688       0xa4 /opt/devkitPro/devkitARM/bin/../lib/gcc/arm-none-eabi/5.3.0/../../../../arm-none-eabi/lib/armv6k/fpu/libg.a(lib_a-strncat.o)
                0x000000000010c688                strncat
 .text.strncpy  0x000000000010c72c       0xe0 /opt/devkitPro/devkitARM/bin/../lib/gcc/arm-none-eabi/5.3.0/../../../../arm-none-eabi/lib/armv6k/fpu/libg.a(lib_a-strncpy.o)
                0x000000000010c72c                strncpy
 .text.__ssvfscanf_r
                0x000000000010c80c     0x2c20 /opt/devkitPro/devkitARM/bin/../lib/gcc/arm-none-eabi/5.3.0/../../../../arm-none-eabi/lib/armv6k/fpu/libg.a(lib_a-svfscanf.o)
                0x000000000010c80c                __ssvfscanf_r
 .text.unlink   0x000000000010f42c       0x18 /opt/devkitPro/devkitARM/bin/../lib/gcc/arm-none-eabi/5.3.0/../../../../arm-none-eabi/lib/armv6k/fpu/libg.a(lib_a-sysunlink.o)
                0x000000000010f42c                unlink
 .text.__sprint_r.part.0
                0x000000000010f444       0xa4 /opt/devkitPro/devkitARM/bin/../lib/gcc/arm-none-eabi/5.3.0/../../../../arm-none-eabi/lib/armv6k/fpu/libg.a(lib_a-vfiprintf.o)
 .text.__sprint_r
                0x000000000010f4e8       0x1c /opt/devkitPro/devkitARM/bin/../lib/gcc/arm-none-eabi/5.3.0/../../../../arm-none-eabi/lib/armv6k/fpu/libg.a(lib_a-vfiprintf.o)
                0x000000000010f4e8                __sprint_r
 .text.get_arg  0x000000000010f504     0x161c /opt/devkitPro/devkitARM/bin/../lib/gcc/arm-none-eabi/5.3.0/../../../../arm-none-eabi/lib/armv6k/fpu/libg.a(lib_a-vfprintf.o)
 .text._vfprintf_r
                0x0000000000110b20     0x4878 /opt/devkitPro/devkitARM/bin/../lib/gcc/arm-none-eabi/5.3.0/../../../../arm-none-eabi/lib/armv6k/fpu/libg.a(lib_a-vfprintf.o)
                0x0000000000110b20                _vfprintf_r
 .text.__sbprintf
                0x0000000000115398       0xcc /opt/devkitPro/devkitARM/bin/../lib/gcc/arm-none-eabi/5.3.0/../../../../arm-none-eabi/lib/armv6k/fpu/libg.a(lib_a-vfprintf.o)
 .text._wcrtomb_r
                0x0000000000115464       0x8c /opt/devkitPro/devkitARM/bin/../lib/gcc/arm-none-eabi/5.3.0/../../../../arm-none-eabi/lib/armv6k/fpu/libg.a(lib_a-wcrtomb.o)
                0x0000000000115464                _wcrtomb_r
 .text._wcsrtombs_r
                0x00000000001154f0       0x20 /opt/devkitPro/devkitARM/bin/../lib/gcc/arm-none-eabi/5.3.0/../../../../arm-none-eabi/lib/armv6k/fpu/libg.a(lib_a-wcsrtombs.o)
                0x00000000001154f0                _wcsrtombs_r
 .text.__utf8_wctomb
                0x0000000000115510      0x114 /opt/devkitPro/devkitARM/bin/../lib/gcc/arm-none-eabi/5.3.0/../../../../arm-none-eabi/lib/armv6k/fpu/libg.a(lib_a-wctomb_r.o)
                0x0000000000115510                __utf8_wctomb
 .text.__swsetup_r
                0x0000000000115624      0x148 /opt/devkitPro/devkitARM/bin/../lib/gcc/arm-none-eabi/5.3.0/../../../../arm-none-eabi/lib/armv6k/fpu/libg.a(lib_a-wsetup.o)
                0x0000000000115624                __swsetup_r
 .text.quorem   0x000000000011576c      0x1bc /opt/devkitPro/devkitARM/bin/../lib/gcc/arm-none-eabi/5.3.0/../../../../arm-none-eabi/lib/armv6k/fpu/libg.a(lib_a-dtoa.o)
 .text._dtoa_r  0x0000000000115928     0x12c8 /opt/devkitPro/devkitARM/bin/../lib/gcc/arm-none-eabi/5.3.0/../../../../arm-none-eabi/lib/armv6k/fpu/libg.a(lib_a-dtoa.o)
                0x0000000000115928                _dtoa_r
 .text.__sflags
                0x0000000000116bf0       0xb0 /opt/devkitPro/devkitARM/bin/../lib/gcc/arm-none-eabi/5.3.0/../../../../arm-none-eabi/lib/armv6k/fpu/libg.a(lib_a-flags.o)
                0x0000000000116bf0                __sflags
 .text.__fputwc
                0x0000000000116ca0      0x124 /opt/devkitPro/devkitARM/bin/../lib/gcc/arm-none-eabi/5.3.0/../../../../arm-none-eabi/lib/armv6k/fpu/libg.a(lib_a-fputwc.o)
                0x0000000000116ca0                __fputwc
 .text._fputwc_r
                0x0000000000116dc4       0xa8 /opt/devkitPro/devkitARM/bin/../lib/gcc/arm-none-eabi/5.3.0/../../../../arm-none-eabi/lib/armv6k/fpu/libg.a(lib_a-fputwc.o)
                0x0000000000116dc4                _fputwc_r
 .text.__sfvwrite_r
                0x0000000000116e6c      0x4a4 /opt/devkitPro/devkitARM/bin/../lib/gcc/arm-none-eabi/5.3.0/../../../../arm-none-eabi/lib/armv6k/fpu/libg.a(lib_a-fvwrite.o)
                0x0000000000116e6c                __sfvwrite_r
 .text.iswspace
                0x0000000000117310       0x74 /opt/devkitPro/devkitARM/bin/../lib/gcc/arm-none-eabi/5.3.0/../../../../arm-none-eabi/lib/armv6k/fpu/libg.a(lib_a-iswspace.o)
                0x0000000000117310                iswspace
 .text.__jp2uc  0x0000000000117384      0x204 /opt/devkitPro/devkitARM/bin/../lib/gcc/arm-none-eabi/5.3.0/../../../../arm-none-eabi/lib/armv6k/fpu/libg.a(lib_a-jp2uc.o)
 .text._jp2uc   0x0000000000117588       0x84 /opt/devkitPro/devkitARM/bin/../lib/gcc/arm-none-eabi/5.3.0/../../../../arm-none-eabi/lib/armv6k/fpu/libg.a(lib_a-jp2uc.o)
                0x0000000000117588                _jp2uc
 .text.__locale_charset
                0x000000000011760c        0xc /opt/devkitPro/devkitARM/bin/../lib/gcc/arm-none-eabi/5.3.0/../../../../arm-none-eabi/lib/armv6k/fpu/libg.a(lib_a-locale.o)
                0x000000000011760c                __locale_charset
 .text.__locale_mb_cur_max
                0x0000000000117618       0x10 /opt/devkitPro/devkitARM/bin/../lib/gcc/arm-none-eabi/5.3.0/../../../../arm-none-eabi/lib/armv6k/fpu/libg.a(lib_a-locale.o)
                0x0000000000117618                __locale_mb_cur_max
 .text._localeconv_r
                0x0000000000117628        0xc /opt/devkitPro/devkitARM/bin/../lib/gcc/arm-none-eabi/5.3.0/../../../../arm-none-eabi/lib/armv6k/fpu/libg.a(lib_a-locale.o)
                0x0000000000117628                _localeconv_r
 .text._mbrtowc_r
                0x0000000000117634       0x98 /opt/devkitPro/devkitARM/bin/../lib/gcc/arm-none-eabi/5.3.0/../../../../arm-none-eabi/lib/armv6k/fpu/libg.a(lib_a-mbrtowc.o)
                0x0000000000117634                _mbrtowc_r
 .text.__utf8_mbtowc
                0x00000000001176cc      0x2fc /opt/devkitPro/devkitARM/bin/../lib/gcc/arm-none-eabi/5.3.0/../../../../arm-none-eabi/lib/armv6k/fpu/libg.a(lib_a-mbtowc_r.o)
                0x00000000001176cc                __utf8_mbtowc
 .text.memchr   0x00000000001179c8      0x100 /opt/devkitPro/devkitARM/bin/../lib/gcc/arm-none-eabi/5.3.0/../../../../arm-none-eabi/lib/armv6k/fpu/libg.a(lib_a-memchr.o)
                0x00000000001179c8                memchr
 .text.memmove  0x0000000000117ac8      0x128 /opt/devkitPro/devkitARM/bin/../lib/gcc/arm-none-eabi/5.3.0/../../../../arm-none-eabi/lib/armv6k/fpu/libg.a(lib_a-memmove.o)
                0x0000000000117ac8                memmove
 .text._Balloc  0x0000000000117bf0       0x8c /opt/devkitPro/devkitARM/bin/../lib/gcc/arm-none-eabi/5.3.0/../../../../arm-none-eabi/lib/armv6k/fpu/libg.a(lib_a-mprec.o)
                0x0000000000117bf0                _Balloc
 .text._Bfree   0x0000000000117c7c       0x1c /opt/devkitPro/devkitARM/bin/../lib/gcc/arm-none-eabi/5.3.0/../../../../arm-none-eabi/lib/armv6k/fpu/libg.a(lib_a-mprec.o)
                0x0000000000117c7c                _Bfree
 .text.__multadd
                0x0000000000117c98       0xd0 /opt/devkitPro/devkitARM/bin/../lib/gcc/arm-none-eabi/5.3.0/../../../../arm-none-eabi/lib/armv6k/fpu/libg.a(lib_a-mprec.o)
                0x0000000000117c98                __multadd
 .text.__s2b    0x0000000000117d68       0xe4 /opt/devkitPro/devkitARM/bin/../lib/gcc/arm-none-eabi/5.3.0/../../../../arm-none-eabi/lib/armv6k/fpu/libg.a(lib_a-mprec.o)
                0x0000000000117d68                __s2b
 .text.__hi0bits
                0x0000000000117e4c       0x5c /opt/devkitPro/devkitARM/bin/../lib/gcc/arm-none-eabi/5.3.0/../../../../arm-none-eabi/lib/armv6k/fpu/libg.a(lib_a-mprec.o)
                0x0000000000117e4c                __hi0bits
 .text.__lo0bits
                0x0000000000117ea8       0x98 /opt/devkitPro/devkitARM/bin/../lib/gcc/arm-none-eabi/5.3.0/../../../../arm-none-eabi/lib/armv6k/fpu/libg.a(lib_a-mprec.o)
                0x0000000000117ea8                __lo0bits
 .text.__i2b    0x0000000000117f40       0x20 /opt/devkitPro/devkitARM/bin/../lib/gcc/arm-none-eabi/5.3.0/../../../../arm-none-eabi/lib/armv6k/fpu/libg.a(lib_a-mprec.o)
                0x0000000000117f40                __i2b
 .text.__multiply
                0x0000000000117f60      0x1dc /opt/devkitPro/devkitARM/bin/../lib/gcc/arm-none-eabi/5.3.0/../../../../arm-none-eabi/lib/armv6k/fpu/libg.a(lib_a-mprec.o)
                0x0000000000117f60                __multiply
 .text.__pow5mult
                0x000000000011813c      0x100 /opt/devkitPro/devkitARM/bin/../lib/gcc/arm-none-eabi/5.3.0/../../../../arm-none-eabi/lib/armv6k/fpu/libg.a(lib_a-mprec.o)
                0x000000000011813c                __pow5mult
 .text.__lshift
                0x000000000011823c       0xf0 /opt/devkitPro/devkitARM/bin/../lib/gcc/arm-none-eabi/5.3.0/../../../../arm-none-eabi/lib/armv6k/fpu/libg.a(lib_a-mprec.o)
                0x000000000011823c                __lshift
 .text.__mcmp   0x000000000011832c       0x64 /opt/devkitPro/devkitARM/bin/../lib/gcc/arm-none-eabi/5.3.0/../../../../arm-none-eabi/lib/armv6k/fpu/libg.a(lib_a-mprec.o)
                0x000000000011832c                __mcmp
 .text.__mdiff  0x0000000000118390      0x198 /opt/devkitPro/devkitARM/bin/../lib/gcc/arm-none-eabi/5.3.0/../../../../arm-none-eabi/lib/armv6k/fpu/libg.a(lib_a-mprec.o)
                0x0000000000118390                __mdiff
 .text.__ulp    0x0000000000118528       0x78 /opt/devkitPro/devkitARM/bin/../lib/gcc/arm-none-eabi/5.3.0/../../../../arm-none-eabi/lib/armv6k/fpu/libg.a(lib_a-mprec.o)
                0x0000000000118528                __ulp
 .text.__b2d    0x00000000001185a0       0xd4 /opt/devkitPro/devkitARM/bin/../lib/gcc/arm-none-eabi/5.3.0/../../../../arm-none-eabi/lib/armv6k/fpu/libg.a(lib_a-mprec.o)
                0x00000000001185a0                __b2d
 .text.__d2b    0x0000000000118674      0x104 /opt/devkitPro/devkitARM/bin/../lib/gcc/arm-none-eabi/5.3.0/../../../../arm-none-eabi/lib/armv6k/fpu/libg.a(lib_a-mprec.o)
                0x0000000000118674                __d2b
 .text.__ratio  0x0000000000118778       0x78 /opt/devkitPro/devkitARM/bin/../lib/gcc/arm-none-eabi/5.3.0/../../../../arm-none-eabi/lib/armv6k/fpu/libg.a(lib_a-mprec.o)
                0x0000000000118778                __ratio
 .text.__copybits
                0x00000000001187f0       0x6c /opt/devkitPro/devkitARM/bin/../lib/gcc/arm-none-eabi/5.3.0/../../../../arm-none-eabi/lib/armv6k/fpu/libg.a(lib_a-mprec.o)
                0x00000000001187f0                __copybits
 .text.__any_on
                0x000000000011885c       0x80 /opt/devkitPro/devkitARM/bin/../lib/gcc/arm-none-eabi/5.3.0/../../../../arm-none-eabi/lib/armv6k/fpu/libg.a(lib_a-mprec.o)
                0x000000000011885c                __any_on
 .text._realloc_r
                0x00000000001188dc      0x4c0 /opt/devkitPro/devkitARM/bin/../lib/gcc/arm-none-eabi/5.3.0/../../../../arm-none-eabi/lib/armv6k/fpu/libg.a(lib_a-reallocr.o)
                0x00000000001188dc                _realloc_r
 .text.__sccl   0x0000000000118d9c       0xd0 /opt/devkitPro/devkitARM/bin/../lib/gcc/arm-none-eabi/5.3.0/../../../../arm-none-eabi/lib/armv6k/fpu/libg.a(lib_a-sccl.o)
                0x0000000000118d9c                __sccl
 .text.nanf     0x0000000000118e6c        0xc /opt/devkitPro/devkitARM/bin/../lib/gcc/arm-none-eabi/5.3.0/../../../../arm-none-eabi/lib/armv6k/fpu/libg.a(lib_a-sf_nan.o)
                0x0000000000118e6c                nanf
 .text.__fpclassifyd
                0x0000000000118e78       0x74 /opt/devkitPro/devkitARM/bin/../lib/gcc/arm-none-eabi/5.3.0/../../../../arm-none-eabi/lib/armv6k/fpu/libg.a(lib_a-s_fpclassify.o)
                0x0000000000118e78                __fpclassifyd
 *fill*         0x0000000000118eec        0x4 
 .text.frexp    0x0000000000118ef0       0x98 /opt/devkitPro/devkitARM/bin/../lib/gcc/arm-none-eabi/5.3.0/../../../../arm-none-eabi/lib/armv6k/fpu/libg.a(lib_a-s_frexp.o)
                0x0000000000118ef0                frexp
 .text.sprintf  0x0000000000118f88       0x68 /opt/devkitPro/devkitARM/bin/../lib/gcc/arm-none-eabi/5.3.0/../../../../arm-none-eabi/lib/armv6k/fpu/libg.a(lib_a-sprintf.o)
                0x0000000000118f88                sprintf
 .text.stpncpy  0x0000000000118ff0      0x108 /opt/devkitPro/devkitARM/bin/../lib/gcc/arm-none-eabi/5.3.0/../../../../arm-none-eabi/lib/armv6k/fpu/libg.a(lib_a-stpncpy.o)
                0x0000000000118ff0                stpncpy
 .text.strncmp  0x00000000001190f8      0x11c /opt/devkitPro/devkitARM/bin/../lib/gcc/arm-none-eabi/5.3.0/../../../../arm-none-eabi/lib/armv6k/fpu/libg.a(lib_a-strncmp.o)
                0x00000000001190f8                strncmp
 .text.unlikely.sulp
                0x0000000000119214       0x58 /opt/devkitPro/devkitARM/bin/../lib/gcc/arm-none-eabi/5.3.0/../../../../arm-none-eabi/lib/armv6k/fpu/libg.a(lib_a-strtod.o)
 *fill*         0x000000000011926c        0x4 
 .text._strtod_r
                0x0000000000119270     0x1450 /opt/devkitPro/devkitARM/bin/../lib/gcc/arm-none-eabi/5.3.0/../../../../arm-none-eabi/lib/armv6k/fpu/libg.a(lib_a-strtod.o)
                0x0000000000119270                _strtod_r
 .text._strtoll_r
                0x000000000011a6c0      0x25c /opt/devkitPro/devkitARM/bin/../lib/gcc/arm-none-eabi/5.3.0/../../../../arm-none-eabi/lib/armv6k/fpu/libg.a(lib_a-strtoll_r.o)
                0x000000000011a6c0                _strtoll_r
 .text._strtol_r
                0x000000000011a91c      0x1d4 /opt/devkitPro/devkitARM/bin/../lib/gcc/arm-none-eabi/5.3.0/../../../../arm-none-eabi/lib/armv6k/fpu/libg.a(lib_a-strtol.o)
                0x000000000011a91c                _strtol_r
 .text._strtoull_r
                0x000000000011aaf0      0x268 /opt/devkitPro/devkitARM/bin/../lib/gcc/arm-none-eabi/5.3.0/../../../../arm-none-eabi/lib/armv6k/fpu/libg.a(lib_a-strtoull_r.o)
                0x000000000011aaf0                _strtoull_r
 .text._strtoul_r
                0x000000000011ad58      0x1d4 /opt/devkitPro/devkitARM/bin/../lib/gcc/arm-none-eabi/5.3.0/../../../../arm-none-eabi/lib/armv6k/fpu/libg.a(lib_a-strtoul.o)
                0x000000000011ad58                _strtoul_r
 .text.__ssprint_r
                0x000000000011af2c      0x1a8 /opt/devkitPro/devkitARM/bin/../lib/gcc/arm-none-eabi/5.3.0/../../../../arm-none-eabi/lib/armv6k/fpu/libg.a(lib_a-svfiprintf.o)
                0x000000000011af2c                __ssprint_r
 .text._sungetc_r
                0x000000000011b0d4       0xf8 /opt/devkitPro/devkitARM/bin/../lib/gcc/arm-none-eabi/5.3.0/../../../../arm-none-eabi/lib/armv6k/fpu/libg.a(lib_a-svfiscanf.o)
                0x000000000011b0d4                _sungetc_r
 .text.__ssrefill_r
                0x000000000011b1cc       0x6c /opt/devkitPro/devkitARM/bin/../lib/gcc/arm-none-eabi/5.3.0/../../../../arm-none-eabi/lib/armv6k/fpu/libg.a(lib_a-svfiscanf.o)
                0x000000000011b1cc                __ssrefill_r
 .text._sfread_r
                0x000000000011b238       0xc8 /opt/devkitPro/devkitARM/bin/../lib/gcc/arm-none-eabi/5.3.0/../../../../arm-none-eabi/lib/armv6k/fpu/libg.a(lib_a-svfiscanf.o)
                0x000000000011b238                _sfread_r
 .text.get_arg  0x000000000011b300     0x161c /opt/devkitPro/devkitARM/bin/../lib/gcc/arm-none-eabi/5.3.0/../../../../arm-none-eabi/lib/armv6k/fpu/libg.a(lib_a-svfprintf.o)
 *fill*         0x000000000011c91c        0x4 
 .text._svfprintf_r
                0x000000000011c920     0x4a00 /opt/devkitPro/devkitARM/bin/../lib/gcc/arm-none-eabi/5.3.0/../../../../arm-none-eabi/lib/armv6k/fpu/libg.a(lib_a-svfprintf.o)
                0x000000000011c920                _svfprintf_r
 .text.__submore
                0x0000000000121320       0xa8 /opt/devkitPro/devkitARM/bin/../lib/gcc/arm-none-eabi/5.3.0/../../../../arm-none-eabi/lib/armv6k/fpu/libg.a(lib_a-ungetc.o)
                0x0000000000121320                __submore
 .text.__swbuf_r
                0x00000000001213c8      0x124 /opt/devkitPro/devkitARM/bin/../lib/gcc/arm-none-eabi/5.3.0/../../../../arm-none-eabi/lib/armv6k/fpu/libg.a(lib_a-wbuf.o)
                0x00000000001213c8                __swbuf_r
 .text._wcsnrtombs_r
                0x00000000001214ec      0x190 /opt/devkitPro/devkitARM/bin/../lib/gcc/arm-none-eabi/5.3.0/../../../../arm-none-eabi/lib/armv6k/fpu/libg.a(lib_a-wcsnrtombs.o)
                0x00000000001214ec                _wcsnrtombs_r
 .text._calloc_r
                0x000000000012167c       0x90 /opt/devkitPro/devkitARM/bin/../lib/gcc/arm-none-eabi/5.3.0/../../../../arm-none-eabi/lib/armv6k/fpu/libg.a(lib_a-callocr.o)
                0x000000000012167c                _calloc_r
 .text.rshift   0x000000000012170c       0xec /opt/devkitPro/devkitARM/bin/../lib/gcc/arm-none-eabi/5.3.0/../../../../arm-none-eabi/lib/armv6k/fpu/libg.a(lib_a-gdtoa-gethex.o)
 .text.__gethex
                0x00000000001217f8      0x7d0 /opt/devkitPro/devkitARM/bin/../lib/gcc/arm-none-eabi/5.3.0/../../../../arm-none-eabi/lib/armv6k/fpu/libg.a(lib_a-gdtoa-gethex.o)
                0x00000000001217f8                __gethex
 .text.__hexnan
                0x0000000000121fc8      0x258 /opt/devkitPro/devkitARM/bin/../lib/gcc/arm-none-eabi/5.3.0/../../../../arm-none-eabi/lib/armv6k/fpu/libg.a(lib_a-gdtoa-hexnan.o)
                0x0000000000121fc8                __hexnan
 .text.strnlen  0x0000000000122220       0x5c /opt/devkitPro/devkitARM/bin/../lib/gcc/arm-none-eabi/5.3.0/../../../../arm-none-eabi/lib/armv6k/fpu/libg.a(lib_a-strnlen.o)
                0x0000000000122220                strnlen
 .text.strrchr  0x000000000012227c       0x44 /opt/devkitPro/devkitARM/bin/../lib/gcc/arm-none-eabi/5.3.0/../../../../arm-none-eabi/lib/armv6k/fpu/libg.a(lib_a-strrchr.o)
                0x000000000012227c                strrchr
 *(.glue_7)
 .glue_7        0x00000000001222c0        0x0 linker stubs
 *(.glue_7t)
 .glue_7t       0x00000000001222c0        0x0 linker stubs
 *(.stub)
 *(.gnu.warning)
 *(.gnu.linkonce.t*)
                0x00000000001222c0                . = ALIGN (0x4)
 *(.fini)
 .fini          0x00000000001222c0        0xc /opt/devkitPro/devkitARM/bin/../lib/gcc/arm-none-eabi/5.3.0/armv6k/fpu/crti.o
                0x00000000001222c0                _fini
 .fini          0x00000000001222cc        0xc /opt/devkitPro/devkitARM/bin/../lib/gcc/arm-none-eabi/5.3.0/armv6k/fpu/crtn.o
                0x00000000001222d8                . = ALIGN (0x4)

.vfp11_veneer   0x00000000001222d8        0x0
 .vfp11_veneer  0x00000000001222d8        0x0 linker stubs

.v4_bx          0x00000000001222d8        0x0
 .v4_bx         0x00000000001222d8        0x0 linker stubs

.iplt           0x00000000001222d8        0x0
 .iplt          0x00000000001222d8        0x0 /opt/devkitPro/devkitARM/bin/../lib/gcc/arm-none-eabi/5.3.0/../../../../arm-none-eabi/lib/armv6k/fpu/3dsx_crt0.o

.rodata         0x0000000000123000     0x5148
 *(.rodata)
 .rodata        0x0000000000123000      0x168 /opt/devkitPro/libctru/lib/libctru.a(console.o)
 .rodata        0x0000000000123168       0x1c /opt/devkitPro/libctru/lib/libctru.a(gfx.o)
 .rodata        0x0000000000123184        0xc /opt/devkitPro/libctru/lib/libctru.a(apt.o)
 .rodata        0x0000000000123190      0x804 /opt/devkitPro/libctru/lib/libctru.a(default_font.bin.o)
                0x0000000000123190                default_font_bin
                0x0000000000123990                default_font_bin_end
                0x0000000000123990                default_font_bin_size
 .rodata        0x0000000000123994       0x3c /opt/devkitPro/libctru/lib/libctru.a(sdmc_dev.o)
 .rodata        0x00000000001239d0       0x68 /opt/devkitPro/devkitARM/bin/../lib/gcc/arm-none-eabi/5.3.0/../../../../arm-none-eabi/lib/armv6k/fpu/libsysbase.a(iosupport.o)
                0x00000000001239d0                dotab_stdnull
 .rodata        0x0000000000123a38        0xc /opt/devkitPro/devkitARM/bin/../lib/gcc/arm-none-eabi/5.3.0/../../../../arm-none-eabi/lib/armv6k/fpu/libsysbase.a(chdir.o)
                0x0000000000123a38                DIRECTORY_PARENT
                0x0000000000123a3c                DIRECTORY_THIS
                0x0000000000123a40                DIRECTORY_SEPARATOR
 *(.roda)
 *(.rodata.*)
 .rodata.str1.4
                0x0000000000123a44      0xa1b main.o
                                        0xa20 (size before relaxing)
 *fill*         0x000000000012445f        0x1 
 .rodata.str1.4
                0x0000000000124460       0x70 /opt/devkitPro/libctru/lib/libctru.a(console.o)
 .rodata.str1.4
                0x00000000001244d0       0x16 /opt/devkitPro/libctru/lib/libctru.a(apt.o)
                                         0x18 (size before relaxing)
 *fill*         0x00000000001244e6        0x2 
 .rodata.str1.4
                0x00000000001244e8        0x9 /opt/devkitPro/libctru/lib/libctru.a(gspgpu.o)
                                          0xc (size before relaxing)
 *fill*         0x00000000001244f1        0x3 
 .rodata.str1.4
                0x00000000001244f4       0x15 /opt/devkitPro/libctru/lib/libctru.a(hid.o)
                                         0x18 (size before relaxing)
 *fill*         0x0000000000124509        0x3 
 .rodata.str1.4
                0x000000000012450c        0x7 /opt/devkitPro/libctru/lib/libctru.a(irrst.o)
                                          0x8 (size before relaxing)
 *fill*         0x0000000000124513        0x1 
 .rodata.str1.4
                0x0000000000124514        0x5 /opt/devkitPro/libctru/lib/libctru.a(srv.o)
                                          0x8 (size before relaxing)
 *fill*         0x0000000000124519        0x3 
 .rodata.str1.4
                0x000000000012451c        0x2 /opt/devkitPro/libctru/lib/libctru.a(thread.o)
                                          0x4 (size before relaxing)
 *fill*         0x000000000012451e        0x2 
 .rodata.str1.4
                0x0000000000124520        0x9 /opt/devkitPro/libctru/lib/libctru.a(ptmsysm.o)
                                          0xc (size before relaxing)
 *fill*         0x0000000000124529        0x3 
 .rodata.str1.4
                0x000000000012452c        0xd /opt/devkitPro/libctru/lib/libctru.a(sdmc_dev.o)
                                         0x14 (size before relaxing)
 *fill*         0x0000000000124539        0x3 
 .rodata.str1.4
                0x000000000012453c        0x8 /opt/devkitPro/libctru/lib/libctru.a(fs.o)
                                          0xc (size before relaxing)
 .rodata.str1.4
                0x0000000000124544        0x4 /opt/devkitPro/devkitARM/bin/../lib/gcc/arm-none-eabi/5.3.0/../../../../arm-none-eabi/lib/armv6k/fpu/libg.a(lib_a-impure.o)
 .rodata._global_impure_ptr
                0x0000000000124544        0x4 /opt/devkitPro/devkitARM/bin/../lib/gcc/arm-none-eabi/5.3.0/../../../../arm-none-eabi/lib/armv6k/fpu/libg.a(lib_a-impure.o)
                0x0000000000124544                _global_impure_ptr
 .rodata.str1.4
                0x0000000000124548        0x4 /opt/devkitPro/devkitARM/bin/../lib/gcc/arm-none-eabi/5.3.0/../../../../arm-none-eabi/lib/armv6k/fpu/libg.a(lib_a-puts.o)
 .rodata.basefix.7044
                0x0000000000124548       0x24 /opt/devkitPro/devkitARM/bin/../lib/gcc/arm-none-eabi/5.3.0/../../../../arm-none-eabi/lib/armv6k/fpu/libg.a(lib_a-svfscanf.o)
 .rodata.str1.4
                0x000000000012456c        0x5 /opt/devkitPro/devkitARM/bin/../lib/gcc/arm-none-eabi/5.3.0/../../../../arm-none-eabi/lib/armv6k/fpu/libg.a(lib_a-svfscanf.o)
                                          0x8 (size before relaxing)
 *fill*         0x0000000000124571        0x3 
 .rodata.zeroes.7138
                0x0000000000124574       0x10 /opt/devkitPro/devkitARM/bin/../lib/gcc/arm-none-eabi/5.3.0/../../../../arm-none-eabi/lib/armv6k/fpu/libg.a(lib_a-vfprintf.o)
 .rodata.str1.4
                0x0000000000124584       0x42 /opt/devkitPro/devkitARM/bin/../lib/gcc/arm-none-eabi/5.3.0/../../../../arm-none-eabi/lib/armv6k/fpu/libg.a(lib_a-vfprintf.o)
                                         0x44 (size before relaxing)
 *fill*         0x00000000001245c6        0x2 
 .rodata.blanks.7137
                0x00000000001245c8       0x10 /opt/devkitPro/devkitARM/bin/../lib/gcc/arm-none-eabi/5.3.0/../../../../arm-none-eabi/lib/armv6k/fpu/libg.a(lib_a-vfprintf.o)
 .rodata._ctype_
                0x00000000001245d8      0x104 /opt/devkitPro/devkitARM/bin/../lib/gcc/arm-none-eabi/5.3.0/../../../../arm-none-eabi/lib/armv6k/fpu/libg.a(lib_a-ctype_.o)
                0x00000000001245d8                _ctype_
 .rodata.str1.4
                0x00000000001246dc       0x10 /opt/devkitPro/devkitARM/bin/../lib/gcc/arm-none-eabi/5.3.0/../../../../arm-none-eabi/lib/armv6k/fpu/libg.a(lib_a-dtoa.o)
                                         0x14 (size before relaxing)
 .rodata.a1     0x00000000001246ec       0xbc /opt/devkitPro/devkitARM/bin/../lib/gcc/arm-none-eabi/5.3.0/../../../../arm-none-eabi/lib/armv6k/fpu/libg.a(lib_a-jp2uc.o)
 .rodata.a2     0x00000000001247a8       0xbc /opt/devkitPro/devkitARM/bin/../lib/gcc/arm-none-eabi/5.3.0/../../../../arm-none-eabi/lib/armv6k/fpu/libg.a(lib_a-jp2uc.o)
 .rodata.a3     0x0000000000124864       0x5c /opt/devkitPro/devkitARM/bin/../lib/gcc/arm-none-eabi/5.3.0/../../../../arm-none-eabi/lib/armv6k/fpu/libg.a(lib_a-jp2uc.o)
 .rodata.a6     0x00000000001248c0       0x70 /opt/devkitPro/devkitARM/bin/../lib/gcc/arm-none-eabi/5.3.0/../../../../arm-none-eabi/lib/armv6k/fpu/libg.a(lib_a-jp2uc.o)
 .rodata.a7     0x0000000000124930       0xa4 /opt/devkitPro/devkitARM/bin/../lib/gcc/arm-none-eabi/5.3.0/../../../../arm-none-eabi/lib/armv6k/fpu/libg.a(lib_a-jp2uc.o)
 .rodata.a8     0x00000000001249d4       0x40 /opt/devkitPro/devkitARM/bin/../lib/gcc/arm-none-eabi/5.3.0/../../../../arm-none-eabi/lib/armv6k/fpu/libg.a(lib_a-jp2uc.o)
 .rodata.str1.4
                0x0000000000124a14       0x12 /opt/devkitPro/devkitARM/bin/../lib/gcc/arm-none-eabi/5.3.0/../../../../arm-none-eabi/lib/armv6k/fpu/libg.a(lib_a-jp2uc.o)
                                         0x14 (size before relaxing)
 *fill*         0x0000000000124a26        0x2 
 .rodata.b02cf  0x0000000000124a28     0x172c /opt/devkitPro/devkitARM/bin/../lib/gcc/arm-none-eabi/5.3.0/../../../../arm-none-eabi/lib/armv6k/fpu/libg.a(lib_a-jp2uc.o)
 .rodata.d02f4  0x0000000000126154     0x1a7c /opt/devkitPro/devkitARM/bin/../lib/gcc/arm-none-eabi/5.3.0/../../../../arm-none-eabi/lib/armv6k/fpu/libg.a(lib_a-jp2uc.o)
 .rodata.str1.4
                0x0000000000127bd0      0x112 /opt/devkitPro/devkitARM/bin/../lib/gcc/arm-none-eabi/5.3.0/../../../../arm-none-eabi/lib/armv6k/fpu/libg.a(lib_a-locale.o)
                                        0x130 (size before relaxing)
 .rodata.str1.4
                0x0000000000127ce2        0x4 /opt/devkitPro/devkitARM/bin/../lib/gcc/arm-none-eabi/5.3.0/../../../../arm-none-eabi/lib/armv6k/fpu/libg.a(lib_a-mbrtowc.o)
 *fill*         0x0000000000127ce2        0x6 
 .rodata.__mprec_tens
                0x0000000000127ce8       0xc8 /opt/devkitPro/devkitARM/bin/../lib/gcc/arm-none-eabi/5.3.0/../../../../arm-none-eabi/lib/armv6k/fpu/libg.a(lib_a-mprec.o)
                0x0000000000127ce8                __mprec_tens
 .rodata.p05.5412
                0x0000000000127db0        0xc /opt/devkitPro/devkitARM/bin/../lib/gcc/arm-none-eabi/5.3.0/../../../../arm-none-eabi/lib/armv6k/fpu/libg.a(lib_a-mprec.o)
 *fill*         0x0000000000127dbc        0x4 
 .rodata.__mprec_bigtens
                0x0000000000127dc0       0x28 /opt/devkitPro/devkitARM/bin/../lib/gcc/arm-none-eabi/5.3.0/../../../../arm-none-eabi/lib/armv6k/fpu/libg.a(lib_a-mprec.o)
                0x0000000000127dc0                __mprec_bigtens
 .rodata.fpinan.5417
                0x0000000000127de8       0x14 /opt/devkitPro/devkitARM/bin/../lib/gcc/arm-none-eabi/5.3.0/../../../../arm-none-eabi/lib/armv6k/fpu/libg.a(lib_a-strtod.o)
 .rodata.str1.4
                0x0000000000127dfc        0xa /opt/devkitPro/devkitARM/bin/../lib/gcc/arm-none-eabi/5.3.0/../../../../arm-none-eabi/lib/armv6k/fpu/libg.a(lib_a-strtod.o)
                                         0x10 (size before relaxing)
 *fill*         0x0000000000127e06        0x2 
 .rodata.fpi.5381
                0x0000000000127e08       0x14 /opt/devkitPro/devkitARM/bin/../lib/gcc/arm-none-eabi/5.3.0/../../../../arm-none-eabi/lib/armv6k/fpu/libg.a(lib_a-strtod.o)
 *fill*         0x0000000000127e1c        0x4 
 .rodata.tinytens
                0x0000000000127e20       0x28 /opt/devkitPro/devkitARM/bin/../lib/gcc/arm-none-eabi/5.3.0/../../../../arm-none-eabi/lib/armv6k/fpu/libg.a(lib_a-strtod.o)
 .rodata.__state_table
                0x0000000000127e48       0x6c /opt/devkitPro/devkitARM/bin/../lib/gcc/arm-none-eabi/5.3.0/../../../../arm-none-eabi/lib/armv6k/fpu/libg.a(lib_a-svfiprintf.o)
                0x0000000000127e48                __state_table
 .rodata.__chclass
                0x0000000000127eb4      0x100 /opt/devkitPro/devkitARM/bin/../lib/gcc/arm-none-eabi/5.3.0/../../../../arm-none-eabi/lib/armv6k/fpu/libg.a(lib_a-svfiprintf.o)
                0x0000000000127eb4                __chclass
 .rodata.__action_table
                0x0000000000127fb4       0x6c /opt/devkitPro/devkitARM/bin/../lib/gcc/arm-none-eabi/5.3.0/../../../../arm-none-eabi/lib/armv6k/fpu/libg.a(lib_a-svfiprintf.o)
                0x0000000000127fb4                __action_table
 .rodata.blanks.7122
                0x0000000000128020       0x10 /opt/devkitPro/devkitARM/bin/../lib/gcc/arm-none-eabi/5.3.0/../../../../arm-none-eabi/lib/armv6k/fpu/libg.a(lib_a-svfprintf.o)
 .rodata.str1.4
                0x0000000000128030       0x44 /opt/devkitPro/devkitARM/bin/../lib/gcc/arm-none-eabi/5.3.0/../../../../arm-none-eabi/lib/armv6k/fpu/libg.a(lib_a-svfprintf.o)
 .rodata.zeroes.7123
                0x0000000000128030       0x10 /opt/devkitPro/devkitARM/bin/../lib/gcc/arm-none-eabi/5.3.0/../../../../arm-none-eabi/lib/armv6k/fpu/libg.a(lib_a-svfprintf.o)
 .rodata.__hexdig
                0x0000000000128040      0x100 /opt/devkitPro/devkitARM/bin/../lib/gcc/arm-none-eabi/5.3.0/../../../../arm-none-eabi/lib/armv6k/fpu/libg.a(lib_a-gdtoa-gethex.o)
                0x0000000000128040                __hexdig
 .rodata.str1.4
                0x0000000000128140        0x8 /opt/devkitPro/devkitARM/bin/../lib/gcc/arm-none-eabi/5.3.0/../../../../arm-none-eabi/lib/armv6k/fpu/libsysbase.a(iosupport.o)
 *all.rodata*(*)
 *(.gnu.linkonce.r*)
                0x0000000000128148                . = ALIGN (0x4)

.eh_frame       0x0000000000128148        0x0
 .eh_frame      0x0000000000128148        0x0 /opt/devkitPro/devkitARM/bin/../lib/gcc/arm-none-eabi/5.3.0/armv6k/fpu/crtbegin.o

.rel.dyn        0x0000000000128148        0x0
 .rel.iplt      0x0000000000128148        0x0 /opt/devkitPro/devkitARM/bin/../lib/gcc/arm-none-eabi/5.3.0/../../../../arm-none-eabi/lib/armv6k/fpu/3dsx_crt0.o

.ARM.extab
 *(.ARM.extab* .gnu.linkonce.armextab.*)
                0x0000000000128148                __exidx_start = .

ARM.exidx
 *(.ARM.exidx* .gnu.linkonce.armexidx.*)
                0x0000000000128148                __exidx_end = .

.data           0x0000000000129000     0x3120
 *(.data)
 .data          0x0000000000129000      0x2fc main.o
                0x0000000000129000                pokeSpec
 .data          0x00000000001292fc       0x54 /opt/devkitPro/libctru/lib/libctru.a(console.o)
                0x00000000001292fc                defaultConsole
                0x0000000000129348                currentConsole
 .data          0x0000000000129350        0xc /opt/devkitPro/libctru/lib/libctru.a(gfx.o)
 .data          0x000000000012935c        0x1 /opt/devkitPro/libctru/lib/libctru.a(apt.o)
 *fill*         0x000000000012935d        0x3 
 .data          0x0000000000129360        0x4 /opt/devkitPro/libctru/lib/libctru.a(stack_adjust.o)
                0x0000000000129360                __stacksize__
 .data          0x0000000000129364      0x46c /opt/devkitPro/libctru/lib/libctru.a(sdmc_dev.o)
 .data          0x00000000001297d0       0x44 /opt/devkitPro/devkitARM/bin/../lib/gcc/arm-none-eabi/5.3.0/../../../../arm-none-eabi/lib/armv6k/fpu/libsysbase.a(iosupport.o)
                0x00000000001297d4                devoptab_list
 .data          0x0000000000129814     0x1000 /opt/devkitPro/devkitARM/bin/../lib/gcc/arm-none-eabi/5.3.0/../../../../arm-none-eabi/lib/armv6k/fpu/libsysbase.a(chdir.o)
 .data          0x000000000012a814     0x1028 /opt/devkitPro/devkitARM/bin/../lib/gcc/arm-none-eabi/5.3.0/../../../../arm-none-eabi/lib/armv6k/fpu/libsysbase.a(handle_manager.o)
 *(.data.*)
 .data.__sfp_lock
                0x000000000012b83c        0xc /opt/devkitPro/devkitARM/bin/../lib/gcc/arm-none-eabi/5.3.0/../../../../arm-none-eabi/lib/armv6k/fpu/libg.a(lib_a-findfp.o)
 .data.__sinit_lock
                0x000000000012b848        0xc /opt/devkitPro/devkitARM/bin/../lib/gcc/arm-none-eabi/5.3.0/../../../../arm-none-eabi/lib/armv6k/fpu/libg.a(lib_a-findfp.o)
 *fill*         0x000000000012b854        0x4 
 .data.impure_data
                0x000000000012b858      0x440 /opt/devkitPro/devkitARM/bin/../lib/gcc/arm-none-eabi/5.3.0/../../../../arm-none-eabi/lib/armv6k/fpu/libg.a(lib_a-impure.o)
 .data._impure_ptr
                0x000000000012bc98        0x4 /opt/devkitPro/devkitARM/bin/../lib/gcc/arm-none-eabi/5.3.0/../../../../arm-none-eabi/lib/armv6k/fpu/libg.a(lib_a-impure.o)
                0x000000000012bc98                _impure_ptr
 .data.__malloc_av_
                0x000000000012bc9c      0x408 /opt/devkitPro/devkitARM/bin/../lib/gcc/arm-none-eabi/5.3.0/../../../../arm-none-eabi/lib/armv6k/fpu/libg.a(lib_a-mallocr.o)
                0x000000000012bc9c                __malloc_av_
 .data.__malloc_trim_threshold
                0x000000000012c0a4        0x4 /opt/devkitPro/devkitARM/bin/../lib/gcc/arm-none-eabi/5.3.0/../../../../arm-none-eabi/lib/armv6k/fpu/libg.a(lib_a-mallocr.o)
                0x000000000012c0a4                __malloc_trim_threshold
 .data.__malloc_sbrk_base
                0x000000000012c0a8        0x4 /opt/devkitPro/devkitARM/bin/../lib/gcc/arm-none-eabi/5.3.0/../../../../arm-none-eabi/lib/armv6k/fpu/libg.a(lib_a-mallocr.o)
                0x000000000012c0a8                __malloc_sbrk_base
 .data.__malloc_lock_object
                0x000000000012c0ac        0xc /opt/devkitPro/devkitARM/bin/../lib/gcc/arm-none-eabi/5.3.0/../../../../arm-none-eabi/lib/armv6k/fpu/libg.a(lib_a-mlock.o)
 .data.__wctomb
                0x000000000012c0b8        0x4 /opt/devkitPro/devkitARM/bin/../lib/gcc/arm-none-eabi/5.3.0/../../../../arm-none-eabi/lib/armv6k/fpu/libg.a(lib_a-wctomb_r.o)
                0x000000000012c0b8                __wctomb
 .data.__ctype_ptr__
                0x000000000012c0bc        0x4 /opt/devkitPro/devkitARM/bin/../lib/gcc/arm-none-eabi/5.3.0/../../../../arm-none-eabi/lib/armv6k/fpu/libg.a(lib_a-ctype_.o)
                0x000000000012c0bc                __ctype_ptr__
 .data.lconv    0x000000000012c0c0       0x38 /opt/devkitPro/devkitARM/bin/../lib/gcc/arm-none-eabi/5.3.0/../../../../arm-none-eabi/lib/armv6k/fpu/libg.a(lib_a-locale.o)
 .data.lc_ctype_charset
                0x000000000012c0f8       0x20 /opt/devkitPro/devkitARM/bin/../lib/gcc/arm-none-eabi/5.3.0/../../../../arm-none-eabi/lib/armv6k/fpu/libg.a(lib_a-locale.o)
 .data.__mb_cur_max